
TypeError: Cannot read properties of null (reading 'name')
    at RoomBattle.start (C:\Users\peter\OneDrive\Desktop\Program Files (x69)\Showdown\server\room-battle.ts:1171:33)
    at new RoomBattle (C:\Users\peter\OneDrive\Desktop\Program Files (x69)\Showdown\server\room-battle.ts:599:8)
    at Object.createBattle (C:\Users\peter\OneDrive\Desktop\Program Files (x69)\Showdown\server\rooms.ts:2245:11)
    at Function.match (C:\Users\peter\OneDrive\Desktop\Program Files (x69)\Showdown\server\ladders.ts:479:16)
    at Function.acceptChallenge (C:\Users\peter\OneDrive\Desktop\Program Files (x69)\Showdown\server\ladders.ts:227:19)
    at processTicksAndRejections (node:internal/process/task_queues:95:5)
    at CommandContext.accept [as handler] (C:\Users\peter\OneDrive\Desktop\Program Files (x69)\Showdown\server\chat-commands\core.ts:1523:20)

Additional information:
  user = peterkart55555
  room = undefined
  pmTarget = PeterKart4444
  message = /accept peterkart4444


Error: Rule "Cancel Mod" in "[Gen 9] PeterKart 192v192" already exists in "Standard NatDex"
    at DexFormats.getRuleTable (C:\Users\peter\OneDrive\Desktop\Program Files (x69)\Showdown\sim\dex-formats.ts:767:12)
    at GlobalRoomState.get formatListText [as formatListText] (C:\Users\peter\OneDrive\Desktop\Program Files (x69)\Showdown\server\rooms.ts:1472:34)
    at GlobalRoomState.handleConnect (C:\Users\peter\OneDrive\Desktop\Program Files (x69)\Showdown\server\rooms.ts:1727:80)
    at Object.socketConnect (C:\Users\peter\OneDrive\Desktop\Program Files (x69)\Showdown\server\users.ts:1668:15)
    at Object.onSpawn (C:\Users\peter\OneDrive\Desktop\Program Files (x69)\Showdown\server\sockets.ts:34:11)
    at processTicksAndRejections (node:internal/process/task_queues:95:5)

Error: Rule "!Obtainable" did nothing because "Obtainable" is not in effect
    at DexFormats.getRuleTable (C:\Users\peter\OneDrive\Desktop\Program Files (x69)\Showdown\sim\dex-formats.ts:698:12)
    at GlobalRoomState.get formatListText [as formatListText] (C:\Users\peter\OneDrive\Desktop\Program Files (x69)\Showdown\server\rooms.ts:1472:34)
    at GlobalRoomState.handleConnect (C:\Users\peter\OneDrive\Desktop\Program Files (x69)\Showdown\server\rooms.ts:1727:80)
    at Object.socketConnect (C:\Users\peter\OneDrive\Desktop\Program Files (x69)\Showdown\server\users.ts:1668:15)
    at Object.onSpawn (C:\Users\peter\OneDrive\Desktop\Program Files (x69)\Showdown\server\sockets.ts:34:11)
    at processTicksAndRejections (node:internal/process/task_queues:95:5)

Error: Rule "! Obtainable" did nothing because " Obtainable" is not in effect
    at DexFormats.getRuleTable (C:\Users\peter\OneDrive\Desktop\Program Files (x69)\Showdown\sim\dex-formats.ts:698:12)
    at GlobalRoomState.get formatListText [as formatListText] (C:\Users\peter\OneDrive\Desktop\Program Files (x69)\Showdown\server\rooms.ts:1472:34)
    at GlobalRoomState.handleConnect (C:\Users\peter\OneDrive\Desktop\Program Files (x69)\Showdown\server\rooms.ts:1727:80)
    at Object.socketConnect (C:\Users\peter\OneDrive\Desktop\Program Files (x69)\Showdown\server\users.ts:1668:15)
    at Object.onSpawn (C:\Users\peter\OneDrive\Desktop\Program Files (x69)\Showdown\server\sockets.ts:34:11)
    at processTicksAndRejections (node:internal/process/task_queues:95:5)

Error: Rule "! Obtainable" did nothing because " Obtainable" is not in effect
    at DexFormats.getRuleTable (C:\Users\peter\OneDrive\Desktop\Program Files (x69)\Showdown\sim\dex-formats.ts:698:12)
    at GlobalRoomState.get formatListText [as formatListText] (C:\Users\peter\OneDrive\Desktop\Program Files (x69)\Showdown\server\rooms.ts:1472:34)
    at GlobalRoomState.handleConnect (C:\Users\peter\OneDrive\Desktop\Program Files (x69)\Showdown\server\rooms.ts:1727:80)
    at Object.socketConnect (C:\Users\peter\OneDrive\Desktop\Program Files (x69)\Showdown\server\users.ts:1668:15)
    at Object.onSpawn (C:\Users\peter\OneDrive\Desktop\Program Files (x69)\Showdown\server\sockets.ts:34:11)
    at processTicksAndRejections (node:internal/process/task_queues:95:5)

Error: More than one thing matches "Metronome"; please specify one of: move:metronome, item:metronome
    at DexFormats.validateBanRule (C:\Users\peter\OneDrive\Desktop\Program Files (x69)\Showdown\sim\dex-formats.ts:952:10)
    at DexFormats.validateRule (C:\Users\peter\OneDrive\Desktop\Program Files (x69)\Showdown\sim\dex-formats.ts:877:33)
    at DexFormats.getRuleTable (C:\Users\peter\OneDrive\Desktop\Program Files (x69)\Showdown\sim\dex-formats.ts:679:26)
    at GlobalRoomState.get formatListText [as formatListText] (C:\Users\peter\OneDrive\Desktop\Program Files (x69)\Showdown\server\rooms.ts:1472:34)
    at GlobalRoomState.handleConnect (C:\Users\peter\OneDrive\Desktop\Program Files (x69)\Showdown\server\rooms.ts:1727:80)
    at Object.socketConnect (C:\Users\peter\OneDrive\Desktop\Program Files (x69)\Showdown\server\users.ts:1668:15)
    at Object.onSpawn (C:\Users\peter\OneDrive\Desktop\Program Files (x69)\Showdown\server\sockets.ts:34:11)
    at processTicksAndRejections (node:internal/process/task_queues:95:5)

Error: Unrecognized rule "Custom"
    at DexFormats.validateRule (C:\Users\peter\OneDrive\Desktop\Program Files (x69)\Showdown\sim\dex-formats.ts:883:11)
    at DexFormats.getRuleTable (C:\Users\peter\OneDrive\Desktop\Program Files (x69)\Showdown\sim\dex-formats.ts:679:26)
    at GlobalRoomState.get formatListText [as formatListText] (C:\Users\peter\OneDrive\Desktop\Program Files (x69)\Showdown\server\rooms.ts:1472:34)
    at GlobalRoomState.handleConnect (C:\Users\peter\OneDrive\Desktop\Program Files (x69)\Showdown\server\rooms.ts:1727:80)
    at Object.socketConnect (C:\Users\peter\OneDrive\Desktop\Program Files (x69)\Showdown\server\users.ts:1668:15)
    at Object.onSpawn (C:\Users\peter\OneDrive\Desktop\Program Files (x69)\Showdown\server\sockets.ts:34:11)
    at processTicksAndRejections (node:internal/process/task_queues:95:5)

Error: EV limits should be in the format "EV Limits = Atk 0-124 / Def 100-252"
    at C:\Users\peter\OneDrive\Desktop\Program Files (x69)\Showdown\data\rulesets.ts:598:12
    at Array.map (<anonymous>)
    at Object.onValidateRule (C:\Users\peter\OneDrive\Desktop\Program Files (x69)\Showdown\data\rulesets.ts:594:24)
    at DexFormats.getRuleTable (C:\Users\peter\OneDrive\Desktop\Program Files (x69)\Showdown\sim\dex-formats.ts:840:45)
    at GlobalRoomState.get formatListText [as formatListText] (C:\Users\peter\OneDrive\Desktop\Program Files (x69)\Showdown\server\rooms.ts:1472:34)
    at GlobalRoomState.handleConnect (C:\Users\peter\OneDrive\Desktop\Program Files (x69)\Showdown\server\rooms.ts:1727:80)
    at Object.socketConnect (C:\Users\peter\OneDrive\Desktop\Program Files (x69)\Showdown\server\users.ts:1668:15)
    at Object.onSpawn (C:\Users\peter\OneDrive\Desktop\Program Files (x69)\Showdown\server\sockets.ts:34:11)
    at processTicksAndRejections (node:internal/process/task_queues:95:5)

Error: Unrecognized rule "EV limit: 510"
    at DexFormats.validateRule (C:\Users\peter\OneDrive\Desktop\Program Files (x69)\Showdown\sim\dex-formats.ts:883:11)
    at DexFormats.getRuleTable (C:\Users\peter\OneDrive\Desktop\Program Files (x69)\Showdown\sim\dex-formats.ts:679:26)
    at GlobalRoomState.get formatListText [as formatListText] (C:\Users\peter\OneDrive\Desktop\Program Files (x69)\Showdown\server\rooms.ts:1472:34)
    at GlobalRoomState.handleConnect (C:\Users\peter\OneDrive\Desktop\Program Files (x69)\Showdown\server\rooms.ts:1727:80)
    at Object.socketConnect (C:\Users\peter\OneDrive\Desktop\Program Files (x69)\Showdown\server\users.ts:1668:15)
    at Object.onSpawn (C:\Users\peter\OneDrive\Desktop\Program Files (x69)\Showdown\server\sockets.ts:34:11)
    at processTicksAndRejections (node:internal/process/task_queues:95:5)

Error: Unrecognized rule "EV Limit: 510"
    at DexFormats.validateRule (C:\Users\peter\OneDrive\Desktop\Program Files (x69)\Showdown\sim\dex-formats.ts:883:11)
    at DexFormats.getRuleTable (C:\Users\peter\OneDrive\Desktop\Program Files (x69)\Showdown\sim\dex-formats.ts:679:26)
    at GlobalRoomState.get formatListText [as formatListText] (C:\Users\peter\OneDrive\Desktop\Program Files (x69)\Showdown\server\rooms.ts:1472:34)
    at GlobalRoomState.handleConnect (C:\Users\peter\OneDrive\Desktop\Program Files (x69)\Showdown\server\rooms.ts:1727:80)
    at Object.socketConnect (C:\Users\peter\OneDrive\Desktop\Program Files (x69)\Showdown\server\users.ts:1668:15)
    at Object.onSpawn (C:\Users\peter\OneDrive\Desktop\Program Files (x69)\Showdown\server\sockets.ts:34:11)
    at processTicksAndRejections (node:internal/process/task_queues:95:5)

Error: IPC channel is already disconnected
    at ChildProcess.target.disconnect (node:internal/child_process:905:26)
    at QueryProcessWrapper.destroy (C:\Users\peter\OneDrive\Desktop\Program Files (x69)\Showdown\lib\process-manager.ts:203:16)
    at QueryProcessWrapper.release (C:\Users\peter\OneDrive\Desktop\Program Files (x69)\Showdown\lib\process-manager.ts:189:9)
    at QueryProcessManager.releaseCrashed (C:\Users\peter\OneDrive\Desktop\Program Files (x69)\Showdown\lib\process-manager.ts:455:16)
    at ChildProcess.<anonymous> (C:\Users\peter\OneDrive\Desktop\Program Files (x69)\Showdown\lib\process-manager.ts:512:47)
    at ChildProcess.emit (node:events:518:28)
    at ChildProcess.emit (node:domain:488:12)
    at finish (node:internal/child_process:935:14)
    at processTicksAndRejections (node:internal/process/task_queues:77:11)

Error: IPC channel is already disconnected
    at ChildProcess.target.disconnect (node:internal/child_process:905:26)
    at QueryProcessWrapper.destroy (C:\Users\peter\OneDrive\Desktop\Program Files (x69)\Showdown\lib\process-manager.ts:203:16)
    at QueryProcessWrapper.release (C:\Users\peter\OneDrive\Desktop\Program Files (x69)\Showdown\lib\process-manager.ts:189:9)
    at QueryProcessManager.releaseCrashed (C:\Users\peter\OneDrive\Desktop\Program Files (x69)\Showdown\lib\process-manager.ts:455:16)
    at ChildProcess.<anonymous> (C:\Users\peter\OneDrive\Desktop\Program Files (x69)\Showdown\lib\process-manager.ts:512:47)
    at ChildProcess.emit (node:events:518:28)
    at ChildProcess.emit (node:domain:488:12)
    at finish (node:internal/child_process:935:14)
    at processTicksAndRejections (node:internal/process/task_queues:77:11)

Error: IPC channel is already disconnected
    at ChildProcess.target.disconnect (node:internal/child_process:905:26)
    at QueryProcessWrapper.destroy (C:\Users\peter\OneDrive\Desktop\Program Files (x69)\Showdown\lib\process-manager.ts:203:16)
    at QueryProcessWrapper.release (C:\Users\peter\OneDrive\Desktop\Program Files (x69)\Showdown\lib\process-manager.ts:189:9)
    at QueryProcessManager.releaseCrashed (C:\Users\peter\OneDrive\Desktop\Program Files (x69)\Showdown\lib\process-manager.ts:455:16)
    at ChildProcess.<anonymous> (C:\Users\peter\OneDrive\Desktop\Program Files (x69)\Showdown\lib\process-manager.ts:512:47)
    at ChildProcess.emit (node:events:518:28)
    at ChildProcess.emit (node:domain:488:12)
    at finish (node:internal/child_process:935:14)
    at processTicksAndRejections (node:internal/process/task_queues:77:11)

Error: IPC channel is already disconnected
    at ChildProcess.target.disconnect (node:internal/child_process:905:26)
    at QueryProcessWrapper.destroy (C:\Users\peter\OneDrive\Desktop\Program Files (x69)\Showdown\lib\process-manager.ts:203:16)
    at QueryProcessWrapper.release (C:\Users\peter\OneDrive\Desktop\Program Files (x69)\Showdown\lib\process-manager.ts:189:9)
    at SQLDatabaseManager.releaseCrashed (C:\Users\peter\OneDrive\Desktop\Program Files (x69)\Showdown\lib\process-manager.ts:455:16)
    at ChildProcess.<anonymous> (C:\Users\peter\OneDrive\Desktop\Program Files (x69)\Showdown\lib\process-manager.ts:512:47)
    at ChildProcess.emit (node:events:518:28)
    at ChildProcess.emit (node:domain:488:12)
    at finish (node:internal/child_process:935:14)
    at processTicksAndRejections (node:internal/process/task_queues:77:11)

Error: IPC channel is already disconnected
    at ChildProcess.target.disconnect (node:internal/child_process:905:26)
    at QueryProcessWrapper.destroy (C:\Users\peter\OneDrive\Desktop\Program Files (x69)\Showdown\lib\process-manager.ts:203:16)
    at QueryProcessWrapper.release (C:\Users\peter\OneDrive\Desktop\Program Files (x69)\Showdown\lib\process-manager.ts:189:9)
    at QueryProcessManager.releaseCrashed (C:\Users\peter\OneDrive\Desktop\Program Files (x69)\Showdown\lib\process-manager.ts:455:16)
    at ChildProcess.<anonymous> (C:\Users\peter\OneDrive\Desktop\Program Files (x69)\Showdown\lib\process-manager.ts:512:47)
    at ChildProcess.emit (node:events:518:28)
    at ChildProcess.emit (node:domain:488:12)
    at finish (node:internal/child_process:935:14)
    at processTicksAndRejections (node:internal/process/task_queues:77:11)

Error: IPC channel is already disconnected
    at ChildProcess.target.disconnect (node:internal/child_process:905:26)
    at QueryProcessWrapper.destroy (C:\Users\peter\OneDrive\Desktop\Program Files (x69)\Showdown\lib\process-manager.ts:203:16)
    at QueryProcessWrapper.release (C:\Users\peter\OneDrive\Desktop\Program Files (x69)\Showdown\lib\process-manager.ts:189:9)
    at QueryProcessManager.releaseCrashed (C:\Users\peter\OneDrive\Desktop\Program Files (x69)\Showdown\lib\process-manager.ts:455:16)
    at ChildProcess.<anonymous> (C:\Users\peter\OneDrive\Desktop\Program Files (x69)\Showdown\lib\process-manager.ts:512:47)
    at ChildProcess.emit (node:events:518:28)
    at ChildProcess.emit (node:domain:488:12)
    at finish (node:internal/child_process:935:14)
    at processTicksAndRejections (node:internal/process/task_queues:77:11)

Error: IPC channel is already disconnected
    at ChildProcess.target.disconnect (node:internal/child_process:905:26)
    at StreamProcessWrapper.destroy (C:\Users\peter\OneDrive\Desktop\Program Files (x69)\Showdown\lib\process-manager.ts:320:16)
    at StreamProcessWrapper.release (C:\Users\peter\OneDrive\Desktop\Program Files (x69)\Showdown\lib\process-manager.ts:306:14)
    at StreamProcessManager.releaseCrashed (C:\Users\peter\OneDrive\Desktop\Program Files (x69)\Showdown\lib\process-manager.ts:455:16)
    at ChildProcess.<anonymous> (C:\Users\peter\OneDrive\Desktop\Program Files (x69)\Showdown\lib\process-manager.ts:512:47)
    at ChildProcess.emit (node:events:518:28)
    at ChildProcess.emit (node:domain:488:12)
    at finish (node:internal/child_process:935:14)
    at processTicksAndRejections (node:internal/process/task_queues:77:11)

TypeError: Cannot read properties of null (reading 'then')
    at RawProcessManager.releaseCrashed (C:\Users\peter\OneDrive\Desktop\Program Files (x69)\Showdown\lib\process-manager.ts:455:24)
    at Worker.<anonymous> (C:\Users\peter\OneDrive\Desktop\Program Files (x69)\Showdown\lib\process-manager.ts:512:47)
    at Worker.emit (node:events:518:28)
    at Worker.emit (node:domain:488:12)
    at ChildProcess.<anonymous> (node:internal/cluster/primary:209:12)
    at Object.onceWrapper (node:events:632:28)
    at ChildProcess.emit (node:events:518:28)
    at ChildProcess.emit (node:domain:488:12)
    at finish (node:internal/child_process:935:14)
    at processTicksAndRejections (node:internal/process/task_queues:77:11)

Error: Rule "evlimit=510" conflicts with "evlimit=Auto" from Obtainable (Use "!! evlimit=510" to override "evlimit=Auto".)
    at DexFormats.getRuleTable (C:\Users\peter\OneDrive\Desktop\Program Files (x69)\Showdown\sim\dex-formats.ts:755:13)
    at GlobalRoomState.get formatListText [as formatListText] (C:\Users\peter\OneDrive\Desktop\Program Files (x69)\Showdown\server\rooms.ts:1472:34)
    at GlobalRoomState.handleConnect (C:\Users\peter\OneDrive\Desktop\Program Files (x69)\Showdown\server\rooms.ts:1727:80)
    at Object.socketConnect (C:\Users\peter\OneDrive\Desktop\Program Files (x69)\Showdown\server\users.ts:1668:15)
    at Object.onSpawn (C:\Users\peter\OneDrive\Desktop\Program Files (x69)\Showdown\server\sockets.ts:34:11)
    at processTicksAndRejections (node:internal/process/task_queues:95:5)

Error: Rule "!!evlimit=510" is not replacing anything (it should not have "!!")
    at DexFormats.getRuleTable (C:\Users\peter\OneDrive\Desktop\Program Files (x69)\Showdown\sim\dex-formats.ts:750:14)
    at GlobalRoomState.get formatListText [as formatListText] (C:\Users\peter\OneDrive\Desktop\Program Files (x69)\Showdown\server\rooms.ts:1472:34)
    at GlobalRoomState.handleConnect (C:\Users\peter\OneDrive\Desktop\Program Files (x69)\Showdown\server\rooms.ts:1727:80)
    at Object.socketConnect (C:\Users\peter\OneDrive\Desktop\Program Files (x69)\Showdown\server\users.ts:1668:15)
    at Object.onSpawn (C:\Users\peter\OneDrive\Desktop\Program Files (x69)\Showdown\server\sockets.ts:34:11)
    at processTicksAndRejections (node:internal/process/task_queues:95:5)

Error: Species with no learnset data: testmon
    at DexSpecies.getFullLearnset (C:\Users\peter\OneDrive\Desktop\Program Files (x69)\Showdown\dist\sim\dex-species.js:365:13)
    at TeamValidator.checkCanLearn (C:\Users\peter\OneDrive\Desktop\Program Files (x69)\Showdown\dist\sim\team-validator.js:2099:38)
    at TeamValidator.validateMoves (C:\Users\peter\OneDrive\Desktop\Program Files (x69)\Showdown\dist\sim\team-validator.js:1917:37)
    at TeamValidator.validateSet (C:\Users\peter\OneDrive\Desktop\Program Files (x69)\Showdown\dist\sim\team-validator.js:690:27)
    at TeamValidator.baseValidateTeam (C:\Users\peter\OneDrive\Desktop\Program Files (x69)\Showdown\dist\sim\team-validator.js:291:64)
    at TeamValidator.validateTeam (C:\Users\peter\OneDrive\Desktop\Program Files (x69)\Showdown\dist\sim\team-validator.js:234:17)
    at QueryProcessManager._query (C:\Users\peter\OneDrive\Desktop\Program Files (x69)\Showdown\dist\server\team-validator-async.js:62:66)
    at process.<anonymous> (C:\Users\peter\OneDrive\Desktop\Program Files (x69)\Showdown\dist\lib\process-manager.js:542:33)
    at process.emit (node:events:518:28)
    at process.emit (node:domain:488:12)

Additional information:
  formatid = gen9cap
  team = Testmon|||sturdy|blizzard|||F|,0,,,,|||,,,,,Normal


Error: Nothing matches "TestMon"
    at DexFormats.validateBanRule (C:\Users\peter\OneDrive\Desktop\Program Files (x69)\Showdown\sim\dex-formats.ts:955:10)
    at DexFormats.validateRule (C:\Users\peter\OneDrive\Desktop\Program Files (x69)\Showdown\sim\dex-formats.ts:877:33)
    at DexFormats.getRuleTable (C:\Users\peter\OneDrive\Desktop\Program Files (x69)\Showdown\sim\dex-formats.ts:679:26)
    at GlobalRoomState.get formatListText [as formatListText] (C:\Users\peter\OneDrive\Desktop\Program Files (x69)\Showdown\server\rooms.ts:1472:34)
    at GlobalRoomState.handleConnect (C:\Users\peter\OneDrive\Desktop\Program Files (x69)\Showdown\server\rooms.ts:1727:80)
    at Object.socketConnect (C:\Users\peter\OneDrive\Desktop\Program Files (x69)\Showdown\server\users.ts:1668:15)
    at Object.onSpawn (C:\Users\peter\OneDrive\Desktop\Program Files (x69)\Showdown\server\sockets.ts:34:11)
    at processTicksAndRejections (node:internal/process/task_queues:95:5)

Error: Rule "!!maxteamsize=151" is not replacing anything (it should not have "!!")
    at DexFormats.getRuleTable (C:\Users\peter\OneDrive\Desktop\Program Files (x69)\Showdown\sim\dex-formats.ts:750:14)
    at DexFormats.getRuleTable (C:\Users\peter\OneDrive\Desktop\Program Files (x69)\Showdown\sim\dex-formats.ts:643:24)
    at GlobalRoomState.get formatListText [as formatListText] (C:\Users\peter\OneDrive\Desktop\Program Files (x69)\Showdown\server\rooms.ts:1472:34)
    at GlobalRoomState.handleConnect (C:\Users\peter\OneDrive\Desktop\Program Files (x69)\Showdown\server\rooms.ts:1727:80)
    at Object.socketConnect (C:\Users\peter\OneDrive\Desktop\Program Files (x69)\Showdown\server\users.ts:1668:15)
    at Object.onSpawn (C:\Users\peter\OneDrive\Desktop\Program Files (x69)\Showdown\server\sockets.ts:34:11)
    at processTicksAndRejections (node:internal/process/task_queues:95:5)

Error: bind EADDRINUSE 0.0.0.0:8000
    at listenOnPrimaryHandle (node:net:1969:18)
    at shared (node:internal/cluster/child:157:3)
    at Worker.<anonymous> (node:internal/cluster/child:110:7)
    at process.onInternalMessage (node:internal/cluster/utils:49:5)
    at process.emit (node:events:530:35)
    at process.emit (node:domain:488:12)
    at emit (node:internal/child_process:951:14)
    at process.processTicksAndRejections (node:internal/process/task_queues:83:21)

Error: Max team size 251 is unsupported (we only support up to 192).
    at RuleTable.resolveNumbers (C:\Users\peter\OneDrive\Desktop\Program Files (x69)\Showdown\sim\dex-formats.ts:239:10)
    at DexFormats.getRuleTable (C:\Users\peter\OneDrive\Desktop\Program Files (x69)\Showdown\sim\dex-formats.ts:824:13)
    at DexFormats.getRuleTable (C:\Users\peter\OneDrive\Desktop\Program Files (x69)\Showdown\sim\dex-formats.ts:643:24)
    at GlobalRoomState.get formatListText [as formatListText] (C:\Users\peter\OneDrive\Desktop\Program Files (x69)\Showdown\server\rooms.ts:1472:34)
    at GlobalRoomState.handleConnect (C:\Users\peter\OneDrive\Desktop\Program Files (x69)\Showdown\server\rooms.ts:1727:80)
    at Object.socketConnect (C:\Users\peter\OneDrive\Desktop\Program Files (x69)\Showdown\server\users.ts:1668:15)
    at Object.onSpawn (C:\Users\peter\OneDrive\Desktop\Program Files (x69)\Showdown\server\sockets.ts:34:11)
    at processTicksAndRejections (node:internal/process/task_queues:95:5)

Error: bind EADDRINUSE 0.0.0.0:8000
    at listenOnPrimaryHandle (node:net:1969:18)
    at shared (node:internal/cluster/child:157:3)
    at Worker.<anonymous> (node:internal/cluster/child:110:7)
    at process.onInternalMessage (node:internal/cluster/utils:49:5)
    at process.emit (node:events:530:35)
    at process.emit (node:domain:488:12)
    at emit (node:internal/child_process:951:14)
    at process.processTicksAndRejections (node:internal/process/task_queues:83:21)

Error: Request timeout
    at ClientRequest.<anonymous> (C:\Users\peter\OneDrive\Desktop\Program Files (x69)\Showdown\lib\net.ts:123:20)
    at Object.onceWrapper (node:events:632:28)
    at ClientRequest.emit (node:events:518:28)
    at ClientRequest.emit (node:domain:488:12)
    at TLSSocket.emitRequestTimeout (node:_http_client:845:9)
    at Object.onceWrapper (node:events:632:28)
    at TLSSocket.emit (node:events:530:35)
    at TLSSocket.emit (node:domain:488:12)
    at TLSSocket.Socket._onTimeout (node:net:589:8)
    at listOnTimeout (node:internal/timers:573:17)

Error: Request timeout
    at ClientRequest.<anonymous> (C:\Users\peter\OneDrive\Desktop\Program Files (x69)\Showdown\lib\net.ts:123:20)
    at Object.onceWrapper (node:events:632:28)
    at ClientRequest.emit (node:events:518:28)
    at ClientRequest.emit (node:domain:488:12)
    at TLSSocket.emitRequestTimeout (node:_http_client:845:9)
    at Object.onceWrapper (node:events:632:28)
    at TLSSocket.emit (node:events:530:35)
    at TLSSocket.emit (node:domain:488:12)
    at TLSSocket.Socket._onTimeout (node:net:589:8)
    at listOnTimeout (node:internal/timers:573:17)

Error: Rule "!!evlimit=510" is not replacing anything (it should not have "!!")
    at DexFormats.getRuleTable (C:\Users\peter\OneDrive\Desktop\Program Files (x69)\Showdown\sim\dex-formats.ts:750:14)
    at GlobalRoomState.get formatListText [as formatListText] (C:\Users\peter\OneDrive\Desktop\Program Files (x69)\Showdown\server\rooms.ts:1472:34)
    at GlobalRoomState.handleConnect (C:\Users\peter\OneDrive\Desktop\Program Files (x69)\Showdown\server\rooms.ts:1727:80)
    at Object.socketConnect (C:\Users\peter\OneDrive\Desktop\Program Files (x69)\Showdown\server\users.ts:1668:15)
    at Object.onSpawn (C:\Users\peter\OneDrive\Desktop\Program Files (x69)\Showdown\server\sockets.ts:34:11)
    at processTicksAndRejections (node:internal/process/task_queues:95:5)

Error: Rule "-Moody" in "[Gen 9] PeterKart 192v192" already exists in "Moody Clause"
    at DexFormats.getRuleTable (C:\Users\peter\OneDrive\Desktop\Program Files (x69)\Showdown\sim\dex-formats.ts:706:12)
    at GlobalRoomState.get formatListText [as formatListText] (C:\Users\peter\OneDrive\Desktop\Program Files (x69)\Showdown\server\rooms.ts:1472:34)
    at GlobalRoomState.handleConnect (C:\Users\peter\OneDrive\Desktop\Program Files (x69)\Showdown\server\rooms.ts:1727:80)
    at Object.socketConnect (C:\Users\peter\OneDrive\Desktop\Program Files (x69)\Showdown\server\users.ts:1668:15)
    at Object.onSpawn (C:\Users\peter\OneDrive\Desktop\Program Files (x69)\Showdown\server\sockets.ts:34:11)
    at processTicksAndRejections (node:internal/process/task_queues:95:5)

TypeError: Cannot read properties of undefined (reading 'startsWith')
    at DexFormats.getRuleTable (C:\Users\peter\OneDrive\Desktop\Program Files (x69)\Showdown\sim\dex-formats.ts:671:13)
    at GlobalRoomState.get formatListText [as formatListText] (C:\Users\peter\OneDrive\Desktop\Program Files (x69)\Showdown\server\rooms.ts:1472:34)
    at GlobalRoomState.handleConnect (C:\Users\peter\OneDrive\Desktop\Program Files (x69)\Showdown\server\rooms.ts:1727:80)
    at Object.socketConnect (C:\Users\peter\OneDrive\Desktop\Program Files (x69)\Showdown\server\users.ts:1668:15)
    at Object.onSpawn (C:\Users\peter\OneDrive\Desktop\Program Files (x69)\Showdown\server\sockets.ts:34:11)
    at processTicksAndRejections (node:internal/process/task_queues:95:5)

TypeError: Cannot read properties of undefined (reading 'startsWith')
    at DexFormats.getRuleTable (C:\Users\peter\OneDrive\Desktop\Program Files (x69)\Showdown\sim\dex-formats.ts:671:13)
    at GlobalRoomState.get formatListText [as formatListText] (C:\Users\peter\OneDrive\Desktop\Program Files (x69)\Showdown\server\rooms.ts:1472:34)
    at GlobalRoomState.handleConnect (C:\Users\peter\OneDrive\Desktop\Program Files (x69)\Showdown\server\rooms.ts:1727:80)
    at Object.socketConnect (C:\Users\peter\OneDrive\Desktop\Program Files (x69)\Showdown\server\users.ts:1668:15)
    at Object.onSpawn (C:\Users\peter\OneDrive\Desktop\Program Files (x69)\Showdown\server\sockets.ts:34:11)
    at processTicksAndRejections (node:internal/process/task_queues:95:5)

Error: bind EADDRINUSE 0.0.0.0:8000
    at listenOnPrimaryHandle (node:net:1969:18)
    at shared (node:internal/cluster/child:157:3)
    at Worker.<anonymous> (node:internal/cluster/child:110:7)
    at process.onInternalMessage (node:internal/cluster/utils:49:5)
    at process.emit (node:events:530:35)
    at process.emit (node:domain:488:12)
    at emit (node:internal/child_process:951:14)
    at process.processTicksAndRejections (node:internal/process/task_queues:83:21)

Error: Unrecognized rule "Illusion Level Clause"
    at DexFormats.validateRule (C:\Users\peter\OneDrive\Desktop\Program Files (x69)\Showdown\sim\dex-formats.ts:883:11)
    at DexFormats.getRuleTable (C:\Users\peter\OneDrive\Desktop\Program Files (x69)\Showdown\sim\dex-formats.ts:679:26)
    at GlobalRoomState.get formatListText [as formatListText] (C:\Users\peter\OneDrive\Desktop\Program Files (x69)\Showdown\server\rooms.ts:1472:34)
    at GlobalRoomState.handleConnect (C:\Users\peter\OneDrive\Desktop\Program Files (x69)\Showdown\server\rooms.ts:1727:80)
    at Object.socketConnect (C:\Users\peter\OneDrive\Desktop\Program Files (x69)\Showdown\server\users.ts:1668:15)
    at Object.onSpawn (C:\Users\peter\OneDrive\Desktop\Program Files (x69)\Showdown\server\sockets.ts:34:11)
    at processTicksAndRejections (node:internal/process/task_queues:95:5)

Error: Request timeout
    at ClientRequest.<anonymous> (C:\Users\peter\OneDrive\Desktop\Program Files (x69)\Showdown\lib\net.ts:123:20)
    at Object.onceWrapper (node:events:632:28)
    at ClientRequest.emit (node:events:518:28)
    at ClientRequest.emit (node:domain:488:12)
    at TLSSocket.emitRequestTimeout (node:_http_client:845:9)
    at Object.onceWrapper (node:events:632:28)
    at TLSSocket.emit (node:events:530:35)
    at TLSSocket.emit (node:domain:488:12)
    at TLSSocket.Socket._onTimeout (node:net:589:8)
    at listOnTimeout (node:internal/timers:573:17)

Error: Request timeout
    at ClientRequest.<anonymous> (C:\Users\peter\OneDrive\Desktop\Program Files (x69)\Showdown\lib\net.ts:123:20)
    at Object.onceWrapper (node:events:632:28)
    at ClientRequest.emit (node:events:518:28)
    at ClientRequest.emit (node:domain:488:12)
    at TLSSocket.emitRequestTimeout (node:_http_client:845:9)
    at Object.onceWrapper (node:events:632:28)
    at TLSSocket.emit (node:events:530:35)
    at TLSSocket.emit (node:domain:488:12)
    at TLSSocket.Socket._onTimeout (node:net:589:8)
    at listOnTimeout (node:internal/timers:573:17)

Error: read ECONNRESET
    at TLSWrap.onStreamRead (node:internal/stream_base_commons:217:20)

Error [ERR_HTTP_HEADERS_SENT]: Cannot write headers after they are sent to the client
    at ServerResponse.writeHead (node:_http_server:345:11)
    at Server.finish (C:\Users\peter\OneDrive\Desktop\Program Files (x69)\Showdown\node_modules\node-static\lib\node-static.js:117:19)
    at C:\Users\peter\OneDrive\Desktop\Program Files (x69)\Showdown\node_modules\node-static\lib\node-static.js:94:18
    at C:\Users\peter\OneDrive\Desktop\Program Files (x69)\Showdown\node_modules\node-static\lib\node-static.js:337:13
    at streamFile (C:\Users\peter\OneDrive\Desktop\Program Files (x69)\Showdown\node_modules\node-static\lib\node-static.js:382:13)
    at ReadStream.<anonymous> (C:\Users\peter\OneDrive\Desktop\Program Files (x69)\Showdown\node_modules\node-static\lib\node-static.js:375:17)
    at ReadStream.emit (node:events:518:28)
    at ReadStream.emit (node:domain:488:12)
    at emitCloseNT (node:internal/streams/destroy:147:10)
    at process.processTicksAndRejections (node:internal/process/task_queues:81:21)

Error [ERR_HTTP_HEADERS_SENT]: Cannot write headers after they are sent to the client
    at ServerResponse.writeHead (node:_http_server:345:11)
    at Server.finish (C:\Users\peter\OneDrive\Desktop\Program Files (x69)\Showdown\node_modules\node-static\lib\node-static.js:117:19)
    at C:\Users\peter\OneDrive\Desktop\Program Files (x69)\Showdown\node_modules\node-static\lib\node-static.js:94:18
    at C:\Users\peter\OneDrive\Desktop\Program Files (x69)\Showdown\node_modules\node-static\lib\node-static.js:337:13
    at streamFile (C:\Users\peter\OneDrive\Desktop\Program Files (x69)\Showdown\node_modules\node-static\lib\node-static.js:382:13)
    at ReadStream.<anonymous> (C:\Users\peter\OneDrive\Desktop\Program Files (x69)\Showdown\node_modules\node-static\lib\node-static.js:375:17)
    at ReadStream.emit (node:events:518:28)
    at ReadStream.emit (node:domain:488:12)
    at emitCloseNT (node:internal/streams/destroy:147:10)
    at process.processTicksAndRejections (node:internal/process/task_queues:81:21)

Error: Rule "-Nonexistent" in "[Gen 9] PeterKart 2v2" already exists in "[Gen 9] PeterKart 2v2"
    at DexFormats.getRuleTable (C:\Users\peter\OneDrive\Desktop\Program Files (x69)\Showdown\sim\dex-formats.ts:706:12)
    at GlobalRoomState.get formatListText [as formatListText] (C:\Users\peter\OneDrive\Desktop\Program Files (x69)\Showdown\server\rooms.ts:1472:34)
    at GlobalRoomState.handleConnect (C:\Users\peter\OneDrive\Desktop\Program Files (x69)\Showdown\server\rooms.ts:1727:80)
    at Object.socketConnect (C:\Users\peter\OneDrive\Desktop\Program Files (x69)\Showdown\server\users.ts:1668:15)
    at Object.onSpawn (C:\Users\peter\OneDrive\Desktop\Program Files (x69)\Showdown\server\sockets.ts:34:11)
    at processTicksAndRejections (node:internal/process/task_queues:95:5)

Error: Nothing matches ""
    at DexFormats.validateBanRule (C:\Users\peter\OneDrive\Desktop\Program Files (x69)\Showdown\sim\dex-formats.ts:955:10)
    at C:\Users\peter\OneDrive\Desktop\Program Files (x69)\Showdown\sim\dex-formats.ts:867:41
    at Array.map (<anonymous>)
    at DexFormats.validateRule (C:\Users\peter\OneDrive\Desktop\Program Files (x69)\Showdown\sim\dex-formats.ts:867:27)
    at DexFormats.getRuleTable (C:\Users\peter\OneDrive\Desktop\Program Files (x69)\Showdown\sim\dex-formats.ts:679:26)
    at GlobalRoomState.get formatListText [as formatListText] (C:\Users\peter\OneDrive\Desktop\Program Files (x69)\Showdown\server\rooms.ts:1472:34)
    at GlobalRoomState.handleConnect (C:\Users\peter\OneDrive\Desktop\Program Files (x69)\Showdown\server\rooms.ts:1727:80)
    at Object.socketConnect (C:\Users\peter\OneDrive\Desktop\Program Files (x69)\Showdown\server\users.ts:1668:15)
    at Object.onSpawn (C:\Users\peter\OneDrive\Desktop\Program Files (x69)\Showdown\server\sockets.ts:34:11)
    at processTicksAndRejections (node:internal/process/task_queues:95:5)

Error: Max team size 1000 is unsupported (we only support up to 480).
    at RuleTable.resolveNumbers (C:\Users\peter\OneDrive\Desktop\Program Files (x69)\Showdown\sim\dex-formats.ts:239:10)
    at DexFormats.getRuleTable (C:\Users\peter\OneDrive\Desktop\Program Files (x69)\Showdown\sim\dex-formats.ts:824:13)
    at GlobalRoomState.get formatListText [as formatListText] (C:\Users\peter\OneDrive\Desktop\Program Files (x69)\Showdown\server\rooms.ts:1472:34)
    at GlobalRoomState.handleConnect (C:\Users\peter\OneDrive\Desktop\Program Files (x69)\Showdown\server\rooms.ts:1727:80)
    at Object.socketConnect (C:\Users\peter\OneDrive\Desktop\Program Files (x69)\Showdown\server\users.ts:1668:15)
    at Object.onSpawn (C:\Users\peter\OneDrive\Desktop\Program Files (x69)\Showdown\server\sockets.ts:34:11)
    at processTicksAndRejections (node:internal/process/task_queues:95:5)

Error: Infinite loop
    at Battle.singleEvent (C:\Users\peter\OneDrive\Desktop\Program Files (x69)\Showdown\sim\battle.ts:538:10)
    at BattleActions.spreadMoveHit (C:\Users\peter\OneDrive\Desktop\Program Files (x69)\Showdown\sim\battle-actions.ts:1056:28)
    at BattleActions.hitStepMoveHitLoop (C:\Users\peter\OneDrive\Desktop\Program Files (x69)\Showdown\sim\battle-actions.ts:933:44)
    at BattleActions.trySpreadMoveHit (C:\Users\peter\OneDrive\Desktop\Program Files (x69)\Showdown\sim\battle-actions.ts:594:79)
    at BattleActions.useMoveInner (C:\Users\peter\OneDrive\Desktop\Program Files (x69)\Showdown\sim\battle-actions.ts:511:22)
    at BattleActions.useMove (C:\Users\peter\OneDrive\Desktop\Program Files (x69)\Showdown\sim\battle-actions.ts:374:27)
    at BattleActions.runMove (C:\Users\peter\OneDrive\Desktop\Program Files (x69)\Showdown\sim\battle-actions.ts:312:33)
    at Battle.runAction (C:\Users\peter\OneDrive\Desktop\Program Files (x69)\Showdown\sim\battle.ts:2554:17)
    at Battle.go (C:\Users\peter\OneDrive\Desktop\Program Files (x69)\Showdown\sim\battle.ts:2794:9)
    at Battle.commitDecisions (C:\Users\peter\OneDrive\Desktop\Program Files (x69)\Showdown\sim\battle.ts:2860:8)

Additional information:
  chunk = >p1 move 1
  inputLog = 
>start {"formatid":"gen9peterkart1000v1000ag","seed":[59369,50672,30444,44454]}
>player p1 {"name":"peterkart4444","avatar":"265","team":"god|Arceus|Leftovers|Multitype|SwordsDance,ExtremeSpeed,ShadowClaw,Taunt|Adamant|204,252,,,,52|N|||999999|,,,,,Normal]my little pony|CalyrexShadow|HeavyDutyBoots|AsOneSpectrier|NastyPlot,AstralBarrage,GrassKnot,Psyshock|Timid|,,4,252,,252|N|,0,,,,||999999|,,,,,Normal]my beeg pony|CalyrexIce|WeaknessPolicy|AsOneGlastrier|TrickRoom,GlacialLance,SwordsDance,HighHorsepower|Adamant|252,252,4,,,|N|||999999|,,,,,Ground]all types|Terapagos|HeavyDutyBoots|TeraShift|TeraStarstorm,Flamethrower,IceBeam,CalmMind|Modest|,,,252,4,252|M|,15,,,,||999999|,Dark,,,,Stellar]aeternus|Eternatus|HeavyDutyBoots|Pressure|DynamaxCannon,Recover,Toxic,ToxicSpikes|Calm|232,,44,,188,44|N|,0,,,,||999999|,,,,,Fairy]moon|NecrozmaDawnWings|Leftovers|PrismArmor|TeraBlast,MoongeistBeam,Moonlight,CalmMind|Calm|252,,252,,4,|N|,0,,,,||999999|,,,,,Fairy]sun|NecrozmaDuskMane|LumBerry|PrismArmor|DragonDance,SunsteelStrike,Earthquake,PhotonGeyser|Jolly|,252,4,,,252|N|||999999|,,,,,Psychic]op|Rayquaza|LifeOrb|AirLock|DragonDance,DragonAscent,Earthquake,Vcreate|Jolly|,252,4,,,252|N|||999999|,,,,,Flying]spooks|Gengar|Gengarite|CursedBody|ShadowBall,SludgeWave,DestinyBond,Substitute|Timid|,,,252,4,252|M|,0,,,,|S|999999|,,,,,Ghost]acheron|Archaludon|AssaultVest|Stamina|ElectroShot,DracoMeteor,BodyPress,FlashCannon|Modest|248,,52,84,,124|M|,0,,,,||999999|,,,,,Fairy]fairy horse|Xerneas|PowerHerb|FairyAura|Geomancy,Moonblast,Thunder,Substitute|Modest|48,,164,252,,44|N|,0,,,,||999999|,,,,,Fairy]🥺|Cinccino|LoadedDice|Technician|TidyUp,TailSlap,BulletSeed,TripleAxel|Adamant|,252,,,4,252|M|||999999|,,,,,Normal]something|OgerponHearthflame|HearthflameMask|MoldBreaker|SwordsDance,IvyCudgel,PowerWhip,Trailblaze|Adamant|,252,,,4,252|F|||999999|,Poison,,,,Fire]weather|Tyranitar|Tyranitarite|SandStream|StealthRock,ThunderWave,StoneEdge,KnockOff|Adamant|252,252,,,4,|F|||999999|,,,,,Rock]sus|Ditto|ChoiceScarf|Imposter|Transform|Relaxed|252,4,252,,,|N|,,,,,0|S|999999|,,,,,Fairy]ape|Annihilape|Leftovers|Defiant|BulkUp,Taunt,DrainPunch,RageFist|Adamant|240,,,,252,16|F|||999999|,,,,,Water]black ground|Groudon|RedOrb|Drought|Spikes,PrecipiceBlades,WillOWisp,Roar|Impish|244,,252,,,12|N||S|999999|,,,,,Water]black water|Kyogre|BlueOrb|Drizzle|OriginPulse,IceBeam,Thunder,ThunderWave|Modest|240,,,252,,16|N|,0,,,,|S|999999|,,,,,Fairy]fire bird|Moltres|HeavyDutyBoots|FlameBody|Flamethrower,Uturn,WillOWisp,Roost|Bold|248,,164,,,96|N|||999999|,,,,,Fairy]shiny fire|MoltresGalar|SitrusBerry|Berserk|NastyPlot,Agility,FieryWrath,TeraBlast|Modest|,,,252,4,252|N|,0,,,,|S|999999|,,,,,Fairy]electric bird|Zapdos|HeavyDutyBoots|Static|Thunderbolt,Hurricane,VoltSwitch,Roost|Timid|,,,252,4,252|N|||999999|,,,,,Electric]shiny electric|ZapdosGalar|ChoiceBand|Defiant|CloseCombat,BraveBird,KnockOff,Uturn|Jolly|,252,,,4,252|N||S|999999|,,,,,Flying]ice bird|Articuno|HeavyDutyBoots|Pressure|Roost,FreezeDry,Haze,Uturn|Calm|252,,,,160,96|N|||999999|,,,,,Ground]shiny ice|ArticunoGalar|HeavyDutyBoots|Competitive|CalmMind,FreezingGlare,Hurricane,Recover|Timid|248,,124,,,136|N|,0,,,,|S|999999|,,,,,Poison]luigi|Lugia|HeavyDutyBoots|Multiscale|Recover,Whirlwind,Aeroblast,Whirlpool|Calm|252,,4,,252,|N|||999999|,,,,,Fairy]bug|ArceusBug|InsectPlate|Multitype|Judgment,EarthPower,CalmMind,Recover|Timid|248,,,8,,252|N|,0,,,,||999999|,,,,,Water]dark|ArceusDark|DreadPlate|Multitype|CalmMind,Judgment,Recover,Taunt|Timid|248,,,8,,252|N|,0,,,,||999999|,,,,,Fairy]dragon|ArceusDragon|DracoPlate|Multitype|DragonClaw,FlareBlitz,DragonDance,ExtremeSpeed|Adamant|128,252,,,,128|N|||999999|,,,,,Fire]electric|ArceusElectric|ZapPlate|Multitype|Judgment,IceBeam,CalmMind,Recover|Timid|252,,,4,,252|N|,0,,,,||999999|,,,,,Flying]fairy|ArceusFairy|PixiePlate|Multitype|Judgment,Recover,ThunderWave,StealthRock|Bold|248,,244,,,16|N|,0,,,,||999999|,,,,,Water]fighting|ArceusFighting|FistPlate|Multitype|BodyPress,CosmicPower,Recover,StoredPower|Bold|252,,132,,,124|N|,0,,,,||999999|,,,,,Poison]fire|ArceusFire|FlamePlate|Multitype|DragonDance,FlareBlitz,Earthquake,Taunt|Adamant|128,252,,,,128|N|||999999|,,,,,Fire]flying|ArceusFlying|SkyPlate|Multitype|CalmMind,Judgment,Taunt,Recover|Timid|248,,,8,,252|N|,0,,,,||999999|,,,,,Water]ghost|ArceusGhost|SpookyPlate|Multitype|DragonDance,ShadowClaw,Earthquake,Taunt|Adamant|128,252,,,,128|N|||999999|,,,,,Ghost]grass|ArceusGrass|MeadowPlate|Multitype|CalmMind,Judgment,Recover,EarthPower|Timid|252,,,4,,252|N|,0,,,,||999999|,,,,,Ground]ground|ArceusGround|EarthPlate|Multitype|CalmMind,Judgment,PowerGem,Recover|Timid|248,,136,108,,16|N|,0,,,,||999999|,,,,,Fairy]ice|ArceusIce|IciclePlate|Multitype|Judgment,Thunderbolt,CalmMind,Recover|Timid|248,,,8,,252|N|,0,,,,||999999|,,,,,Water]poison|ArceusPoison|ToxicPlate|Multitype|PoisonJab,WillOWisp,Taunt,Recover|Impish|252,,132,,,124|N|||999999|,,,,,Grass]psychic|ArceusPsychic|MindPlate|Multitype|CosmicPower,StoredPower,Recover,Taunt|Bold|252,,132,,,124|N|,0,,,,||999999|,,,,,Poison]rock|ArceusRock|StonePlate|Multitype|Judgment,CalmMind,Recover,GrassKnot|Timid|252,,,4,,252|N|,0,,,,||999999|,,,,,Grass]steel|ArceusSteel|IronPlate|Multitype|Judgment,Thunder,CalmMind,Recover|Timid|252,,4,,,252|N|,0,,,,||999999|,,,,,Water]water|ArceusWater|SplashPlate|Multitype|WillOWisp,Judgment,Recover,DragonTail|Bold|248,,244,,,16|N|||999999|,,,,,Fairy]e4|Kingambit|DreadPlate|SupremeOverlord|SwordsDance,KowtowCleave,IronHead,SuckerPunch|Adamant|124,252,,,,132|F|||999999|,,,,,Dark]d4|Kingambit|DreadPlate|SupremeOverlord|SwordsDance,KowtowCleave,IronHead,SuckerPunch|Adamant|124,252,,,,132|F|||999999|,,,,,Dark]Nf3|Kingambit|DreadPlate|SupremeOverlord|SwordsDance,KowtowCleave,IronHead,SuckerPunch|Adamant|124,252,,,,132|M|||999999|,,,,,Dark]purple 1|CalyrexShadow|ChoiceScarf|AsOneSpectrier|AstralBarrage,GrassKnot,Psychic,Trick|Timid|,,,252,4,252|N|,0,,,,||999999|,,,,,Ghost]purple 2|CalyrexShadow|HeavyDutyBoots|AsOneSpectrier|NastyPlot,AstralBarrage,GrassKnot,Psychic|Timid|,,4,252,,252|N|,0,,,,||999999|,,,,,Stellar]🅱️|Ribombee|FocusSash|ShieldDust|StickyWeb,Moonblast,StunSpore,PsychicNoise|Timid|,,,252,4,252|M|,0,,,,||999999|,,,,,Ghost]1|Cottonee|FocusSash|Infiltrator|LeechSeed,Endeavor,Protect,Substitute|Bold|,60,196,104,,148|M|,0,,0,,||1|,,,,,Grass]x|Charizard|CharizarditeX|Blaze|DragonDance,FlareBlitz,Earthquake,Roost|Jolly|,252,,,4,252|M|||999999|,,,,,Fire]y|Charizard|CharizarditeY|Blaze|WeatherBall,SolarBeam,ScorchingSands,Roost|Timid|,,4,252,,252|M|,0,,,,||999999|,,,,,Fire]bm|Blastoise|Blastoisinite|Torrent|RapidSpin,DarkPulse,AuraSphere,IceBeam|Timid|,,4,252,,252|M|||999999|,,,,,Grass]vm|Venusaur|Venusaurite|Chlorophyll|LeechSeed,Toxic,Synthesis,GrassKnot|Bold|252,,180,,76,|F|,0,,,,||999999|,,,,,Grass]eternal|Eternatus|HeavyDutyBoots|Pressure|DynamaxCannon,Recover,Toxic,ToxicSpikes|Modest|176,,40,64,184,44|N|,0,,,,||999999|,,,,,Fairy]time|Dialga|ChoiceScarf|Pressure|DracoMeteor,FireBlast,DragonPulse,Thunder|Timid|,,,252,4,252|N|,0,,,,||999999|,,,,,Dragon]time-o|DialgaOrigin|AdamantCrystal|Pressure|DracoMeteor,SteelBeam,StealthRock,DragonTail|Timid|252,,,4,,252|N|||999999|,,,,,Ghost]space|Palkia|Leftovers|Pressure|Substitute,SpacialRend,EarthPower,DragonTail|Timid|,,,252,4,252|N|,0,,,,||999999|,,,,,Ground]space-o|PalkiaOrigin|LustrousGlobe|Pressure|HydroPump,FireBlast,DracoMeteor,Substitute|Timid|,,,252,4,252|N|,0,,,,||999999|,,,,,Fairy]antimatter|Giratina|HeavyDutyBoots|Pressure|DragonTail,WillOWisp,Defog,Rest|Impish|252,,252,,4,|N|||999999|,,,,,Fairy]antimatter-o|GiratinaOrigin|GriseousCore|Levitate|Poltergeist,ShadowSneak,DragonTail,Defog|Adamant|184,188,,,136,|N|||999999|,,,,,Steel]double kick?|Smeargle|FocusSash|OwnTempo|StickyWeb,Nuzzle,Taunt,Spore|Jolly|252,4,,,,252|F||S|999999|,,,,,Normal]half-african|Darkrai|LifeOrb|BadDreams|NastyPlot,SludgeBomb,DarkPulse,IceBeam|Timid|,,,252,4,252|N|,0,,,,|S|999999|,,,,,Poison]crown sword|Zacian|RustedSword|IntrepidSword|SwordsDance,PlayRough,WildCharge,CloseCombat|Jolly|,252,,,4,252|N|||999999|,,,,,Fighting]crown shield|Zamazenta|RustedShield|DauntlessShield|BodyPress,IronDefense,Rest,Substitute|Jolly|252,,4,,,252|N|||999999|,,,,,Fighting]bulk|UrsalunaBloodmoon|Leftovers|MindsEye|CalmMind,BloodMoon,HyperVoice,EarthPower|Modest|,,4,252,,252|M|||999999|,,,,,Normal]EoS|ShayminSky|Leftovers|SereneGrace|Substitute,SeedFlare,AirSlash,LeechSeed|Timid|,,,252,4,252|N||S|999999|,,,,,Steel]xxx|Mewtwo|MewtwoniteX|Pressure|LowKick,Taunt,IceBeam,StoneEdge|Jolly|,252,4,,,252|N|||999999|,,,,,Fighting]yyy|Mewtwo|MewtwoniteY|Unnerve|Psystrike,IceBeam,FireBlast,CalmMind|Timid|,,40,216,,252|N|,0,,,,||999999|,,,,,Fire]weM|Mew|SitrusBerry|Synchronize|NastyPlot,PsychicNoise,FireBlast,DrainingKiss|Timid|,,,252,4,252|N|,0,,,,|S|999999|,,,,,Fairy]magic|Alakazam|Alakazite|MagicGuard|Psychic,FocusBlast,Recover,ShadowBall|Timid|,,4,252,,252|M|,0,,,,||999999|,,,,,Psychic]Gardevoir||Gardevoirite|Trace|WillOWisp,Psyshock,HyperVoice,FocusBlast|Timid|,,,252,4,252|F|,0,,,,||999999|,,,,,Psychic]bruh|Sableye|Sablenite|Prankster|FakeOut,FoulPlay,Recover,WillOWisp|Impish|248,,252,,8,|M||S|999999|,,,,,Dark]heal 1|Blissey|LeppaBerry|NaturalCure|HealBell,SoftBoiled,SeismicToss,LightScreen|Bold|252,,252,,4,|F|,0,,,,||999999|,,,,,Normal]heal 2|Blissey|LeppaBerry|NaturalCure|HealBell,SoftBoiled,SeismicToss,LightScreen|Bold|252,,252,,4,|F|,0,,,,||999999|,,,,,Normal]heal 3|Blissey|LeppaBerry|NaturalCure|HealBell,SoftBoiled,SeismicToss,LightScreen|Bold|252,,252,,4,|F|,0,,,,||999999|,,,,,Normal]ite|Dragonite|HeavyDutyBoots|Multiscale|DragonDance,ExtremeSpeed,Earthquake,IceSpinner|Adamant|,252,4,,,252|M|||999999|,,,,,Normal]golden|Gholdengo|AirBalloon|GoodasGold|NastyPlot,ShadowBall,MakeItRain,Recover|Timid|,,,252,4,252|N|||999999|,,,,,Steel]leaf|Serperior|Leftovers|Contrary|LeafStorm,Glare,TeraBlast,Taunt|Timid|76,,,180,,252|F|,0,,,,||999999|,,,,,Stellar]lo|Latios|Latiosite|Levitate|Psychic,Earthquake,IceBeam,Roost|Naive|,4,,252,,252|M|||999999|,,,,,Psychic]la|Latias|Latiasite|Levitate|Defog,Toxic,HealingWish,DracoMeteor|Timid|252,,76,,4,176|F|||999999|,,,,,Dragon]nothing|Deoxys|LifeOrb|Pressure|PsychoBoost,Superpower,ShadowBall,ExtremeSpeed|Naive|,4,,252,,252|N|||999999|,,,,,Psychic]attack|DeoxysAttack|LifeOrb|Pressure|PsychoBoost,ShadowBall,LowKick,RockSlide|Hasty|,4,,252,,252|N|||999999|,,,,,Ghost]defense|DeoxysDefense|HeavyDutyBoots|Pressure|Spikes,NightShade,Recover,KnockOff|Impish|248,,252,,8,|N|||999999|,,,,,Ghost]speed|DeoxysSpeed|RockyHelmet|Pressure|Spikes,Taunt,PsychoBoost,StealthRock|Timid|252,,192,,12,52|N|,0,,,,||999999|,,,,,Ghost]stealix|Steelix|Steelixite|Sturdy|StealthRock,GyroBall,Earthquake,Curse|Brave|252,208,,,48,|M|,,,,,0||999999|,,,,,Steel]salamander|Salamence|Salamencite|Intimidate|DragonDance,DoubleEdge,Roost,Facade|Adamant|44,252,,,,212|F|||999999|,,,,,Normal]LLL|Lopunny|Lopunnite|Limber|CloseCombat,Return,FakeOut,Uturn|Jolly|,252,,,4,252|F|||999999|,,,,,Normal]MMM|Medicham|Medichamite|Telepathy|FakeOut,HighJumpKick,ZenHeadbutt,IcePunch|Jolly|,252,,,4,252|F|||999999|,,,,,Fighting]up yo ass|Beedrill|Beedrillite|Swarm|Uturn,PoisonJab,DrillRun,KnockOff|Jolly|,252,,,4,252|F|||999999|,,,,,Bug]cloud|Altaria|Altarianite|NaturalCure|Defog,Earthquake,Roost,DragonDance|Careful|252,112,76,,4,64|M|||999999|,,,,,Ground]your mom|HoOh|HeavyDutyBoots|Regenerator|SacredFire,BraveBird,Earthquake,Recover|Adamant|208,252,,,4,44|N|||999999|,,,,,Ground]fuck off|ChienPao|HeavyDutyBoots|SwordofRuin|Crunch,IcicleCrash,IceShard,SacredSword|Jolly|,252,4,,,252|N|||999999|,,,,,Dark]chun-li|ChiYu|ChoiceSpecs|BeadsofRuin|Overheat,Flamethrower,FireBlast,DarkPulse|Modest|,,4,252,,252|N|||999999|,,,,,Fire]FM radio|FlutterMane|ChoiceSpecs|Protosynthesis|ShadowBall,Moonblast,Psyshock,PowerGem|Timid|,,,252,4,252|N|,0,,,,||999999|,,,,,Stellar]Fe|IronBundle|HeavyDutyBoots|QuarkDrive|FreezeDry,HydroPump,IceBeam,Taunt|Timid|,,,252,4,252|N|||999999|,,,,,Ice]trick room|Regieleki|LightClay|Transistor|Reflect,LightScreen,Explosion,RapidSpin|Timid|252,,,4,,252|N|||999999|,,,,,Dark]terrorist|MausholdFour|WideLens|Technician|PopulationBomb,TidyUp,Bite,Encore|Jolly|,252,,,4,252|N|||999999|,,,,,Normal]bice|Baxcalibur|LoadedDice|ThermalExchange|IcicleSpear,GlaiveRush,Earthquake,DragonDance|Adamant|,252,,,4,252|F|||999999|,,,,,Fairy]doggo|ChienPao|BlackGlasses|SwordofRuin|SwordsDance,IceSpinner,Crunch,IceShard|Jolly|,252,4,,,252|N|||999999|,,,,,Dark]esfera|Espathra|Leftovers|SpeedBoost|CalmMind,StoredPower,DazzlingGleam,Roost|Bold|152,,244,,,112|F|||999999|,,,,,Fairy]bad|Landorus|LifeOrb|SheerForce|EarthPower,FocusBlast,Psychic,NastyPlot|Timid|,,,252,4,252|M|,0,,,,||999999|,,,,,Ground]luna loud|Lunala|PowerHerb|ShadowShield|Agility,MoongeistBeam,FocusBlast,MeteorBeam|Timid|56,,,252,,200|N|||999999|,,,,,Ghost]heart stealer|Magearna|Leftovers|SoulHeart|IronDefense,CalmMind,DrainingKiss,StoredPower|Bold|248,,252,,8,|N|||999999|,,,,,Water]pp|Palafin|Leftovers|ZerotoHero|JetPunch,BulkUp,DrainPunch,Taunt|Careful|248,8,,,252,|F|||999999|,,,,,Fairy]white dragon|Reshiram|ChoiceSpecs|Turboblaze|BlueFlare,DracoMeteor,EarthPower,ShadowBall|Modest|252,,,252,4,|N|,0,,,,||999999|,,,,,Fire]bitch|Sneasler|ChoiceScarf|PoisonTouch|DireClaw,CloseCombat,Uturn,Switcheroo|Jolly|,252,,,4,252|M|||999999|,,,,,Fighting]sun|Solgaleo|Leftovers|FullMetalBody|SunsteelStrike,MorningSun,TrickRoom,Teleport|Careful|248,8,,,252,|N|||999999|,,,,,Water]nRS|Urshifu|BlackGlasses|UnseenFist|WickedBlow,CloseCombat,SuckerPunch,SwordsDance|Adamant|,252,4,,,252|M|||999999|,,,,,Dark]RS|UrshifuRapidStrike|ChoiceBand|UnseenFist|SurgingStrikes,CloseCombat,PoisonJab,Uturn|Adamant|,252,4,,,252|M|||999999|,,,,,Water]go back to OU|Volcarona|HeavyDutyBoots|FlameBody|QuiverDance,Flamethrower,MorningSun,WillOWisp|Timid|80,,252,,,176|F|,0,,,,||999999|,,,,,Water]zzz|Zekrom|Leftovers|Teravolt|DragonDance,BoltStrike,DragonClaw,Substitute|Jolly|,252,4,,,252|N|||999999|,,,,,Flying]2.71828183|EternatusEternamax|HeavyDutyBoots|Pressure|CosmicPower,Recover,MeteorBeam,DragonPulse|Timid|252,,,4,,252|N|,0,,,,||999999|,,,,,Fairy]M1|Miraidon|HeavyDutyBoots|HadronEngine|ElectroDrift,DracoMeteor,Uturn,CalmMind|Timid|,,,252,4,252|N|||999999|,Ghost,,,,Fairy]M2|Miraidon|ChoiceSpecs|HadronEngine|ElectroDrift,DracoMeteor,Overheat,Uturn|Timid|,,,252,4,252|N|||999999|,Ghost,,,,Dragon]NU|NecrozmaDuskMane|UltranecroziumZ|PrismArmor|SwordsDance,PhotonGeyser,Earthquake,StoneEdge|Jolly|,224,32,,,252|N|||999999|,,,,,Psychic](NU)|NecrozmaDawnWings|UltranecroziumZ|PrismArmor|SwordsDance,PhotonGeyser,Earthquake,Outrage|Jolly|,224,32,,,252|N|||999999|,,,,,Psychic]n-n|NecrozmaDuskMane|HeavyDutyBoots|PrismArmor|DragonDance,SunsteelStrike,Earthquake,Moonlight|Impish|252,,136,,,120|N|||999999|,,,,,Fire]nnn|NecrozmaDuskMane|LifeOrb|PrismArmor|DragonDance,SunsteelStrike,Earthquake,StoneEdge|Jolly|,252,4,,,252|N|||999999|,,,,,Steel]F1|ArceusFairy|PixiePlate|Multitype|CalmMind,Judgment,EarthPower,Recover|Timid|,,4,252,,252|N|,0,,,,||999999|,,,,,Water]F2|ArceusFairy|PixiePlate|Multitype|WillOWisp,Judgment,Recover,Taunt|Bold|248,,244,,,16|N|||999999|,,,,,Poison]snow warning|Abomasnow|Abomasite|SnowWarning|Blizzard,GigaDrain,EarthPower,AuroraVeil|Timid|,,4,252,,252|M|||999999|,,,,,Ground]darkness|Absol|Absolite|Justified|KnockOff,Pursuit,FireBlast,SuckerPunch|Jolly|,252,,,4,252|M|||999999|,,,,,Dark]fliers|Aerodactyl|Aerodactylite|RockHead|StoneEdge,Earthquake,DualWingbeat,Roost|Jolly|,252,,,4,252|M|||999999|,,,,,Rock]aggressive|Aggron|Aggronite|Sturdy|StealthRock,HeavySlam,BodyPress,Toxic|Careful|252,,4,,252,|F|||999999|,,,,,Steel]deep amp plains|Ampharos|Ampharosite|Static|Thunderbolt,DragonPulse,FocusBlast,VoltSwitch|Modest|128,,,252,,128|F|,0,,,,||999999|,,,,,Electric]someone|Audino|Audinite|Regenerator|Wish,Protect,HealBell,KnockOff|Calm|252,,4,,252,|M|||999999|,,,,,Normal]mega spooky|Banette|Banettite|Frisk|Poltergeist,Encore,DestinyBond,WillOWisp|Adamant|,252,4,,,252|F|||999999|,,,,,Ghost]mega blaziken|Blaziken|Blazikenite|SpeedBoost|SwordsDance,FlareBlitz,LowKick,StoneEdge|Adamant|,252,4,,,252|F|||999999|,,,,,Fire]volcano|Camerupt|Cameruptite|SolidRock|StealthRock,LavaPlume,EarthPower,Yawn|Calm|252,,,,168,88|F|||999999|,,,,,Grass]another one|Steelix|Steelixite|Sturdy|Curse,HeavySlam,Rest,SleepTalk|Impish|252,4,,,252,|M|||999999|,,,,,Steel]pink dialga|Diancie|Diancite|ClearBody|Moonblast,DiamondStorm,MysticalFire,StealthRock|Naive|,28,,228,,252|N|||999999|,,,,,Rock]ggg|Gallade|Galladite|Justified|SwordsDance,CloseCombat,ZenHeadbutt,TripleAxel|Jolly|,252,,,4,252|M|||999999|,,,,,Psychic]mega smogon|Garchomp|Garchompite|RoughSkin|SwordsDance,Earthquake,ScaleShot,FireFang|Jolly|,252,,,4,252|F|||999999|,,,,,Dragon]frozen|Glalie|Glalitite|InnerFocus|Spikes,DoubleEdge,Earthquake,FreezeDry|Jolly|,252,,,4,252|M|||999999|,,,,,Ice]fish|Gyarados|Gyaradosite|Intimidate|Waterfall,Crunch,Taunt,DragonDance|Jolly|,252,4,,,252|M|||999999|,,,,,Water]joe biden|Heracross|Heracronite|Swarm|SwordsDance,CloseCombat,RockBlast,PinMissile|Adamant|,252,,,4,252|F|||999999|,,,,,Bug]dark horse|Houndoom|Houndoominite|FlashFire|NastyPlot,DarkPulse,FireBlast,SludgeBomb|Timid|,,,252,4,252|F|,0,,,,||999999|,,,,,Dark]storage|Kangaskhan|Kangaskhanite|Scrappy|FakeOut,SeismicToss,ShadowClaw,BodySlam|Jolly|52,180,36,,8,232|F|||999999|,,,,,Normal]really good|Lucario|Lucarionite|Justified|SwordsDance,MeteorMash,CloseCombat,BulletPunch|Jolly|,252,,,4,252|M|||999999|,,,,,Fighting]amp plains boss|Manectric|Manectite|LightningRod|VoltSwitch,Thunderbolt,Overheat,HiddenPowerIce|Timid|,,,252,4,252|F|,0,,,,||999999|,Ice,,,,Electric]touhou|Mawile|Mawilite|Intimidate|SwordsDance,PlayRough,KnockOff,SuckerPunch|Adamant|116,252,,,,140|M|||999999|,,,,,Steel]wtf|Metagross|Metagrossite|ClearBody|MeteorMash,IcePunch,RockSlide,BulletPunch|Jolly|232,60,,,40,176|N|||999999|,,,,,Steel]blow job|Pidgeot|Pidgeotite|BigPecks|Uturn,Hurricane,HeatWave,Roost|Timid|,,,252,4,252|M|||999999|,,,,,Normal]BJ|Pinsir|Pinsirite|Moxie|SwordsDance,Return,QuickAttack,CloseCombat|Jolly|,252,,,4,252|M|||999999|,,,,,Bug]leaves|Sceptile|Sceptilite|Overgrow|LeafStorm,DragonPulse,FocusBlast,HiddenPowerFire|Timid|,,,252,4,252|M|,0,,,,||999999|,Fire,,,,Grass]scissors|Scizor|Scizorite|LightMetal|SwordsDance,BulletPunch,KnockOff,Roost|Impish|248,,112,,128,20|M|||999999|,,,,,Bug]lifeguard|Sharpedo|Sharpedonite|SpeedBoost|Crunch,PsychicFangs,CloseCombat,Protect|Adamant|,252,,,4,252|M|||999999|,,,,,Water]fastest pokemon|Slowbro|Slowbronite|Regenerator|Toxic,Scald,SlackOff,IronDefense|Bold|248,,216,,44,|F|||999999|,,,,,Water]thunderbolt|Swampert|Swampertite|Torrent|Earthquake,Waterfall,FlipTurn,Superpower|Jolly|,252,,,4,252|M|||999999|,,,,,Water]cc|CalyrexIce|ClearAmulet|AsOneGlastrier|GlacialLance,HighHorsepower,TrickRoom,Protect|Adamant|252,196,,,60,|N|||999999|,,,,,Fire]pouring rain|Castform|WateriumZ|Forecast|WeatherBall,HydroPump,IceBeam,Thunder|Timid|,,,252,4,252|M|,0,,,,||999999|,,,,,Normal]heal 4|Blissey|LeppaBerry|NaturalCure|HealBell,SoftBoiled,SeismicToss,LightScreen|Bold|252,,252,,4,|F|,0,,,,||999999|,,,,,Normal]heal 5|Blissey|LeppaBerry|NaturalCure|HealBell,SoftBoiled,SeismicToss,LightScreen|Bold|252,,252,,4,|F|,0,,,,||999999|,,,,,Normal]heal 6|Blissey|LeppaBerry|NaturalCure|HealBell,SoftBoiled,SeismicToss,LightScreen|Bold|252,,252,,4,|F|,0,,,,||999999|,,,,,Normal]heal 7|Blissey|LeppaBerry|NaturalCure|HealBell,SoftBoiled,SeismicToss,LightScreen|Bold|252,,252,,4,|F|,0,,,,||999999|,,,,,Normal]heal 8|Blissey|LeppaBerry|NaturalCure|HealBell,SoftBoiled,SeismicToss,LightScreen|Bold|252,,252,,4,|F|,0,,,,||999999|,,,,,Normal]gambling|KyuremBlack|LoadedDice|Teravolt|DragonDance,FusionBolt,IcicleSpear,ScaleShot|Jolly|,252,4,,,252|N|||999999|,,,,,Electric]cold|KyuremWhite|ChoiceScarf|Turboblaze|DracoMeteor,IceBeam,FreezeDry,FusionFlare|Timid|,,,252,4,252|N|,0,,,,||999999|,,,,,Fire]trap|ArceusDark|DreadPlate|Multitype|Whirlpool,PerishSong,Protect,Recover|Timid|252,,,4,,252|N|,0,,,,||999999|,,,,,Ghost]double kick!|Terrakion|FocusSash|Justified|DoubleKick,StealthRock,Taunt,Toxic|Jolly|252,4,,,,252|N|||999999|,,,,,Rock]mcmeghan|Gyarados|LumBerry|Intimidate|DragonDance,Waterfall,StoneEdge,Taunt|Adamant|,252,,,4,252|F|||999999|,,,,,Water]lavos|Heatran|FocusSash|FlashFire|StealthRock,Eruption,Overheat,Explosion|Quiet|200,56,,252,,|M|||999999|,,,,,Grass]fan|RotomFan|HeavyDutyBoots|Levitate|Defog,VoltSwitch,AirSlash,WillOWisp|Timid|252,,,,4,252|N|,0,,,,||999999|,,,,,Electric]frost|RotomFrost|Leftovers|Levitate|NastyPlot,Blizzard,Thunderbolt,Substitute|Timid|,,,252,4,252|N|||999999|,,,,,Ghost]heat|RotomHeat|HeavyDutyBoots|Levitate|NastyPlot,Overheat,Thunderbolt,PainSplit|Timid|248,,,8,,252|N|,0,,,,||999999|,,,,,Steel]mow|RotomMow|Leftovers|Levitate|VoltSwitch,Thunderbolt,LeafStorm,NastyPlot|Timid|,,,252,4,252|N|,0,,,,||999999|,,,,,Electric]wash|RotomWash|Leftovers|Levitate|VoltSwitch,HydroPump,PainSplit,WillOWisp|Bold|252,,244,,,12|N|||999999|,,,,,Steel]anna|Kartana|FightiniumZ|BeastBoost|SwordsDance,LeafBlade,SacredSword,KnockOff|Jolly|,252,,,4,252|N|||999999|,,,,,Grass]e1|EternatusEternamax|HeavyDutyBoots|Pressure|DynamaxCannon,Recover,Toxic,ToxicSpikes|Calm|232,,44,,188,44|N|,0,,,,||999999|,,,,,Fairy]e2|EternatusEternamax|HeavyDutyBoots|Pressure|DynamaxCannon,Flamethrower,Recover,Toxic|Timid|96,,,,236,176|N|||999999|,,,,,Fairy]e3|EternatusEternamax|LifeOrb|Pressure|SludgeBomb,DynamaxCannon,FireBlast,Recover|Timid|,,4,252,,252|N|,0,,,,||999999|,,,,,Steel]e4|EternatusEternamax|HeavyDutyBoots|Pressure|DynamaxCannon,Toxic,ToxicSpikes,Recover|Timid|204,,,,252,52|N|,0,,,,||999999|,,,,,Fairy]e5|EternatusEternamax|PowerHerb|Pressure|Agility,MeteorBeam,DynamaxCannon,FireBlast|Modest|168,,,252,,88|N|,0,,,,||999999|,,,,,Fire]e6|EternatusEternamax|ChoiceScarf|Pressure|DynamaxCannon,SludgeBomb,Flamethrower,ToxicSpikes|Modest|,,,252,4,252|N|,0,,,,||999999|,,,,,Fire]cs1|CalyrexShadow|HeavyDutyBoots|AsOneSpectrier|NastyPlot,AstralBarrage,GrassKnot,Psychic|Timid|,,4,252,,252|N|,0,,,,||999999|,,,,,Normal]cs2|CalyrexShadow|ChoiceScarf|AsOneSpectrier|AstralBarrage,GrassKnot,Psychic,Trick|Timid|,,,252,4,252|N|,0,,,,||999999|,,,,,Ghost]cs3|CalyrexShadow|FocusSash|AsOneSpectrier|AstralBarrage,Psyshock,DrainingKiss,NastyPlot|Timid|4,,,252,,252|N|,0,,,,||999999|,,,,,Fairy]cs4|CalyrexShadow|ChoiceScarf|AsOneSpectrier|AstralBarrage,Psyshock,DrainingKiss,Trick|Timid|4,,,252,,252|N|,0,,,,||999999|,,,,,Fairy]cs5|CalyrexShadow|FocusSash|AsOneSpectrier|AstralBarrage,Psyshock,NastyPlot,Protect|Timid|,,20,236,,252|N|,0,,,,||999999|,,,,,Ghost]cs6|CalyrexShadow|LifeOrb|AsOneSpectrier|AstralBarrage,Psyshock,TeraBlast,Protect|Timid|,,20,236,,252|N|,0,,,,||999999|,,,,,Fighting]z1|Zacian|RustedSword|IntrepidSword|SwordsDance,ironhead,CloseCombat,WildCharge|Jolly|,252,,,4,252|N|||999999|,,,,,Fighting]z2|Zacian|RustedSword|IntrepidSword|SwordsDance,PlayRough,WildCharge,Crunch|Jolly|,252,,,4,252|N|||999999|,,,,,Dark]z3|Zacian|RustedSword|IntrepidSword|SwordsDance,ironhead,PlayRough,TeraBlast|Jolly|4,252,,,,252|N|||999999|,,,,,Water]z4|Zacian|RustedSword|IntrepidSword|ironhead,PlayRough,SwordsDance,Protect|Adamant|204,76,28,,12,188|N|||999999|,,,,,Stellar]z5|Zacian|RustedSword|IntrepidSword|SwordsDance,PlayRough,CloseCombat,WildCharge|Jolly|,252,,,4,252|N|||999999|,,,,,Fighting]z6|Zacian|RustedSword|IntrepidSword|ironhead,WildCharge,CloseCombat,Assurance|Adamant|96,216,,,84,112|N|||999999|,,,,,Fairy]eee|Arceus|HeavyDutyBoots|Multitype|SwordsDance,ExtremeSpeed,ShadowClaw,Recover|Adamant|200,252,,,,56|N|||999999|,,,,,Normal]RLTHW|Arceus|FocusSash|Multitype|Tailwind,Reflect,LightScreen,HealingWish|Timid|252,,,,4,252|N|,0,,,,||999999|,,,,,Ghost]hickensa|ArceusGround|EarthPlate|Multitype|DragonDance,Earthquake,StoneEdge,Recover|Impish|248,56,136,,,68|N|||999999|,,,,,Fairy]black|KyuremWhite|ChoiceSpecs|Turboblaze|DracoMeteor,IceBeam,FreezeDry,FusionFlare|Modest|,,,252,4,252|N|,0,,,,||999999|,,,,,Fire]white|KyuremBlack|LoadedDice|Teravolt|DragonDance,FusionBolt,IcicleSpear,ScaleShot|Jolly|,252,4,,,252|N|||999999|,,,,,Electric]deez nuts|DeoxysAttack|LifeOrb|Pressure|PsychoBoost,ShadowBall,LowKick,RockSlide|Naive|,4,,252,,252|N|||999999|,,,,,Ghost]god|Arceus|Leftovers|Multitype|SwordsDance,ExtremeSpeed,ShadowClaw,Taunt|Adamant|204,252,,,,52|N|||999999|,,,,,Normal]my little pony|CalyrexShadow|HeavyDutyBoots|AsOneSpectrier|NastyPlot,AstralBarrage,GrassKnot,Psyshock|Timid|,,4,252,,252|N|,0,,,,||999999|,,,,,Normal]my beeg pony|CalyrexIce|WeaknessPolicy|AsOneGlastrier|TrickRoom,GlacialLance,SwordsDance,HighHorsepower|Adamant|252,252,4,,,|N|||999999|,,,,,Ground]all types|Terapagos|HeavyDutyBoots|TeraShift|TeraStarstorm,Flamethrower,IceBeam,CalmMind|Modest|,,,252,4,252|M|,15,,,,||999999|,Dark,,,,Stellar]aeternus|Eternatus|HeavyDutyBoots|Pressure|DynamaxCannon,Recover,Toxic,ToxicSpikes|Calm|232,,44,,188,44|N|,0,,,,||999999|,,,,,Fairy]moon|NecrozmaDawnWings|Leftovers|PrismArmor|TeraBlast,MoongeistBeam,Moonlight,CalmMind|Calm|252,,252,,4,|N|,0,,,,||999999|,,,,,Fairy]sun|NecrozmaDuskMane|LumBerry|PrismArmor|DragonDance,SunsteelStrike,Earthquake,PhotonGeyser|Jolly|,252,4,,,252|N|||999999|,,,,,Psychic]op|Rayquaza|LifeOrb|AirLock|DragonDance,DragonAscent,Earthquake,Vcreate|Jolly|,252,4,,,252|N|||999999|,,,,,Flying]spooks|Gengar|Gengarite|CursedBody|ShadowBall,SludgeWave,DestinyBond,Substitute|Timid|,,,252,4,252|F|,0,,,,|S|999999|,,,,,Ghost]acheron|Archaludon|AssaultVest|Stamina|ElectroShot,DracoMeteor,BodyPress,FlashCannon|Modest|248,,52,84,,124|M|,0,,,,||999999|,,,,,Fairy]fairy horse|Xerneas|PowerHerb|FairyAura|Geomancy,Moonblast,Thunder,Substitute|Modest|48,,164,252,,44|N|,0,,,,||999999|,,,,,Fairy]🥺|Cinccino|LoadedDice|Technician|TidyUp,TailSlap,BulletSeed,TripleAxel|Adamant|,252,,,4,252|M|||999999|,,,,,Normal]something|OgerponHearthflame|HearthflameMask|MoldBreaker|SwordsDance,IvyCudgel,PowerWhip,Trailblaze|Adamant|,252,,,4,252|F|||999999|,Poison,,,,Fire]weather|Tyranitar|Tyranitarite|SandStream|StealthRock,ThunderWave,StoneEdge,KnockOff|Adamant|252,252,,,4,|M|||999999|,,,,,Rock]sus|Ditto|ChoiceScarf|Imposter|Transform|Relaxed|252,4,252,,,|N|,,,,,0|S|999999|,,,,,Fairy]ape|Annihilape|Leftovers|Defiant|BulkUp,Taunt,DrainPunch,RageFist|Adamant|240,,,,252,16|M|||999999|,,,,,Water]black ground|Groudon|RedOrb|Drought|Spikes,PrecipiceBlades,WillOWisp,Roar|Impish|244,,252,,,12|N||S|999999|,,,,,Water]black water|Kyogre|BlueOrb|Drizzle|OriginPulse,IceBeam,Thunder,ThunderWave|Modest|240,,,252,,16|N|,0,,,,|S|999999|,,,,,Fairy]fire bird|Moltres|HeavyDutyBoots|FlameBody|Flamethrower,Uturn,WillOWisp,Roost|Bold|248,,164,,,96|N|||999999|,,,,,Fairy]shiny fire|MoltresGalar|SitrusBerry|Berserk|NastyPlot,Agility,FieryWrath,TeraBlast|Modest|,,,252,4,252|N|,0,,,,|S|999999|,,,,,Fairy]electric bird|Zapdos|HeavyDutyBoots|Static|Thunderbolt,Hurricane,VoltSwitch,Roost|Timid|,,,252,4,252|N|||999999|,,,,,Electric]shiny electric|ZapdosGalar|ChoiceBand|Defiant|CloseCombat,BraveBird,KnockOff,Uturn|Jolly|,252,,,4,252|N||S|999999|,,,,,Flying]ice bird|Articuno|HeavyDutyBoots|Pressure|Roost,FreezeDry,Haze,Uturn|Calm|252,,,,160,96|N|||999999|,,,,,Ground]shiny ice|ArticunoGalar|HeavyDutyBoots|Competitive|CalmMind,FreezingGlare,Hurricane,Recover|Timid|248,,124,,,136|N|,0,,,,|S|999999|,,,,,Poison]luigi|Lugia|HeavyDutyBoots|Multiscale|Recover,Whirlwind,Aeroblast,Whirlpool|Calm|252,,4,,252,|N|||999999|,,,,,Fairy]bug|ArceusBug|InsectPlate|Multitype|Judgment,EarthPower,CalmMind,Recover|Timid|248,,,8,,252|N|,0,,,,||999999|,,,,,Water]dark|ArceusDark|DreadPlate|Multitype|CalmMind,Judgment,Recover,Taunt|Timid|248,,,8,,252|N|,0,,,,||999999|,,,,,Fairy]dragon|ArceusDragon|DracoPlate|Multitype|DragonClaw,FlareBlitz,DragonDance,ExtremeSpeed|Adamant|128,252,,,,128|N|||999999|,,,,,Fire]electric|ArceusElectric|ZapPlate|Multitype|Judgment,IceBeam,CalmMind,Recover|Timid|252,,,4,,252|N|,0,,,,||999999|,,,,,Flying]fairy|ArceusFairy|PixiePlate|Multitype|Judgment,Recover,ThunderWave,StealthRock|Bold|248,,244,,,16|N|,0,,,,||999999|,,,,,Water]fighting|ArceusFighting|FistPlate|Multitype|BodyPress,CosmicPower,Recover,StoredPower|Bold|252,,132,,,124|N|,0,,,,||999999|,,,,,Poison]fire|ArceusFire|FlamePlate|Multitype|DragonDance,FlareBlitz,Earthquake,Taunt|Adamant|128,252,,,,128|N|||999999|,,,,,Fire]flying|ArceusFlying|SkyPlate|Multitype|CalmMind,Judgment,Taunt,Recover|Timid|248,,,8,,252|N|,0,,,,||999999|,,,,,Water]ghost|ArceusGhost|SpookyPlate|Multitype|DragonDance,ShadowClaw,Earthquake,Taunt|Adamant|128,252,,,,128|N|||999999|,,,,,Ghost]grass|ArceusGrass|MeadowPlate|Multitype|CalmMind,Judgment,Recover,EarthPower|Timid|252,,,4,,252|N|,0,,,,||999999|,,,,,Ground]ground|ArceusGround|EarthPlate|Multitype|CalmMind,Judgment,PowerGem,Recover|Timid|248,,136,108,,16|N|,0,,,,||999999|,,,,,Fairy]ice|ArceusIce|IciclePlate|Multitype|Judgment,Thunderbolt,CalmMind,Recover|Timid|248,,,8,,252|N|,0,,,,||999999|,,,,,Water]poison|ArceusPoison|ToxicPlate|Multitype|PoisonJab,WillOWisp,Taunt,Recover|Impish|252,,132,,,124|N|||999999|,,,,,Grass]psychic|ArceusPsychic|MindPlate|Multitype|CosmicPower,StoredPower,Recover,Taunt|Bold|252,,132,,,124|N|,0,,,,||999999|,,,,,Poison]rock|ArceusRock|StonePlate|Multitype|Judgment,CalmMind,Recover,GrassKnot|Timid|252,,,4,,252|N|,0,,,,||999999|,,,,,Grass]steel|ArceusSteel|IronPlate|Multitype|Judgment,Thunder,CalmMind,Recover|Timid|252,,4,,,252|N|,0,,,,||999999|,,,,,Water]water|ArceusWater|SplashPlate|Multitype|WillOWisp,Judgment,Recover,DragonTail|Bold|248,,244,,,16|N|||999999|,,,,,Fairy]e4|Kingambit|DreadPlate|SupremeOverlord|SwordsDance,KowtowCleave,IronHead,SuckerPunch|Adamant|124,252,,,,132|F|||999999|,,,,,Dark]d4|Kingambit|DreadPlate|SupremeOverlord|SwordsDance,KowtowCleave,IronHead,SuckerPunch|Adamant|124,252,,,,132|F|||999999|,,,,,Dark]Nf3|Kingambit|DreadPlate|SupremeOverlord|SwordsDance,KowtowCleave,IronHead,SuckerPunch|Adamant|124,252,,,,132|F|||999999|,,,,,Dark]purple 1|CalyrexShadow|ChoiceScarf|AsOneSpectrier|AstralBarrage,GrassKnot,Psychic,Trick|Timid|,,,252,4,252|N|,0,,,,||999999|,,,,,Ghost]purple 2|CalyrexShadow|HeavyDutyBoots|AsOneSpectrier|NastyPlot,AstralBarrage,GrassKnot,Psychic|Timid|,,4,252,,252|N|,0,,,,||999999|,,,,,Stellar]🅱️|Ribombee|FocusSash|ShieldDust|StickyWeb,Moonblast,StunSpore,PsychicNoise|Timid|,,,252,4,252|F|,0,,,,||999999|,,,,,Ghost]1|Cottonee|FocusSash|Infiltrator|LeechSeed,Endeavor,Protect,Substitute|Bold|,60,196,104,,148|M|,0,,0,,||1|,,,,,Grass]x|Charizard|CharizarditeX|Blaze|DragonDance,FlareBlitz,Earthquake,Roost|Jolly|,252,,,4,252|M|||999999|,,,,,Fire]y|Charizard|CharizarditeY|Blaze|WeatherBall,SolarBeam,ScorchingSands,Roost|Timid|,,4,252,,252|F|,0,,,,||999999|,,,,,Fire]bm|Blastoise|Blastoisinite|Torrent|RapidSpin,DarkPulse,AuraSphere,IceBeam|Timid|,,4,252,,252|F|||999999|,,,,,Grass]vm|Venusaur|Venusaurite|Chlorophyll|LeechSeed,Toxic,Synthesis,GrassKnot|Bold|252,,180,,76,|M|,0,,,,||999999|,,,,,Grass]eternal|Eternatus|HeavyDutyBoots|Pressure|DynamaxCannon,Recover,Toxic,ToxicSpikes|Modest|176,,40,64,184,44|N|,0,,,,||999999|,,,,,Fairy]time|Dialga|ChoiceScarf|Pressure|DracoMeteor,FireBlast,DragonPulse,Thunder|Timid|,,,252,4,252|N|,0,,,,||999999|,,,,,Dragon]time-o|DialgaOrigin|AdamantCrystal|Pressure|DracoMeteor,SteelBeam,StealthRock,DragonTail|Timid|252,,,4,,252|N|||999999|,,,,,Ghost]space|Palkia|Leftovers|Pressure|Substitute,SpacialRend,EarthPower,DragonTail|Timid|,,,252,4,252|N|,0,,,,||999999|,,,,,Ground]space-o|PalkiaOrigin|LustrousGlobe|Pressure|HydroPump,FireBlast,DracoMeteor,Substitute|Timid|,,,252,4,252|N|,0,,,,||999999|,,,,,Fairy]antimatter|Giratina|HeavyDutyBoots|Pressure|DragonTail,WillOWisp,Defog,Rest|Impish|252,,252,,4,|N|||999999|,,,,,Fairy]antimatter-o|GiratinaOrigin|GriseousCore|Levitate|Poltergeist,ShadowSneak,DragonTail,Defog|Adamant|184,188,,,136,|N|||999999|,,,,,Steel]double kick?|Smeargle|FocusSash|OwnTempo|StickyWeb,Nuzzle,Taunt,Spore|Jolly|252,4,,,,252|F||S|999999|,,,,,Normal]half-african|Darkrai|LifeOrb|BadDreams|NastyPlot,SludgeBomb,DarkPulse,IceBeam|Timid|,,,252,4,252|N|,0,,,,|S|999999|,,,,,Poison]crown sword|Zacian|RustedSword|IntrepidSword|SwordsDance,PlayRough,WildCharge,CloseCombat|Jolly|,252,,,4,252|N|||999999|,,,,,Fighting]crown shield|Zamazenta|RustedShield|DauntlessShield|BodyPress,IronDefense,Rest,Substitute|Jolly|252,,4,,,252|N|||999999|,,,,,Fighting]bulk|UrsalunaBloodmoon|Leftovers|MindsEye|CalmMind,BloodMoon,HyperVoice,EarthPower|Modest|,,4,252,,252|M|||999999|,,,,,Normal]EoS|ShayminSky|Leftovers|SereneGrace|Substitute,SeedFlare,AirSlash,LeechSeed|Timid|,,,252,4,252|N||S|999999|,,,,,Steel]xxx|Mewtwo|MewtwoniteX|Pressure|LowKick,Taunt,IceBeam,StoneEdge|Jolly|,252,4,,,252|N|||999999|,,,,,Fighting]yyy|Mewtwo|MewtwoniteY|Unnerve|Psystrike,IceBeam,FireBlast,CalmMind|Timid|,,40,216,,252|N|,0,,,,||999999|,,,,,Fire]weM|Mew|SitrusBerry|Synchronize|NastyPlot,PsychicNoise,FireBlast,DrainingKiss|Timid|,,,252,4,252|N|,0,,,,|S|999999|,,,,,Fairy]magic|Alakazam|Alakazite|MagicGuard|Psychic,FocusBlast,Recover,ShadowBall|Timid|,,4,252,,252|M|,0,,,,||999999|,,,,,Psychic]Gardevoir||Gardevoirite|Trace|WillOWisp,Psyshock,HyperVoice,FocusBlast|Timid|,,,252,4,252|M|,0,,,,||999999|,,,,,Psychic]bruh|Sableye|Sablenite|Prankster|FakeOut,FoulPlay,Recover,WillOWisp|Impish|248,,252,,8,|M||S|999999|,,,,,Dark]heal 1|Blissey|LeppaBerry|NaturalCure|HealBell,SoftBoiled,SeismicToss,LightScreen|Bold|252,,252,,4,|F|,0,,,,||999999|,,,,,Normal]heal 2|Blissey|LeppaBerry|NaturalCure|HealBell,SoftBoiled,SeismicToss,LightScreen|Bold|252,,252,,4,|F|,0,,,,||999999|,,,,,Normal]heal 3|Blissey|LeppaBerry|NaturalCure|HealBell,SoftBoiled,SeismicToss,LightScreen|Bold|252,,252,,4,|F|,0,,,,||999999|,,,,,Normal]ite|Dragonite|HeavyDutyBoots|Multiscale|DragonDance,ExtremeSpeed,Earthquake,IceSpinner|Adamant|,252,4,,,252|F|||999999|,,,,,Normal]golden|Gholdengo|AirBalloon|GoodasGold|NastyPlot,ShadowBall,MakeItRain,Recover|Timid|,,,252,4,252|N|||999999|,,,,,Steel]leaf|Serperior|Leftovers|Contrary|LeafStorm,Glare,TeraBlast,Taunt|Timid|76,,,180,,252|F|,0,,,,||999999|,,,,,Stellar]lo|Latios|Latiosite|Levitate|Psychic,Earthquake,IceBeam,Roost|Naive|,4,,252,,252|M|||999999|,,,,,Psychic]la|Latias|Latiasite|Levitate|Defog,Toxic,HealingWish,DracoMeteor|Timid|252,,76,,4,176|F|||999999|,,,,,Dragon]nothing|Deoxys|LifeOrb|Pressure|PsychoBoost,Superpower,ShadowBall,ExtremeSpeed|Naive|,4,,252,,252|N|||999999|,,,,,Psychic]attack|DeoxysAttack|LifeOrb|Pressure|PsychoBoost,ShadowBall,LowKick,RockSlide|Hasty|,4,,252,,252|N|||999999|,,,,,Ghost]defense|DeoxysDefense|HeavyDutyBoots|Pressure|Spikes,NightShade,Recover,KnockOff|Impish|248,,252,,8,|N|||999999|,,,,,Ghost]speed|DeoxysSpeed|RockyHelmet|Pressure|Spikes,Taunt,PsychoBoost,StealthRock|Timid|252,,192,,12,52|N|,0,,,,||999999|,,,,,Ghost]stealix|Steelix|Steelixite|Sturdy|StealthRock,GyroBall,Earthquake,Curse|Brave|252,208,,,48,|M|,,,,,0||999999|,,,,,Steel]salamander|Salamence|Salamencite|Intimidate|DragonDance,DoubleEdge,Roost,Facade|Adamant|44,252,,,,212|F|||999999|,,,,,Normal]LLL|Lopunny|Lopunnite|Limber|CloseCombat,Return,FakeOut,Uturn|Jolly|,252,,,4,252|M|||999999|,,,,,Normal]MMM|Medicham|Medichamite|Telepathy|FakeOut,HighJumpKick,ZenHeadbutt,IcePunch|Jolly|,252,,,4,252|M|||999999|,,,,,Fighting]up yo ass|Beedrill|Beedrillite|Swarm|Uturn,PoisonJab,DrillRun,KnockOff|Jolly|,252,,,4,252|M|||999999|,,,,,Bug]cloud|Altaria|Altarianite|NaturalCure|Defog,Earthquake,Roost,DragonDance|Careful|252,112,76,,4,64|F|||999999|,,,,,Ground]your mom|HoOh|HeavyDutyBoots|Regenerator|SacredFire,BraveBird,Earthquake,Recover|Adamant|208,252,,,4,44|N|||999999|,,,,,Ground]fuck off|ChienPao|HeavyDutyBoots|SwordofRuin|Crunch,IcicleCrash,IceShard,SacredSword|Jolly|,252,4,,,252|N|||999999|,,,,,Dark]chun-li|ChiYu|ChoiceSpecs|BeadsofRuin|Overheat,Flamethrower,FireBlast,DarkPulse|Modest|,,4,252,,252|N|||999999|,,,,,Fire]FM radio|FlutterMane|ChoiceSpecs|Protosynthesis|ShadowBall,Moonblast,Psyshock,PowerGem|Timid|,,,252,4,252|N|,0,,,,||999999|,,,,,Stellar]Fe|IronBundle|HeavyDutyBoots|QuarkDrive|FreezeDry,HydroPump,IceBeam,Taunt|Timid|,,,252,4,252|N|||999999|,,,,,Ice]trick room|Regieleki|LightClay|Transistor|Reflect,LightScreen,Explosion,RapidSpin|Timid|252,,,4,,252|N|||999999|,,,,,Dark]terrorist|MausholdFour|WideLens|Technician|PopulationBomb,TidyUp,Bite,Encore|Jolly|,252,,,4,252|N|||999999|,,,,,Normal]bice|Baxcalibur|LoadedDice|ThermalExchange|IcicleSpear,GlaiveRush,Earthquake,DragonDance|Adamant|,252,,,4,252|F|||999999|,,,,,Fairy]doggo|ChienPao|BlackGlasses|SwordofRuin|SwordsDance,IceSpinner,Crunch,IceShard|Jolly|,252,4,,,252|N|||999999|,,,,,Dark]esfera|Espathra|Leftovers|SpeedBoost|CalmMind,StoredPower,DazzlingGleam,Roost|Bold|152,,244,,,112|F|||999999|,,,,,Fairy]bad|Landorus|LifeOrb|SheerForce|EarthPower,FocusBlast,Psychic,NastyPlot|Timid|,,,252,4,252|M|,0,,,,||999999|,,,,,Ground]luna loud|Lunala|PowerHerb|ShadowShield|Agility,MoongeistBeam,FocusBlast,MeteorBeam|Timid|56,,,252,,200|N|||999999|,,,,,Ghost]heart stealer|Magearna|Leftovers|SoulHeart|IronDefense,CalmMind,DrainingKiss,StoredPower|Bold|248,,252,,8,|N|||999999|,,,,,Water]pp|Palafin|Leftovers|ZerotoHero|JetPunch,BulkUp,DrainPunch,Taunt|Careful|248,8,,,252,|M|||999999|,,,,,Fairy]white dragon|Reshiram|ChoiceSpecs|Turboblaze|BlueFlare,DracoMeteor,EarthPower,ShadowBall|Modest|252,,,252,4,|N|,0,,,,||999999|,,,,,Fire]bitch|Sneasler|ChoiceScarf|PoisonTouch|DireClaw,CloseCombat,Uturn,Switcheroo|Jolly|,252,,,4,252|M|||999999|,,,,,Fighting]sun|Solgaleo|Leftovers|FullMetalBody|SunsteelStrike,MorningSun,TrickRoom,Teleport|Careful|248,8,,,252,|N|||999999|,,,,,Water]nRS|Urshifu|BlackGlasses|UnseenFist|WickedBlow,CloseCombat,SuckerPunch,SwordsDance|Adamant|,252,4,,,252|F|||999999|,,,,,Dark]RS|UrshifuRapidStrike|ChoiceBand|UnseenFist|SurgingStrikes,CloseCombat,PoisonJab,Uturn|Adamant|,252,4,,,252|M|||999999|,,,,,Water]go back to OU|Volcarona|HeavyDutyBoots|FlameBody|QuiverDance,Flamethrower,MorningSun,WillOWisp|Timid|80,,252,,,176|F|,0,,,,||999999|,,,,,Water]zzz|Zekrom|Leftovers|Teravolt|DragonDance,BoltStrike,DragonClaw,Substitute|Jolly|,252,4,,,252|N|||999999|,,,,,Flying]2.71828183|EternatusEternamax|HeavyDutyBoots|Pressure|CosmicPower,Recover,MeteorBeam,DragonPulse|Timid|252,,,4,,252|N|,0,,,,||999999|,,,,,Fairy]M1|Miraidon|HeavyDutyBoots|HadronEngine|ElectroDrift,DracoMeteor,Uturn,CalmMind|Timid|,,,252,4,252|N|||999999|,Ghost,,,,Fairy]M2|Miraidon|ChoiceSpecs|HadronEngine|ElectroDrift,DracoMeteor,Overheat,Uturn|Timid|,,,252,4,252|N|||999999|,Ghost,,,,Dragon]NU|NecrozmaDuskMane|UltranecroziumZ|PrismArmor|SwordsDance,PhotonGeyser,Earthquake,StoneEdge|Jolly|,224,32,,,252|N|||999999|,,,,,Psychic](NU)|NecrozmaDawnWings|UltranecroziumZ|PrismArmor|SwordsDance,PhotonGeyser,Earthquake,Outrage|Jolly|,224,32,,,252|N|||999999|,,,,,Psychic]n-n|NecrozmaDuskMane|HeavyDutyBoots|PrismArmor|DragonDance,SunsteelStrike,Earthquake,Moonlight|Impish|252,,136,,,120|N|||999999|,,,,,Fire]nnn|NecrozmaDuskMane|LifeOrb|PrismArmor|DragonDance,SunsteelStrike,Earthquake,StoneEdge|Jolly|,252,4,,,252|N|||999999|,,,,,Steel]F1|ArceusFairy|PixiePlate|Multitype|CalmMind,Judgment,EarthPower,Recover|Timid|,,4,252,,252|N|,0,,,,||999999|,,,,,Water]F2|ArceusFairy|PixiePlate|Multitype|WillOWisp,Judgment,Recover,Taunt|Bold|248,,244,,,16|N|||999999|,,,,,Poison]snow warning|Abomasnow|Abomasite|SnowWarning|Blizzard,GigaDrain,EarthPower,AuroraVeil|Timid|,,4,252,,252|M|||999999|,,,,,Ground]darkness|Absol|Absolite|Justified|KnockOff,Pursuit,FireBlast,SuckerPunch|Jolly|,252,,,4,252|F|||999999|,,,,,Dark]fliers|Aerodactyl|Aerodactylite|RockHead|StoneEdge,Earthquake,DualWingbeat,Roost|Jolly|,252,,,4,252|F|||999999|,,,,,Rock]aggressive|Aggron|Aggronite|Sturdy|StealthRock,HeavySlam,BodyPress,Toxic|Careful|252,,4,,252,|F|||999999|,,,,,Steel]deep amp plains|Ampharos|Ampharosite|Static|Thunderbolt,DragonPulse,FocusBlast,VoltSwitch|Modest|128,,,252,,128|M|,0,,,,||999999|,,,,,Electric]someone|Audino|Audinite|Regenerator|Wish,Protect,HealBell,KnockOff|Calm|252,,4,,252,|F|||999999|,,,,,Normal]mega spooky|Banette|Banettite|Frisk|Poltergeist,Encore,DestinyBond,WillOWisp|Adamant|,252,4,,,252|M|||999999|,,,,,Ghost]mega blaziken|Blaziken|Blazikenite|SpeedBoost|SwordsDance,FlareBlitz,LowKick,StoneEdge|Adamant|,252,4,,,252|F|||999999|,,,,,Fire]volcano|Camerupt|Cameruptite|SolidRock|StealthRock,LavaPlume,EarthPower,Yawn|Calm|252,,,,168,88|M|||999999|,,,,,Grass]another one|Steelix|Steelixite|Sturdy|Curse,HeavySlam,Rest,SleepTalk|Impish|252,4,,,252,|F|||999999|,,,,,Steel]pink dialga|Diancie|Diancite|ClearBody|Moonblast,DiamondStorm,MysticalFire,StealthRock|Naive|,28,,228,,252|N|||999999|,,,,,Rock]ggg|Gallade|Galladite|Justified|SwordsDance,CloseCombat,ZenHeadbutt,TripleAxel|Jolly|,252,,,4,252|M|||999999|,,,,,Psychic]mega smogon|Garchomp|Garchompite|RoughSkin|SwordsDance,Earthquake,ScaleShot,FireFang|Jolly|,252,,,4,252|F|||999999|,,,,,Dragon]frozen|Glalie|Glalitite|InnerFocus|Spikes,DoubleEdge,Earthquake,FreezeDry|Jolly|,252,,,4,252|M|||999999|,,,,,Ice]fish|Gyarados|Gyaradosite|Intimidate|Waterfall,Crunch,Taunt,DragonDance|Jolly|,252,4,,,252|F|||999999|,,,,,Water]joe biden|Heracross|Heracronite|Swarm|SwordsDance,CloseCombat,RockBlast,PinMissile|Adamant|,252,,,4,252|F|||999999|,,,,,Bug]dark horse|Houndoom|Houndoominite|FlashFire|NastyPlot,DarkPulse,FireBlast,SludgeBomb|Timid|,,,252,4,252|F|,0,,,,||999999|,,,,,Dark]storage|Kangaskhan|Kangaskhanite|Scrappy|FakeOut,SeismicToss,ShadowClaw,BodySlam|Jolly|52,180,36,,8,232|F|||999999|,,,,,Normal]really good|Lucario|Lucarionite|Justified|SwordsDance,MeteorMash,CloseCombat,BulletPunch|Jolly|,252,,,4,252|F|||999999|,,,,,Fighting]amp plains boss|Manectric|Manectite|LightningRod|VoltSwitch,Thunderbolt,Overheat,HiddenPowerIce|Timid|,,,252,4,252|M|,0,,,,||999999|,Ice,,,,Electric]touhou|Mawile|Mawilite|Intimidate|SwordsDance,PlayRough,KnockOff,SuckerPunch|Adamant|116,252,,,,140|M|||999999|,,,,,Steel]wtf|Metagross|Metagrossite|ClearBody|MeteorMash,IcePunch,RockSlide,BulletPunch|Jolly|232,60,,,40,176|N|||999999|,,,,,Steel]blow job|Pidgeot|Pidgeotite|BigPecks|Uturn,Hurricane,HeatWave,Roost|Timid|,,,252,4,252|F|||999999|,,,,,Normal]BJ|Pinsir|Pinsirite|Moxie|SwordsDance,Return,QuickAttack,CloseCombat|Jolly|,252,,,4,252|M|||999999|,,,,,Bug]leaves|Sceptile|Sceptilite|Overgrow|LeafStorm,DragonPulse,FocusBlast,HiddenPowerFire|Timid|,,,252,4,252|F|,0,,,,||999999|,Fire,,,,Grass]scissors|Scizor|Scizorite|LightMetal|SwordsDance,BulletPunch,KnockOff,Roost|Impish|248,,112,,128,20|F|||999999|,,,,,Bug]lifeguard|Sharpedo|Sharpedonite|SpeedBoost|Crunch,PsychicFangs,CloseCombat,Protect|Adamant|,252,,,4,252|F|||999999|,,,,,Water]fastest pokemon|Slowbro|Slowbronite|Regenerator|Toxic,Scald,SlackOff,IronDefense|Bold|248,,216,,44,|M|||999999|,,,,,Water]thunderbolt|Swampert|Swampertite|Torrent|Earthquake,Waterfall,FlipTurn,Superpower|Jolly|,252,,,4,252|F|||999999|,,,,,Water]cc|CalyrexIce|ClearAmulet|AsOneGlastrier|GlacialLance,HighHorsepower,TrickRoom,Protect|Adamant|252,196,,,60,|N|||999999|,,,,,Fire]pouring rain|Castform|WateriumZ|Forecast|WeatherBall,HydroPump,IceBeam,Thunder|Timid|,,,252,4,252|F|,0,,,,||999999|,,,,,Normal]heal 4|Blissey|LeppaBerry|NaturalCure|HealBell,SoftBoiled,SeismicToss,LightScreen|Bold|252,,252,,4,|F|,0,,,,||999999|,,,,,Normal]heal 5|Blissey|LeppaBerry|NaturalCure|HealBell,SoftBoiled,SeismicToss,LightScreen|Bold|252,,252,,4,|F|,0,,,,||999999|,,,,,Normal]heal 6|Blissey|LeppaBerry|NaturalCure|HealBell,SoftBoiled,SeismicToss,LightScreen|Bold|252,,252,,4,|F|,0,,,,||999999|,,,,,Normal]heal 7|Blissey|LeppaBerry|NaturalCure|HealBell,SoftBoiled,SeismicToss,LightScreen|Bold|252,,252,,4,|F|,0,,,,||999999|,,,,,Normal]heal 8|Blissey|LeppaBerry|NaturalCure|HealBell,SoftBoiled,SeismicToss,LightScreen|Bold|252,,252,,4,|F|,0,,,,||999999|,,,,,Normal]gambling|KyuremBlack|LoadedDice|Teravolt|DragonDance,FusionBolt,IcicleSpear,ScaleShot|Jolly|,252,4,,,252|N|||999999|,,,,,Electric]cold|KyuremWhite|ChoiceScarf|Turboblaze|DracoMeteor,IceBeam,FreezeDry,FusionFlare|Timid|,,,252,4,252|N|,0,,,,||999999|,,,,,Fire]trap|ArceusDark|DreadPlate|Multitype|Whirlpool,PerishSong,Protect,Recover|Timid|252,,,4,,252|N|,0,,,,||999999|,,,,,Ghost]double kick!|Terrakion|FocusSash|Justified|DoubleKick,StealthRock,Taunt,Toxic|Jolly|252,4,,,,252|N|||999999|,,,,,Rock]mcmeghan|Gyarados|LumBerry|Intimidate|DragonDance,Waterfall,StoneEdge,Taunt|Adamant|,252,,,4,252|F|||999999|,,,,,Water]lavos|Heatran|FocusSash|FlashFire|StealthRock,Eruption,Overheat,Explosion|Quiet|200,56,,252,,|M|||999999|,,,,,Grass]fan|RotomFan|HeavyDutyBoots|Levitate|Defog,VoltSwitch,AirSlash,WillOWisp|Timid|252,,,,4,252|N|,0,,,,||999999|,,,,,Electric]frost|RotomFrost|Leftovers|Levitate|NastyPlot,Blizzard,Thunderbolt,Substitute|Timid|,,,252,4,252|N|||999999|,,,,,Ghost]heat|RotomHeat|HeavyDutyBoots|Levitate|NastyPlot,Overheat,Thunderbolt,PainSplit|Timid|248,,,8,,252|N|,0,,,,||999999|,,,,,Steel]mow|RotomMow|Leftovers|Levitate|VoltSwitch,Thunderbolt,LeafStorm,NastyPlot|Timid|,,,252,4,252|N|,0,,,,||999999|,,,,,Electric]wash|RotomWash|Leftovers|Levitate|VoltSwitch,HydroPump,PainSplit,WillOWisp|Bold|252,,244,,,12|N|||999999|,,,,,Steel]anna|Kartana|FightiniumZ|BeastBoost|SwordsDance,LeafBlade,SacredSword,KnockOff|Jolly|,252,,,4,252|N|||999999|,,,,,Grass]e1|EternatusEternamax|HeavyDutyBoots|Pressure|DynamaxCannon,Recover,Toxic,ToxicSpikes|Calm|232,,44,,188,44|N|,0,,,,||999999|,,,,,Fairy]e2|EternatusEternamax|HeavyDutyBoots|Pressure|DynamaxCannon,Flamethrower,Recover,Toxic|Timid|96,,,,236,176|N|||999999|,,,,,Fairy]e3|EternatusEternamax|LifeOrb|Pressure|SludgeBomb,DynamaxCannon,FireBlast,Recover|Timid|,,4,252,,252|N|,0,,,,||999999|,,,,,Steel]e4|EternatusEternamax|HeavyDutyBoots|Pressure|DynamaxCannon,Toxic,ToxicSpikes,Recover|Timid|204,,,,252,52|N|,0,,,,||999999|,,,,,Fairy]e5|EternatusEternamax|PowerHerb|Pressure|Agility,MeteorBeam,DynamaxCannon,FireBlast|Modest|168,,,252,,88|N|,0,,,,||999999|,,,,,Fire]e6|EternatusEternamax|ChoiceScarf|Pressure|DynamaxCannon,SludgeBomb,Flamethrower,ToxicSpikes|Modest|,,,252,4,252|N|,0,,,,||999999|,,,,,Fire]cs1|CalyrexShadow|HeavyDutyBoots|AsOneSpectrier|NastyPlot,AstralBarrage,GrassKnot,Psychic|Timid|,,4,252,,252|N|,0,,,,||999999|,,,,,Normal]cs2|CalyrexShadow|ChoiceScarf|AsOneSpectrier|AstralBarrage,GrassKnot,Psychic,Trick|Timid|,,,252,4,252|N|,0,,,,||999999|,,,,,Ghost]cs3|CalyrexShadow|FocusSash|AsOneSpectrier|AstralBarrage,Psyshock,DrainingKiss,NastyPlot|Timid|4,,,252,,252|N|,0,,,,||999999|,,,,,Fairy]cs4|CalyrexShadow|ChoiceScarf|AsOneSpectrier|AstralBarrage,Psyshock,DrainingKiss,Trick|Timid|4,,,252,,252|N|,0,,,,||999999|,,,,,Fairy]cs5|CalyrexShadow|FocusSash|AsOneSpectrier|AstralBarrage,Psyshock,NastyPlot,Protect|Timid|,,20,236,,252|N|,0,,,,||999999|,,,,,Ghost]cs6|CalyrexShadow|LifeOrb|AsOneSpectrier|AstralBarrage,Psyshock,TeraBlast,Protect|Timid|,,20,236,,252|N|,0,,,,||999999|,,,,,Fighting]z1|Zacian|RustedSword|IntrepidSword|SwordsDance,ironhead,CloseCombat,WildCharge|Jolly|,252,,,4,252|N|||999999|,,,,,Fighting]z2|Zacian|RustedSword|IntrepidSword|SwordsDance,PlayRough,WildCharge,Crunch|Jolly|,252,,,4,252|N|||999999|,,,,,Dark]z3|Zacian|RustedSword|IntrepidSword|SwordsDance,ironhead,PlayRough,TeraBlast|Jolly|4,252,,,,252|N|||999999|,,,,,Water]z4|Zacian|RustedSword|IntrepidSword|ironhead,PlayRough,SwordsDance,Protect|Adamant|204,76,28,,12,188|N|||999999|,,,,,Stellar]z5|Zacian|RustedSword|IntrepidSword|SwordsDance,PlayRough,CloseCombat,WildCharge|Jolly|,252,,,4,252|N|||999999|,,,,,Fighting]z6|Zacian|RustedSword|IntrepidSword|ironhead,WildCharge,CloseCombat,Assurance|Adamant|96,216,,,84,112|N|||999999|,,,,,Fairy]eee|Arceus|HeavyDutyBoots|Multitype|SwordsDance,ExtremeSpeed,ShadowClaw,Recover|Adamant|200,252,,,,56|N|||999999|,,,,,Normal]RLTHW|Arceus|FocusSash|Multitype|Tailwind,Reflect,LightScreen,HealingWish|Timid|252,,,,4,252|N|,0,,,,||999999|,,,,,Ghost]hickensa|ArceusGround|EarthPlate|Multitype|DragonDance,Earthquake,StoneEdge,Recover|Impish|248,56,136,,,68|N|||999999|,,,,,Fairy]black|KyuremWhite|ChoiceSpecs|Turboblaze|DracoMeteor,IceBeam,FreezeDry,FusionFlare|Modest|,,,252,4,252|N|,0,,,,||999999|,,,,,Fire]white|KyuremBlack|LoadedDice|Teravolt|DragonDance,FusionBolt,IcicleSpear,ScaleShot|Jolly|,252,4,,,252|N|||999999|,,,,,Electric]deez nuts|DeoxysAttack|LifeOrb|Pressure|PsychoBoost,ShadowBall,LowKick,RockSlide|Naive|,4,,252,,252|N|||999999|,,,,,Ghost]god|Arceus|Leftovers|Multitype|SwordsDance,ExtremeSpeed,ShadowClaw,Taunt|Adamant|204,252,,,,52|N|||999999|,,,,,Normal]my little pony|CalyrexShadow|HeavyDutyBoots|AsOneSpectrier|NastyPlot,AstralBarrage,GrassKnot,Psyshock|Timid|,,4,252,,252|N|,0,,,,||999999|,,,,,Normal]my beeg pony|CalyrexIce|WeaknessPolicy|AsOneGlastrier|TrickRoom,GlacialLance,SwordsDance,HighHorsepower|Adamant|252,252,4,,,|N|||999999|,,,,,Ground]all types|Terapagos|HeavyDutyBoots|TeraShift|TeraStarstorm,Flamethrower,IceBeam,CalmMind|Modest|,,,252,4,252|M|,15,,,,||999999|,Dark,,,,Stellar]aeternus|Eternatus|HeavyDutyBoots|Pressure|DynamaxCannon,Recover,Toxic,ToxicSpikes|Calm|232,,44,,188,44|N|,0,,,,||999999|,,,,,Fairy]moon|NecrozmaDawnWings|Leftovers|PrismArmor|TeraBlast,MoongeistBeam,Moonlight,CalmMind|Calm|252,,252,,4,|N|,0,,,,||999999|,,,,,Fairy]sun|NecrozmaDuskMane|LumBerry|PrismArmor|DragonDance,SunsteelStrike,Earthquake,PhotonGeyser|Jolly|,252,4,,,252|N|||999999|,,,,,Psychic]op|Rayquaza|LifeOrb|AirLock|DragonDance,DragonAscent,Earthquake,Vcreate|Jolly|,252,4,,,252|N|||999999|,,,,,Flying]spooks|Gengar|Gengarite|CursedBody|ShadowBall,SludgeWave,DestinyBond,Substitute|Timid|,,,252,4,252|M|,0,,,,|S|999999|,,,,,Ghost]acheron|Archaludon|AssaultVest|Stamina|ElectroShot,DracoMeteor,BodyPress,FlashCannon|Modest|248,,52,84,,124|F|,0,,,,||999999|,,,,,Fairy]fairy horse|Xerneas|PowerHerb|FairyAura|Geomancy,Moonblast,Thunder,Substitute|Modest|48,,164,252,,44|N|,0,,,,||999999|,,,,,Fairy]🥺|Cinccino|LoadedDice|Technician|TidyUp,TailSlap,BulletSeed,TripleAxel|Adamant|,252,,,4,252|M|||999999|,,,,,Normal]something|OgerponHearthflame|HearthflameMask|MoldBreaker|SwordsDance,IvyCudgel,PowerWhip,Trailblaze|Adamant|,252,,,4,252|F|||999999|,Poison,,,,Fire]weather|Tyranitar|Tyranitarite|SandStream|StealthRock,ThunderWave,StoneEdge,KnockOff|Adamant|252,252,,,4,|F|||999999|,,,,,Rock]sus|Ditto|ChoiceScarf|Imposter|Transform|Relaxed|252,4,252,,,|N|,,,,,0|S|999999|,,,,,Fairy]ape|Annihilape|Leftovers|Defiant|BulkUp,Taunt,DrainPunch,RageFist|Adamant|240,,,,252,16|F|||999999|,,,,,Water]black ground|Groudon|RedOrb|Drought|Spikes,PrecipiceBlades,WillOWisp,Roar|Impish|244,,252,,,12|N||S|999999|,,,,,Water]black water|Kyogre|BlueOrb|Drizzle|OriginPulse,IceBeam,Thunder,ThunderWave|Modest|240,,,252,,16|N|,0,,,,|S|999999|,,,,,Fairy]fire bird|Moltres|HeavyDutyBoots|FlameBody|Flamethrower,Uturn,WillOWisp,Roost|Bold|248,,164,,,96|N|||999999|,,,,,Fairy]shiny fire|MoltresGalar|SitrusBerry|Berserk|NastyPlot,Agility,FieryWrath,TeraBlast|Modest|,,,252,4,252|N|,0,,,,|S|999999|,,,,,Fairy]electric bird|Zapdos|HeavyDutyBoots|Static|Thunderbolt,Hurricane,VoltSwitch,Roost|Timid|,,,252,4,252|N|||999999|,,,,,Electric]shiny electric|ZapdosGalar|ChoiceBand|Defiant|CloseCombat,BraveBird,KnockOff,Uturn|Jolly|,252,,,4,252|N||S|999999|,,,,,Flying]ice bird|Articuno|HeavyDutyBoots|Pressure|Roost,FreezeDry,Haze,Uturn|Calm|252,,,,160,96|N|||999999|,,,,,Ground]shiny ice|ArticunoGalar|HeavyDutyBoots|Competitive|CalmMind,FreezingGlare,Hurricane,Recover|Timid|248,,124,,,136|N|,0,,,,|S|999999|,,,,,Poison]luigi|Lugia|HeavyDutyBoots|Multiscale|Recover,Whirlwind,Aeroblast,Whirlpool|Calm|252,,4,,252,|N|||999999|,,,,,Fairy]bug|ArceusBug|InsectPlate|Multitype|Judgment,EarthPower,CalmMind,Recover|Timid|248,,,8,,252|N|,0,,,,||999999|,,,,,Water]dark|ArceusDark|DreadPlate|Multitype|CalmMind,Judgment,Recover,Taunt|Timid|248,,,8,,252|N|,0,,,,||999999|,,,,,Fairy]dragon|ArceusDragon|DracoPlate|Multitype|DragonClaw,FlareBlitz,DragonDance,ExtremeSpeed|Adamant|128,252,,,,128|N|||999999|,,,,,Fire]electric|ArceusElectric|ZapPlate|Multitype|Judgment,IceBeam,CalmMind,Recover|Timid|252,,,4,,252|N|,0,,,,||999999|,,,,,Flying]fairy|ArceusFairy|PixiePlate|Multitype|Judgment,Recover,ThunderWave,StealthRock|Bold|248,,244,,,16|N|,0,,,,||999999|,,,,,Water]fighting|ArceusFighting|FistPlate|Multitype|BodyPress,CosmicPower,Recover,StoredPower|Bold|252,,132,,,124|N|,0,,,,||999999|,,,,,Poison]fire|ArceusFire|FlamePlate|Multitype|DragonDance,FlareBlitz,Earthquake,Taunt|Adamant|128,252,,,,128|N|||999999|,,,,,Fire]flying|ArceusFlying|SkyPlate|Multitype|CalmMind,Judgment,Taunt,Recover|Timid|248,,,8,,252|N|,0,,,,||999999|,,,,,Water]ghost|ArceusGhost|SpookyPlate|Multitype|DragonDance,ShadowClaw,Earthquake,Taunt|Adamant|128,252,,,,128|N|||999999|,,,,,Ghost]grass|ArceusGrass|MeadowPlate|Multitype|CalmMind,Judgment,Recover,EarthPower|Timid|252,,,4,,252|N|,0,,,,||999999|,,,,,Ground]ground|ArceusGround|EarthPlate|Multitype|CalmMind,Judgment,PowerGem,Recover|Timid|248,,136,108,,16|N|,0,,,,||999999|,,,,,Fairy]ice|ArceusIce|IciclePlate|Multitype|Judgment,Thunderbolt,CalmMind,Recover|Timid|248,,,8,,252|N|,0,,,,||999999|,,,,,Water]poison|ArceusPoison|ToxicPlate|Multitype|PoisonJab,WillOWisp,Taunt,Recover|Impish|252,,132,,,124|N|||999999|,,,,,Grass]psychic|ArceusPsychic|MindPlate|Multitype|CosmicPower,StoredPower,Recover,Taunt|Bold|252,,132,,,124|N|,0,,,,||999999|,,,,,Poison]rock|ArceusRock|StonePlate|Multitype|Judgment,CalmMind,Recover,GrassKnot|Timid|252,,,4,,252|N|,0,,,,||999999|,,,,,Grass]steel|ArceusSteel|IronPlate|Multitype|Judgment,Thunder,CalmMind,Recover|Timid|252,,4,,,252|N|,0,,,,||999999|,,,,,Water]water|ArceusWater|SplashPlate|Multitype|WillOWisp,Judgment,Recover,DragonTail|Bold|248,,244,,,16|N|||999999|,,,,,Fairy]e4|Kingambit|DreadPlate|SupremeOverlord|SwordsDance,KowtowCleave,IronHead,SuckerPunch|Adamant|124,252,,,,132|F|||999999|,,,,,Dark]d4|Kingambit|DreadPlate|SupremeOverlord|SwordsDance,KowtowCleave,IronHead,SuckerPunch|Adamant|124,252,,,,132|M|||999999|,,,,,Dark]Nf3|Kingambit|DreadPlate|SupremeOverlord|SwordsDance,KowtowCleave,IronHead,SuckerPunch|Adamant|124,252,,,,132|F|||999999|,,,,,Dark]purple 1|CalyrexShadow|ChoiceScarf|AsOneSpectrier|AstralBarrage,GrassKnot,Psychic,Trick|Timid|,,,252,4,252|N|,0,,,,||999999|,,,,,Ghost]purple 2|CalyrexShadow|HeavyDutyBoots|AsOneSpectrier|NastyPlot,AstralBarrage,GrassKnot,Psychic|Timid|,,4,252,,252|N|,0,,,,||999999|,,,,,Stellar]🅱️|Ribombee|FocusSash|ShieldDust|StickyWeb,Moonblast,StunSpore,PsychicNoise|Timid|,,,252,4,252|M|,0,,,,||999999|,,,,,Ghost]1|Cottonee|FocusSash|Infiltrator|LeechSeed,Endeavor,Protect,Substitute|Bold|,60,196,104,,148|M|,0,,0,,||1|,,,,,Grass]x|Charizard|CharizarditeX|Blaze|DragonDance,FlareBlitz,Earthquake,Roost|Jolly|,252,,,4,252|F|||999999|,,,,,Fire]y|Charizard|CharizarditeY|Blaze|WeatherBall,SolarBeam,ScorchingSands,Roost|Timid|,,4,252,,252|M|,0,,,,||999999|,,,,,Fire]bm|Blastoise|Blastoisinite|Torrent|RapidSpin,DarkPulse,AuraSphere,IceBeam|Timid|,,4,252,,252|F|||999999|,,,,,Grass]vm|Venusaur|Venusaurite|Chlorophyll|LeechSeed,Toxic,Synthesis,GrassKnot|Bold|252,,180,,76,|F|,0,,,,||999999|,,,,,Grass]eternal|Eternatus|HeavyDutyBoots|Pressure|DynamaxCannon,Recover,Toxic,ToxicSpikes|Modest|176,,40,64,184,44|N|,0,,,,||999999|,,,,,Fairy]time|Dialga|ChoiceScarf|Pressure|DracoMeteor,FireBlast,DragonPulse,Thunder|Timid|,,,252,4,252|N|,0,,,,||999999|,,,,,Dragon]time-o|DialgaOrigin|AdamantCrystal|Pressure|DracoMeteor,SteelBeam,StealthRock,DragonTail|Timid|252,,,4,,252|N|||999999|,,,,,Ghost]space|Palkia|Leftovers|Pressure|Substitute,SpacialRend,EarthPower,DragonTail|Timid|,,,252,4,252|N|,0,,,,||999999|,,,,,Ground]space-o|PalkiaOrigin|LustrousGlobe|Pressure|HydroPump,FireBlast,DracoMeteor,Substitute|Timid|,,,252,4,252|N|,0,,,,||999999|,,,,,Fairy]antimatter|Giratina|HeavyDutyBoots|Pressure|DragonTail,WillOWisp,Defog,Rest|Impish|252,,252,,4,|N|||999999|,,,,,Fairy]antimatter-o|GiratinaOrigin|GriseousCore|Levitate|Poltergeist,ShadowSneak,DragonTail,Defog|Adamant|184,188,,,136,|N|||999999|,,,,,Steel]double kick?|Smeargle|FocusSash|OwnTempo|StickyWeb,Nuzzle,Taunt,Spore|Jolly|252,4,,,,252|M||S|999999|,,,,,Normal]half-african|Darkrai|LifeOrb|BadDreams|NastyPlot,SludgeBomb,DarkPulse,IceBeam|Timid|,,,252,4,252|N|,0,,,,|S|999999|,,,,,Poison]crown sword|Zacian|RustedSword|IntrepidSword|SwordsDance,PlayRough,WildCharge,CloseCombat|Jolly|,252,,,4,252|N|||999999|,,,,,Fighting]crown shield|Zamazenta|RustedShield|DauntlessShield|BodyPress,IronDefense,Rest,Substitute|Jolly|252,,4,,,252|N|||999999|,,,,,Fighting]bulk|UrsalunaBloodmoon|Leftovers|MindsEye|CalmMind,BloodMoon,HyperVoice,EarthPower|Modest|,,4,252,,252|M|||999999|,,,,,Normal]EoS|ShayminSky|Leftovers|SereneGrace|Substitute,SeedFlare,AirSlash,LeechSeed|Timid|,,,252,4,252|N||S|999999|,,,,,Steel]xxx|Mewtwo|MewtwoniteX|Pressure|LowKick,Taunt,IceBeam,StoneEdge|Jolly|,252,4,,,252|N|||999999|,,,,,Fighting]yyy|Mewtwo|MewtwoniteY|Unnerve|Psystrike,IceBeam,FireBlast,CalmMind|Timid|,,40,216,,252|N|,0,,,,||999999|,,,,,Fire]weM|Mew|SitrusBerry|Synchronize|NastyPlot,PsychicNoise,FireBlast,DrainingKiss|Timid|,,,252,4,252|N|,0,,,,|S|999999|,,,,,Fairy]magic|Alakazam|Alakazite|MagicGuard|Psychic,FocusBlast,Recover,ShadowBall|Timid|,,4,252,,252|F|,0,,,,||999999|,,,,,Psychic]Gardevoir||Gardevoirite|Trace|WillOWisp,Psyshock,HyperVoice,FocusBlast|Timid|,,,252,4,252|F|,0,,,,||999999|,,,,,Psychic]bruh|Sableye|Sablenite|Prankster|FakeOut,FoulPlay,Recover,WillOWisp|Impish|248,,252,,8,|M||S|999999|,,,,,Dark]heal 1|Blissey|LeppaBerry|NaturalCure|HealBell,SoftBoiled,SeismicToss,LightScreen|Bold|252,,252,,4,|F|,0,,,,||999999|,,,,,Normal]heal 2|Blissey|LeppaBerry|NaturalCure|HealBell,SoftBoiled,SeismicToss,LightScreen|Bold|252,,252,,4,|F|,0,,,,||999999|,,,,,Normal]heal 3|Blissey|LeppaBerry|NaturalCure|HealBell,SoftBoiled,SeismicToss,LightScreen|Bold|252,,252,,4,|F|,0,,,,||999999|,,,,,Normal]ite|Dragonite|HeavyDutyBoots|Multiscale|DragonDance,ExtremeSpeed,Earthquake,IceSpinner|Adamant|,252,4,,,252|F|||999999|,,,,,Normal]golden|Gholdengo|AirBalloon|GoodasGold|NastyPlot,ShadowBall,MakeItRain,Recover|Timid|,,,252,4,252|N|||999999|,,,,,Steel]leaf|Serperior|Leftovers|Contrary|LeafStorm,Glare,TeraBlast,Taunt|Timid|76,,,180,,252|F|,0,,,,||999999|,,,,,Stellar]lo|Latios|Latiosite|Levitate|Psychic,Earthquake,IceBeam,Roost|Naive|,4,,252,,252|M|||999999|,,,,,Psychic]la|Latias|Latiasite|Levitate|Defog,Toxic,HealingWish,DracoMeteor|Timid|252,,76,,4,176|F|||999999|,,,,,Dragon]nothing|Deoxys|LifeOrb|Pressure|PsychoBoost,Superpower,ShadowBall,ExtremeSpeed|Naive|,4,,252,,252|N|||999999|,,,,,Psychic]attack|DeoxysAttack|LifeOrb|Pressure|PsychoBoost,ShadowBall,LowKick,RockSlide|Hasty|,4,,252,,252|N|||999999|,,,,,Ghost]defense|DeoxysDefense|HeavyDutyBoots|Pressure|Spikes,NightShade,Recover,KnockOff|Impish|248,,252,,8,|N|||999999|,,,,,Ghost]speed|DeoxysSpeed|RockyHelmet|Pressure|Spikes,Taunt,PsychoBoost,StealthRock|Timid|252,,192,,12,52|N|,0,,,,||999999|,,,,,Ghost]stealix|Steelix|Steelixite|Sturdy|StealthRock,GyroBall,Earthquake,Curse|Brave|252,208,,,48,|F|,,,,,0||999999|,,,,,Steel]salamander|Salamence|Salamencite|Intimidate|DragonDance,DoubleEdge,Roost,Facade|Adamant|44,252,,,,212|M|||999999|,,,,,Normal]LLL|Lopunny|Lopunnite|Limber|CloseCombat,Return,FakeOut,Uturn|Jolly|,252,,,4,252|F|||999999|,,,,,Normal]MMM|Medicham|Medichamite|Telepathy|FakeOut,HighJumpKick,ZenHeadbutt,IcePunch|Jolly|,252,,,4,252|M|||999999|,,,,,Fighting]up yo ass|Beedrill|Beedrillite|Swarm|Uturn,PoisonJab,DrillRun,KnockOff|Jolly|,252,,,4,252|M|||999999|,,,,,Bug]cloud|Altaria|Altarianite|NaturalCure|Defog,Earthquake,Roost,DragonDance|Careful|252,112,76,,4,64|F|||999999|,,,,,Ground]your mom|HoOh|HeavyDutyBoots|Regenerator|SacredFire,BraveBird,Earthquake,Recover|Adamant|208,252,,,4,44|N|||999999|,,,,,Ground]fuck off|ChienPao|HeavyDutyBoots|SwordofRuin|Crunch,IcicleCrash,IceShard,SacredSword|Jolly|,252,4,,,252|N|||999999|,,,,,Dark]chun-li|ChiYu|ChoiceSpecs|BeadsofRuin|Overheat,Flamethrower,FireBlast,DarkPulse|Modest|,,4,252,,252|N|||999999|,,,,,Fire]FM radio|FlutterMane|ChoiceSpecs|Protosynthesis|ShadowBall,Moonblast,Psyshock,PowerGem|Timid|,,,252,4,252|N|,0,,,,||999999|,,,,,Stellar]Fe|IronBundle|HeavyDutyBoots|QuarkDrive|FreezeDry,HydroPump,IceBeam,Taunt|Timid|,,,252,4,252|N|||999999|,,,,,Ice]trick room|Regieleki|LightClay|Transistor|Reflect,LightScreen,Explosion,RapidSpin|Timid|252,,,4,,252|N|||999999|,,,,,Dark]terrorist|MausholdFour|WideLens|Technician|PopulationBomb,TidyUp,Bite,Encore|Jolly|,252,,,4,252|N|||999999|,,,,,Normal]bice|Baxcalibur|LoadedDice|ThermalExchange|IcicleSpear,GlaiveRush,Earthquake,DragonDance|Adamant|,252,,,4,252|M|||999999|,,,,,Fairy]doggo|ChienPao|BlackGlasses|SwordofRuin|SwordsDance,IceSpinner,Crunch,IceShard|Jolly|,252,4,,,252|N|||999999|,,,,,Dark]esfera|Espathra|Leftovers|SpeedBoost|CalmMind,StoredPower,DazzlingGleam,Roost|Bold|152,,244,,,112|F|||999999|,,,,,Fairy]bad|Landorus|LifeOrb|SheerForce|EarthPower,FocusBlast,Psychic,NastyPlot|Timid|,,,252,4,252|M|,0,,,,||999999|,,,,,Ground]luna loud|Lunala|PowerHerb|ShadowShield|Agility,MoongeistBeam,FocusBlast,MeteorBeam|Timid|56,,,252,,200|N|||999999|,,,,,Ghost]heart stealer|Magearna|Leftovers|SoulHeart|IronDefense,CalmMind,DrainingKiss,StoredPower|Bold|248,,252,,8,|N|||999999|,,,,,Water]pp|Palafin|Leftovers|ZerotoHero|JetPunch,BulkUp,DrainPunch,Taunt|Careful|248,8,,,252,|F|||999999|,,,,,Fairy]white dragon|Reshiram|ChoiceSpecs|Turboblaze|BlueFlare,DracoMeteor,EarthPower,ShadowBall|Modest|252,,,252,4,|N|,0,,,,||999999|,,,,,Fire]bitch|Sneasler|ChoiceScarf|PoisonTouch|DireClaw,CloseCombat,Uturn,Switcheroo|Jolly|,252,,,4,252|F|||999999|,,,,,Fighting]sun|Solgaleo|Leftovers|FullMetalBody|SunsteelStrike,MorningSun,TrickRoom,Teleport|Careful|248,8,,,252,|N|||999999|,,,,,Water]nRS|Urshifu|BlackGlasses|UnseenFist|WickedBlow,CloseCombat,SuckerPunch,SwordsDance|Adamant|,252,4,,,252|F|||999999|,,,,,Dark]RS|UrshifuRapidStrike|ChoiceBand|UnseenFist|SurgingStrikes,CloseCombat,PoisonJab,Uturn|Adamant|,252,4,,,252|F|||999999|,,,,,Water]go back to OU|Volcarona|HeavyDutyBoots|FlameBody|QuiverDance,Flamethrower,MorningSun,WillOWisp|Timid|80,,252,,,176|F|,0,,,,||999999|,,,,,Water]zzz|Zekrom|Leftovers|Teravolt|DragonDance,BoltStrike,DragonClaw,Substitute|Jolly|,252,4,,,252|N|||999999|,,,,,Flying]2.71828183|EternatusEternamax|HeavyDutyBoots|Pressure|CosmicPower,Recover,MeteorBeam,DragonPulse|Timid|252,,,4,,252|N|,0,,,,||999999|,,,,,Fairy]M1|Miraidon|HeavyDutyBoots|HadronEngine|ElectroDrift,DracoMeteor,Uturn,CalmMind|Timid|,,,252,4,252|N|||999999|,Ghost,,,,Fairy]M2|Miraidon|ChoiceSpecs|HadronEngine|ElectroDrift,DracoMeteor,Overheat,Uturn|Timid|,,,252,4,252|N|||999999|,Ghost,,,,Dragon]NU|NecrozmaDuskMane|UltranecroziumZ|PrismArmor|SwordsDance,PhotonGeyser,Earthquake,StoneEdge|Jolly|,224,32,,,252|N|||999999|,,,,,Psychic](NU)|NecrozmaDawnWings|UltranecroziumZ|PrismArmor|SwordsDance,PhotonGeyser,Earthquake,Outrage|Jolly|,224,32,,,252|N|||999999|,,,,,Psychic]n-n|NecrozmaDuskMane|HeavyDutyBoots|PrismArmor|DragonDance,SunsteelStrike,Earthquake,Moonlight|Impish|252,,136,,,120|N|||999999|,,,,,Fire]nnn|NecrozmaDuskMane|LifeOrb|PrismArmor|DragonDance,SunsteelStrike,Earthquake,StoneEdge|Jolly|,252,4,,,252|N|||999999|,,,,,Steel]F1|ArceusFairy|PixiePlate|Multitype|CalmMind,Judgment,EarthPower,Recover|Timid|,,4,252,,252|N|,0,,,,||999999|,,,,,Water]F2|ArceusFairy|PixiePlate|Multitype|WillOWisp,Judgment,Recover,Taunt|Bold|248,,244,,,16|N|||999999|,,,,,Poison]snow warning|Abomasnow|Abomasite|SnowWarning|Blizzard,GigaDrain,EarthPower,AuroraVeil|Timid|,,4,252,,252|M|||999999|,,,,,Ground]darkness|Absol|Absolite|Justified|KnockOff,Pursuit,FireBlast,SuckerPunch|Jolly|,252,,,4,252|M|||999999|,,,,,Dark]fliers|Aerodactyl|Aerodactylite|RockHead|StoneEdge,Earthquake,DualWingbeat,Roost|Jolly|,252,,,4,252|F|||999999|,,,,,Rock]aggressive|Aggron|Aggronite|Sturdy|StealthRock,HeavySlam,BodyPress,Toxic|Careful|252,,4,,252,|F|||999999|,,,,,Steel]deep amp plains|Ampharos|Ampharosite|Static|Thunderbolt,DragonPulse,FocusBlast,VoltSwitch|Modest|128,,,252,,128|F|,0,,,,||999999|,,,,,Electric]someone|Audino|Audinite|Regenerator|Wish,Protect,HealBell,KnockOff|Calm|252,,4,,252,|M|||999999|,,,,,Normal]mega spooky|Banette|Banettite|Frisk|Poltergeist,Encore,DestinyBond,WillOWisp|Adamant|,252,4,,,252|F|||999999|,,,,,Ghost]mega blaziken|Blaziken|Blazikenite|SpeedBoost|SwordsDance,FlareBlitz,LowKick,StoneEdge|Adamant|,252,4,,,252|M|||999999|,,,,,Fire]volcano|Camerupt|Cameruptite|SolidRock|StealthRock,LavaPlume,EarthPower,Yawn|Calm|252,,,,168,88|M|||999999|,,,,,Grass]another one|Steelix|Steelixite|Sturdy|Curse,HeavySlam,Rest,SleepTalk|Impish|252,4,,,252,|F|||999999|,,,,,Steel]pink dialga|Diancie|Diancite|ClearBody|Moonblast,DiamondStorm,MysticalFire,StealthRock|Naive|,28,,228,,252|N|||999999|,,,,,Rock]ggg|Gallade|Galladite|Justified|SwordsDance,CloseCombat,ZenHeadbutt,TripleAxel|Jolly|,252,,,4,252|M|||999999|,,,,,Psychic]mega smogon|Garchomp|Garchompite|RoughSkin|SwordsDance,Earthquake,ScaleShot,FireFang|Jolly|,252,,,4,252|F|||999999|,,,,,Dragon]frozen|Glalie|Glalitite|InnerFocus|Spikes,DoubleEdge,Earthquake,FreezeDry|Jolly|,252,,,4,252|M|||999999|,,,,,Ice]fish|Gyarados|Gyaradosite|Intimidate|Waterfall,Crunch,Taunt,DragonDance|Jolly|,252,4,,,252|M|||999999|,,,,,Water]joe biden|Heracross|Heracronite|Swarm|SwordsDance,CloseCombat,RockBlast,PinMissile|Adamant|,252,,,4,252|F|||999999|,,,,,Bug]dark horse|Houndoom|Houndoominite|FlashFire|NastyPlot,DarkPulse,FireBlast,SludgeBomb|Timid|,,,252,4,252|F|,0,,,,||999999|,,,,,Dark]storage|Kangaskhan|Kangaskhanite|Scrappy|FakeOut,SeismicToss,ShadowClaw,BodySlam|Jolly|52,180,36,,8,232|F|||999999|,,,,,Normal]really good|Lucario|Lucarionite|Justified|SwordsDance,MeteorMash,CloseCombat,BulletPunch|Jolly|,252,,,4,252|M|||999999|,,,,,Fighting]amp plains boss|Manectric|Manectite|LightningRod|VoltSwitch,Thunderbolt,Overheat,HiddenPowerIce|Timid|,,,252,4,252|M|,0,,,,||999999|,Ice,,,,Electric]touhou|Mawile|Mawilite|Intimidate|SwordsDance,PlayRough,KnockOff,SuckerPunch|Adamant|116,252,,,,140|F|||999999|,,,,,Steel]wtf|Metagross|Metagrossite|ClearBody|MeteorMash,IcePunch,RockSlide,BulletPunch|Jolly|232,60,,,40,176|N|||999999|,,,,,Steel]blow job|Pidgeot|Pidgeotite|BigPecks|Uturn,Hurricane,HeatWave,Roost|Timid|,,,252,4,252|M|||999999|,,,,,Normal]BJ|Pinsir|Pinsirite|Moxie|SwordsDance,Return,QuickAttack,CloseCombat|Jolly|,252,,,4,252|F|||999999|,,,,,Bug]leaves|Sceptile|Sceptilite|Overgrow|LeafStorm,DragonPulse,FocusBlast,HiddenPowerFire|Timid|,,,252,4,252|M|,0,,,,||999999|,Fire,,,,Grass]scissors|Scizor|Scizorite|LightMetal|SwordsDance,BulletPunch,KnockOff,Roost|Impish|248,,112,,128,20|M|||999999|,,,,,Bug]lifeguard|Sharpedo|Sharpedonite|SpeedBoost|Crunch,PsychicFangs,CloseCombat,Protect|Adamant|,252,,,4,252|M|||999999|,,,,,Water]fastest pokemon|Slowbro|Slowbronite|Regenerator|Toxic,Scald,SlackOff,IronDefense|Bold|248,,216,,44,|M|||999999|,,,,,Water]thunderbolt|Swampert|Swampertite|Torrent|Earthquake,Waterfall,FlipTurn,Superpower|Jolly|,252,,,4,252|M|||999999|,,,,,Water]cc|CalyrexIce|ClearAmulet|AsOneGlastrier|GlacialLance,HighHorsepower,TrickRoom,Protect|Adamant|252,196,,,60,|N|||999999|,,,,,Fire]pouring rain|Castform|WateriumZ|Forecast|WeatherBall,HydroPump,IceBeam,Thunder|Timid|,,,252,4,252|M|,0,,,,||999999|,,,,,Normal]heal 4|Blissey|LeppaBerry|NaturalCure|HealBell,SoftBoiled,SeismicToss,LightScreen|Bold|252,,252,,4,|F|,0,,,,||999999|,,,,,Normal]heal 5|Blissey|LeppaBerry|NaturalCure|HealBell,SoftBoiled,SeismicToss,LightScreen|Bold|252,,252,,4,|F|,0,,,,||999999|,,,,,Normal]heal 6|Blissey|LeppaBerry|NaturalCure|HealBell,SoftBoiled,SeismicToss,LightScreen|Bold|252,,252,,4,|F|,0,,,,||999999|,,,,,Normal]heal 7|Blissey|LeppaBerry|NaturalCure|HealBell,SoftBoiled,SeismicToss,LightScreen|Bold|252,,252,,4,|F|,0,,,,||999999|,,,,,Normal]heal 8|Blissey|LeppaBerry|NaturalCure|HealBell,SoftBoiled,SeismicToss,LightScreen|Bold|252,,252,,4,|F|,0,,,,||999999|,,,,,Normal]gambling|KyuremBlack|LoadedDice|Teravolt|DragonDance,FusionBolt,IcicleSpear,ScaleShot|Jolly|,252,4,,,252|N|||999999|,,,,,Electric]cold|KyuremWhite|ChoiceScarf|Turboblaze|DracoMeteor,IceBeam,FreezeDry,FusionFlare|Timid|,,,252,4,252|N|,0,,,,||999999|,,,,,Fire]trap|ArceusDark|DreadPlate|Multitype|Whirlpool,PerishSong,Protect,Recover|Timid|252,,,4,,252|N|,0,,,,||999999|,,,,,Ghost]double kick!|Terrakion|FocusSash|Justified|DoubleKick,StealthRock,Taunt,Toxic|Jolly|252,4,,,,252|N|||999999|,,,,,Rock]mcmeghan|Gyarados|LumBerry|Intimidate|DragonDance,Waterfall,StoneEdge,Taunt|Adamant|,252,,,4,252|F|||999999|,,,,,Water]lavos|Heatran|FocusSash|FlashFire|StealthRock,Eruption,Overheat,Explosion|Quiet|200,56,,252,,|M|||999999|,,,,,Grass]fan|RotomFan|HeavyDutyBoots|Levitate|Defog,VoltSwitch,AirSlash,WillOWisp|Timid|252,,,,4,252|N|,0,,,,||999999|,,,,,Electric]frost|RotomFrost|Leftovers|Levitate|NastyPlot,Blizzard,Thunderbolt,Substitute|Timid|,,,252,4,252|N|||999999|,,,,,Ghost]heat|RotomHeat|HeavyDutyBoots|Levitate|NastyPlot,Overheat,Thunderbolt,PainSplit|Timid|248,,,8,,252|N|,0,,,,||999999|,,,,,Steel]mow|RotomMow|Leftovers|Levitate|VoltSwitch,Thunderbolt,LeafStorm,NastyPlot|Timid|,,,252,4,252|N|,0,,,,||999999|,,,,,Electric]wash|RotomWash|Leftovers|Levitate|VoltSwitch,HydroPump,PainSplit,WillOWisp|Bold|252,,244,,,12|N|||999999|,,,,,Steel]anna|Kartana|FightiniumZ|BeastBoost|SwordsDance,LeafBlade,SacredSword,KnockOff|Jolly|,252,,,4,252|N|||999999|,,,,,Grass]e1|EternatusEternamax|HeavyDutyBoots|Pressure|DynamaxCannon,Recover,Toxic,ToxicSpikes|Calm|232,,44,,188,44|N|,0,,,,||999999|,,,,,Fairy]e2|EternatusEternamax|HeavyDutyBoots|Pressure|DynamaxCannon,Flamethrower,Recover,Toxic|Timid|96,,,,236,176|N|||999999|,,,,,Fairy]e3|EternatusEternamax|LifeOrb|Pressure|SludgeBomb,DynamaxCannon,FireBlast,Recover|Timid|,,4,252,,252|N|,0,,,,||999999|,,,,,Steel]e4|EternatusEternamax|HeavyDutyBoots|Pressure|DynamaxCannon,Toxic,ToxicSpikes,Recover|Timid|204,,,,252,52|N|,0,,,,||999999|,,,,,Fairy]e5|EternatusEternamax|PowerHerb|Pressure|Agility,MeteorBeam,DynamaxCannon,FireBlast|Modest|168,,,252,,88|N|,0,,,,||999999|,,,,,Fire]e6|EternatusEternamax|ChoiceScarf|Pressure|DynamaxCannon,SludgeBomb,Flamethrower,ToxicSpikes|Modest|,,,252,4,252|N|,0,,,,||999999|,,,,,Fire]cs1|CalyrexShadow|HeavyDutyBoots|AsOneSpectrier|NastyPlot,AstralBarrage,GrassKnot,Psychic|Timid|,,4,252,,252|N|,0,,,,||999999|,,,,,Normal]cs2|CalyrexShadow|ChoiceScarf|AsOneSpectrier|AstralBarrage,GrassKnot,Psychic,Trick|Timid|,,,252,4,252|N|,0,,,,||999999|,,,,,Ghost]cs3|CalyrexShadow|FocusSash|AsOneSpectrier|AstralBarrage,Psyshock,DrainingKiss,NastyPlot|Timid|4,,,252,,252|N|,0,,,,||999999|,,,,,Fairy]cs4|CalyrexShadow|ChoiceScarf|AsOneSpectrier|AstralBarrage,Psyshock,DrainingKiss,Trick|Timid|4,,,252,,252|N|,0,,,,||999999|,,,,,Fairy]cs5|CalyrexShadow|FocusSash|AsOneSpectrier|AstralBarrage,Psyshock,NastyPlot,Protect|Timid|,,20,236,,252|N|,0,,,,||999999|,,,,,Ghost]cs6|CalyrexShadow|LifeOrb|AsOneSpectrier|AstralBarrage,Psyshock,TeraBlast,Protect|Timid|,,20,236,,252|N|,0,,,,||999999|,,,,,Fighting]z1|Zacian|RustedSword|IntrepidSword|SwordsDance,ironhead,CloseCombat,WildCharge|Jolly|,252,,,4,252|N|||999999|,,,,,Fighting]z2|Zacian|RustedSword|IntrepidSword|SwordsDance,PlayRough,WildCharge,Crunch|Jolly|,252,,,4,252|N|||999999|,,,,,Dark]z3|Zacian|RustedSword|IntrepidSword|SwordsDance,ironhead,PlayRough,TeraBlast|Jolly|4,252,,,,252|N|||999999|,,,,,Water]z4|Zacian|RustedSword|IntrepidSword|ironhead,PlayRough,SwordsDance,Protect|Adamant|204,76,28,,12,188|N|||999999|,,,,,Stellar]z5|Zacian|RustedSword|IntrepidSword|SwordsDance,PlayRough,CloseCombat,WildCharge|Jolly|,252,,,4,252|N|||999999|,,,,,Fighting]z6|Zacian|RustedSword|IntrepidSword|ironhead,WildCharge,CloseCombat,Assurance|Adamant|96,216,,,84,112|N|||999999|,,,,,Fairy]eee|Arceus|HeavyDutyBoots|Multitype|SwordsDance,ExtremeSpeed,ShadowClaw,Recover|Adamant|200,252,,,,56|N|||999999|,,,,,Normal]RLTHW|Arceus|FocusSash|Multitype|Tailwind,Reflect,LightScreen,HealingWish|Timid|252,,,,4,252|N|,0,,,,||999999|,,,,,Ghost]hickensa|ArceusGround|EarthPlate|Multitype|DragonDance,Earthquake,StoneEdge,Recover|Impish|248,56,136,,,68|N|||999999|,,,,,Fairy]black|KyuremWhite|ChoiceSpecs|Turboblaze|DracoMeteor,IceBeam,FreezeDry,FusionFlare|Modest|,,,252,4,252|N|,0,,,,||999999|,,,,,Fire]white|KyuremBlack|LoadedDice|Teravolt|DragonDance,FusionBolt,IcicleSpear,ScaleShot|Jolly|,252,4,,,252|N|||999999|,,,,,Electric]deez nuts|DeoxysAttack|LifeOrb|Pressure|PsychoBoost,ShadowBall,LowKick,RockSlide|Naive|,4,,252,,252|N|||999999|,,,,,Ghost]god|Arceus|Leftovers|Multitype|SwordsDance,ExtremeSpeed,ShadowClaw,Taunt|Adamant|204,252,,,,52|N|||999999|,,,,,Normal]my little pony|CalyrexShadow|HeavyDutyBoots|AsOneSpectrier|NastyPlot,AstralBarrage,GrassKnot,Psyshock|Timid|,,4,252,,252|N|,0,,,,||999999|,,,,,Normal]my beeg pony|CalyrexIce|WeaknessPolicy|AsOneGlastrier|TrickRoom,GlacialLance,SwordsDance,HighHorsepower|Adamant|252,252,4,,,|N|||999999|,,,,,Ground]all types|Terapagos|HeavyDutyBoots|TeraShift|TeraStarstorm,Flamethrower,IceBeam,CalmMind|Modest|,,,252,4,252|M|,15,,,,||999999|,Dark,,,,Stellar]aeternus|Eternatus|HeavyDutyBoots|Pressure|DynamaxCannon,Recover,Toxic,ToxicSpikes|Calm|232,,44,,188,44|N|,0,,,,||999999|,,,,,Fairy]moon|NecrozmaDawnWings|Leftovers|PrismArmor|TeraBlast,MoongeistBeam,Moonlight,CalmMind|Calm|252,,252,,4,|N|,0,,,,||999999|,,,,,Fairy]sun|NecrozmaDuskMane|LumBerry|PrismArmor|DragonDance,SunsteelStrike,Earthquake,PhotonGeyser|Jolly|,252,4,,,252|N|||999999|,,,,,Psychic]op|Rayquaza|LifeOrb|AirLock|DragonDance,DragonAscent,Earthquake,Vcreate|Jolly|,252,4,,,252|N|||999999|,,,,,Flying]spooks|Gengar|Gengarite|CursedBody|ShadowBall,SludgeWave,DestinyBond,Substitute|Timid|,,,252,4,252|F|,0,,,,|S|999999|,,,,,Ghost]acheron|Archaludon|AssaultVest|Stamina|ElectroShot,DracoMeteor,BodyPress,FlashCannon|Modest|248,,52,84,,124|M|,0,,,,||999999|,,,,,Fairy]fairy horse|Xerneas|PowerHerb|FairyAura|Geomancy,Moonblast,Thunder,Substitute|Modest|48,,164,252,,44|N|,0,,,,||999999|,,,,,Fairy]🥺|Cinccino|LoadedDice|Technician|TidyUp,TailSlap,BulletSeed,TripleAxel|Adamant|,252,,,4,252|F|||999999|,,,,,Normal]something|OgerponHearthflame|HearthflameMask|MoldBreaker|SwordsDance,IvyCudgel,PowerWhip,Trailblaze|Adamant|,252,,,4,252|F|||999999|,Poison,,,,Fire]weather|Tyranitar|Tyranitarite|SandStream|StealthRock,ThunderWave,StoneEdge,KnockOff|Adamant|252,252,,,4,|M|||999999|,,,,,Rock]sus|Ditto|ChoiceScarf|Imposter|Transform|Relaxed|252,4,252,,,|N|,,,,,0|S|999999|,,,,,Fairy]ape|Annihilape|Leftovers|Defiant|BulkUp,Taunt,DrainPunch,RageFist|Adamant|240,,,,252,16|M|||999999|,,,,,Water]black ground|Groudon|RedOrb|Drought|Spikes,PrecipiceBlades,WillOWisp,Roar|Impish|244,,252,,,12|N||S|999999|,,,,,Water]black water|Kyogre|BlueOrb|Drizzle|OriginPulse,IceBeam,Thunder,ThunderWave|Modest|240,,,252,,16|N|,0,,,,|S|999999|,,,,,Fairy]fire bird|Moltres|HeavyDutyBoots|FlameBody|Flamethrower,Uturn,WillOWisp,Roost|Bold|248,,164,,,96|N|||999999|,,,,,Fairy]shiny fire|MoltresGalar|SitrusBerry|Berserk|NastyPlot,Agility,FieryWrath,TeraBlast|Modest|,,,252,4,252|N|,0,,,,|S|999999|,,,,,Fairy]electric bird|Zapdos|HeavyDutyBoots|Static|Thunderbolt,Hurricane,VoltSwitch,Roost|Timid|,,,252,4,252|N|||999999|,,,,,Electric]shiny electric|ZapdosGalar|ChoiceBand|Defiant|CloseCombat,BraveBird,KnockOff,Uturn|Jolly|,252,,,4,252|N||S|999999|,,,,,Flying]ice bird|Articuno|HeavyDutyBoots|Pressure|Roost,FreezeDry,Haze,Uturn|Calm|252,,,,160,96|N|||999999|,,,,,Ground]shiny ice|ArticunoGalar|HeavyDutyBoots|Competitive|CalmMind,FreezingGlare,Hurricane,Recover|Timid|248,,124,,,136|N|,0,,,,|S|999999|,,,,,Poison]luigi|Lugia|HeavyDutyBoots|Multiscale|Recover,Whirlwind,Aeroblast,Whirlpool|Calm|252,,4,,252,|N|||999999|,,,,,Fairy]bug|ArceusBug|InsectPlate|Multitype|Judgment,EarthPower,CalmMind,Recover|Timid|248,,,8,,252|N|,0,,,,||999999|,,,,,Water]dark|ArceusDark|DreadPlate|Multitype|CalmMind,Judgment,Recover,Taunt|Timid|248,,,8,,252|N|,0,,,,||999999|,,,,,Fairy]dragon|ArceusDragon|DracoPlate|Multitype|DragonClaw,FlareBlitz,DragonDance,ExtremeSpeed|Adamant|128,252,,,,128|N|||999999|,,,,,Fire]electric|ArceusElectric|ZapPlate|Multitype|Judgment,IceBeam,CalmMind,Recover|Timid|252,,,4,,252|N|,0,,,,||999999|,,,,,Flying]fairy|ArceusFairy|PixiePlate|Multitype|Judgment,Recover,ThunderWave,StealthRock|Bold|248,,244,,,16|N|,0,,,,||999999|,,,,,Water]fighting|ArceusFighting|FistPlate|Multitype|BodyPress,CosmicPower,Recover,StoredPower|Bold|252,,132,,,124|N|,0,,,,||999999|,,,,,Poison]fire|ArceusFire|FlamePlate|Multitype|DragonDance,FlareBlitz,Earthquake,Taunt|Adamant|128,252,,,,128|N|||999999|,,,,,Fire]flying|ArceusFlying|SkyPlate|Multitype|CalmMind,Judgment,Taunt,Recover|Timid|248,,,8,,252|N|,0,,,,||999999|,,,,,Water]ghost|ArceusGhost|SpookyPlate|Multitype|DragonDance,ShadowClaw,Earthquake,Taunt|Adamant|128,252,,,,128|N|||999999|,,,,,Ghost]grass|ArceusGrass|MeadowPlate|Multitype|CalmMind,Judgment,Recover,EarthPower|Timid|252,,,4,,252|N|,0,,,,||999999|,,,,,Ground]ground|ArceusGround|EarthPlate|Multitype|CalmMind,Judgment,PowerGem,Recover|Timid|248,,136,108,,16|N|,0,,,,||999999|,,,,,Fairy]ice|ArceusIce|IciclePlate|Multitype|Judgment,Thunderbolt,CalmMind,Recover|Timid|248,,,8,,252|N|,0,,,,||999999|,,,,,Water]poison|ArceusPoison|ToxicPlate|Multitype|PoisonJab,WillOWisp,Taunt,Recover|Impish|252,,132,,,124|N|||999999|,,,,,Grass]psychic|ArceusPsychic|MindPlate|Multitype|CosmicPower,StoredPower,Recover,Taunt|Bold|252,,132,,,124|N|,0,,,,||999999|,,,,,Poison]rock|ArceusRock|StonePlate|Multitype|Judgment,CalmMind,Recover,GrassKnot|Timid|252,,,4,,252|N|,0,,,,||999999|,,,,,Grass]steel|ArceusSteel|IronPlate|Multitype|Judgment,Thunder,CalmMind,Recover|Timid|252,,4,,,252|N|,0,,,,||999999|,,,,,Water]water|ArceusWater|SplashPlate|Multitype|WillOWisp,Judgment,Recover,DragonTail|Bold|248,,244,,,16|N|||999999|,,,,,Fairy]e4|Kingambit|DreadPlate|SupremeOverlord|SwordsDance,KowtowCleave,IronHead,SuckerPunch|Adamant|124,252,,,,132|F|||999999|,,,,,Dark]d4|Kingambit|DreadPlate|SupremeOverlord|SwordsDance,KowtowCleave,IronHead,SuckerPunch|Adamant|124,252,,,,132|M|||999999|,,,,,Dark]Nf3|Kingambit|DreadPlate|SupremeOverlord|SwordsDance,KowtowCleave,IronHead,SuckerPunch|Adamant|124,252,,,,132|M|||999999|,,,,,Dark]purple 1|CalyrexShadow|ChoiceScarf|AsOneSpectrier|AstralBarrage,GrassKnot,Psychic,Trick|Timid|,,,252,4,252|N|,0,,,,||999999|,,,,,Ghost]purple 2|CalyrexShadow|HeavyDutyBoots|AsOneSpectrier|NastyPlot,AstralBarrage,GrassKnot,Psychic|Timid|,,4,252,,252|N|,0,,,,||999999|,,,,,Stellar]🅱️|Ribombee|FocusSash|ShieldDust|StickyWeb,Moonblast,StunSpore,PsychicNoise|Timid|,,,252,4,252|F|,0,,,,||999999|,,,,,Ghost]1|Cottonee|FocusSash|Infiltrator|LeechSeed,Endeavor,Protect,Substitute|Bold|,60,196,104,,148|F|,0,,0,,||1|,,,,,Grass]x|Charizard|CharizarditeX|Blaze|DragonDance,FlareBlitz,Earthquake,Roost|Jolly|,252,,,4,252|F|||999999|,,,,,Fire]y|Charizard|CharizarditeY|Blaze|WeatherBall,SolarBeam,ScorchingSands,Roost|Timid|,,4,252,,252|M|,0,,,,||999999|,,,,,Fire]bm|Blastoise|Blastoisinite|Torrent|RapidSpin,DarkPulse,AuraSphere,IceBeam|Timid|,,4,252,,252|M|||999999|,,,,,Grass]vm|Venusaur|Venusaurite|Chlorophyll|LeechSeed,Toxic,Synthesis,GrassKnot|Bold|252,,180,,76,|F|,0,,,,||999999|,,,,,Grass]eternal|Eternatus|HeavyDutyBoots|Pressure|DynamaxCannon,Recover,Toxic,ToxicSpikes|Modest|176,,40,64,184,44|N|,0,,,,||999999|,,,,,Fairy]time|Dialga|ChoiceScarf|Pressure|DracoMeteor,FireBlast,DragonPulse,Thunder|Timid|,,,252,4,252|N|,0,,,,||999999|,,,,,Dragon]time-o|DialgaOrigin|AdamantCrystal|Pressure|DracoMeteor,SteelBeam,StealthRock,DragonTail|Timid|252,,,4,,252|N|||999999|,,,,,Ghost]space|Palkia|Leftovers|Pressure|Substitute,SpacialRend,EarthPower,DragonTail|Timid|,,,252,4,252|N|,0,,,,||999999|,,,,,Ground]space-o|PalkiaOrigin|LustrousGlobe|Pressure|HydroPump,FireBlast,DracoMeteor,Substitute|Timid|,,,252,4,252|N|,0,,,,||999999|,,,,,Fairy]antimatter|Giratina|HeavyDutyBoots|Pressure|DragonTail,WillOWisp,Defog,Rest|Impish|252,,252,,4,|N|||999999|,,,,,Fairy]antimatter-o|GiratinaOrigin|GriseousCore|Levitate|Poltergeist,ShadowSneak,DragonTail,Defog|Adamant|184,188,,,136,|N|||999999|,,,,,Steel]double kick?|Smeargle|FocusSash|OwnTempo|StickyWeb,Nuzzle,Taunt,Spore|Jolly|252,4,,,,252|F||S|999999|,,,,,Normal]half-african|Darkrai|LifeOrb|BadDreams|NastyPlot,SludgeBomb,DarkPulse,IceBeam|Timid|,,,252,4,252|N|,0,,,,|S|999999|,,,,,Poison]crown sword|Zacian|RustedSword|IntrepidSword|SwordsDance,PlayRough,WildCharge,CloseCombat|Jolly|,252,,,4,252|N|||999999|,,,,,Fighting]crown shield|Zamazenta|RustedShield|DauntlessShield|BodyPress,IronDefense,Rest,Substitute|Jolly|252,,4,,,252|N|||999999|,,,,,Fighting]bulk|UrsalunaBloodmoon|Leftovers|MindsEye|CalmMind,BloodMoon,HyperVoice,EarthPower|Modest|,,4,252,,252|M|||999999|,,,,,Normal]EoS|ShayminSky|Leftovers|SereneGrace|Substitute,SeedFlare,AirSlash,LeechSeed|Timid|,,,252,4,252|N||S|999999|,,,,,Steel]xxx|Mewtwo|MewtwoniteX|Pressure|LowKick,Taunt,IceBeam,StoneEdge|Jolly|,252,4,,,252|N|||999999|,,,,,Fighting]yyy|Mewtwo|MewtwoniteY|Unnerve|Psystrike,IceBeam,FireBlast,CalmMind|Timid|,,40,216,,252|N|,0,,,,||999999|,,,,,Fire]weM|Mew|SitrusBerry|Synchronize|NastyPlot,PsychicNoise,FireBlast,DrainingKiss|Timid|,,,252,4,252|N|,0,,,,|S|999999|,,,,,Fairy]magic|Alakazam|Alakazite|MagicGuard|Psychic,FocusBlast,Recover,ShadowBall|Timid|,,4,252,,252|M|,0,,,,||999999|,,,,,Psychic]Gardevoir||Gardevoirite|Trace|WillOWisp,Psyshock,HyperVoice,FocusBlast|Timid|,,,252,4,252|M|,0,,,,||999999|,,,,,Psychic]bruh|Sableye|Sablenite|Prankster|FakeOut,FoulPlay,Recover,WillOWisp|Impish|248,,252,,8,|M||S|999999|,,,,,Dark]heal 1|Blissey|LeppaBerry|NaturalCure|HealBell,SoftBoiled,SeismicToss,LightScreen|Bold|252,,252,,4,|F|,0,,,,||999999|,,,,,Normal]heal 2|Blissey|LeppaBerry|NaturalCure|HealBell,SoftBoiled,SeismicToss,LightScreen|Bold|252,,252,,4,|F|,0,,,,||999999|,,,,,Normal]heal 3|Blissey|LeppaBerry|NaturalCure|HealBell,SoftBoiled,SeismicToss,LightScreen|Bold|252,,252,,4,|F|,0,,,,||999999|,,,,,Normal]ite|Dragonite|HeavyDutyBoots|Multiscale|DragonDance,ExtremeSpeed,Earthquake,IceSpinner|Adamant|,252,4,,,252|M|||999999|,,,,,Normal]golden|Gholdengo|AirBalloon|GoodasGold|NastyPlot,ShadowBall,MakeItRain,Recover|Timid|,,,252,4,252|N|||999999|,,,,,Steel]leaf|Serperior|Leftovers|Contrary|LeafStorm,Glare,TeraBlast,Taunt|Timid|76,,,180,,252|F|,0,,,,||999999|,,,,,Stellar]lo|Latios|Latiosite|Levitate|Psychic,Earthquake,IceBeam,Roost|Naive|,4,,252,,252|M|||999999|,,,,,Psychic]la|Latias|Latiasite|Levitate|Defog,Toxic,HealingWish,DracoMeteor|Timid|252,,76,,4,176|F|||999999|,,,,,Dragon]nothing|Deoxys|LifeOrb|Pressure|PsychoBoost,Superpower,ShadowBall,ExtremeSpeed|Naive|,4,,252,,252|N|||999999|,,,,,Psychic]attack|DeoxysAttack|LifeOrb|Pressure|PsychoBoost,ShadowBall,LowKick,RockSlide|Hasty|,4,,252,,252|N|||999999|,,,,,Ghost]defense|DeoxysDefense|HeavyDutyBoots|Pressure|Spikes,NightShade,Recover,KnockOff|Impish|248,,252,,8,|N|||999999|,,,,,Ghost]speed|DeoxysSpeed|RockyHelmet|Pressure|Spikes,Taunt,PsychoBoost,StealthRock|Timid|252,,192,,12,52|N|,0,,,,||999999|,,,,,Ghost]stealix|Steelix|Steelixite|Sturdy|StealthRock,GyroBall,Earthquake,Curse|Brave|252,208,,,48,|M|,,,,,0||999999|,,,,,Steel]salamander|Salamence|Salamencite|Intimidate|DragonDance,DoubleEdge,Roost,Facade|Adamant|44,252,,,,212|M|||999999|,,,,,Normal]LLL|Lopunny|Lopunnite|Limber|CloseCombat,Return,FakeOut,Uturn|Jolly|,252,,,4,252|M|||999999|,,,,,Normal]MMM|Medicham|Medichamite|Telepathy|FakeOut,HighJumpKick,ZenHeadbutt,IcePunch|Jolly|,252,,,4,252|F|||999999|,,,,,Fighting]up yo ass|Beedrill|Beedrillite|Swarm|Uturn,PoisonJab,DrillRun,KnockOff|Jolly|,252,,,4,252|M|||999999|,,,,,Bug]cloud|Altaria|Altarianite|NaturalCure|Defog,Earthquake,Roost,DragonDance|Careful|252,112,76,,4,64|M|||999999|,,,,,Ground]your mom|HoOh|HeavyDutyBoots|Regenerator|SacredFire,BraveBird,Earthquake,Recover|Adamant|208,252,,,4,44|N|||999999|,,,,,Ground]fuck off|ChienPao|HeavyDutyBoots|SwordofRuin|Crunch,IcicleCrash,IceShard,SacredSword|Jolly|,252,4,,,252|N|||999999|,,,,,Dark]chun-li|ChiYu|ChoiceSpecs|BeadsofRuin|Overheat,Flamethrower,FireBlast,DarkPulse|Modest|,,4,252,,252|N|||999999|,,,,,Fire]FM radio|FlutterMane|ChoiceSpecs|Protosynthesis|ShadowBall,Moonblast,Psyshock,PowerGem|Timid|,,,252,4,252|N|,0,,,,||999999|,,,,,Stellar]Fe|IronBundle|HeavyDutyBoots|QuarkDrive|FreezeDry,HydroPump,IceBeam,Taunt|Timid|,,,252,4,252|N|||999999|,,,,,Ice]trick room|Regieleki|LightClay|Transistor|Reflect,LightScreen,Explosion,RapidSpin|Timid|252,,,4,,252|N|||999999|,,,,,Dark]terrorist|MausholdFour|WideLens|Technician|PopulationBomb,TidyUp,Bite,Encore|Jolly|,252,,,4,252|N|||999999|,,,,,Normal]bice|Baxcalibur|LoadedDice|ThermalExchange|IcicleSpear,GlaiveRush,Earthquake,DragonDance|Adamant|,252,,,4,252|F|||999999|,,,,,Fairy]doggo|ChienPao|BlackGlasses|SwordofRuin|SwordsDance,IceSpinner,Crunch,IceShard|Jolly|,252,4,,,252|N|||999999|,,,,,Dark]esfera|Espathra|Leftovers|SpeedBoost|CalmMind,StoredPower,DazzlingGleam,Roost|Bold|152,,244,,,112|F|||999999|,,,,,Fairy]bad|Landorus|LifeOrb|SheerForce|EarthPower,FocusBlast,Psychic,NastyPlot|Timid|,,,252,4,252|M|,0,,,,||999999|,,,,,Ground]luna loud|Lunala|PowerHerb|ShadowShield|Agility,MoongeistBeam,FocusBlast,MeteorBeam|Timid|56,,,252,,200|N|||999999|,,,,,Ghost]heart stealer|Magearna|Leftovers|SoulHeart|IronDefense,CalmMind,DrainingKiss,StoredPower|Bold|248,,252,,8,|N|||999999|,,,,,Water]pp|Palafin|Leftovers|ZerotoHero|JetPunch,BulkUp,DrainPunch,Taunt|Careful|248,8,,,252,|M|||999999|,,,,,Fairy]white dragon|Reshiram|ChoiceSpecs|Turboblaze|BlueFlare,DracoMeteor,EarthPower,ShadowBall|Modest|252,,,252,4,|N|,0,,,,||999999|,,,,,Fire]bitch|Sneasler|ChoiceScarf|PoisonTouch|DireClaw,CloseCombat,Uturn,Switcheroo|Jolly|,252,,,4,252|F|||999999|,,,,,Fighting]sun|Solgaleo|Leftovers|FullMetalBody|SunsteelStrike,MorningSun,TrickRoom,Teleport|Careful|248,8,,,252,|N|||999999|,,,,,Water]nRS|Urshifu|BlackGlasses|UnseenFist|WickedBlow,CloseCombat,SuckerPunch,SwordsDance|Adamant|,252,4,,,252|F|||999999|,,,,,Dark]RS|UrshifuRapidStrike|ChoiceBand|UnseenFist|SurgingStrikes,CloseCombat,PoisonJab,Uturn|Adamant|,252,4,,,252|F|||999999|,,,,,Water]go back to OU|Volcarona|HeavyDutyBoots|FlameBody|QuiverDance,Flamethrower,MorningSun,WillOWisp|Timid|80,,252,,,176|F|,0,,,,||999999|,,,,,Water]zzz|Zekrom|Leftovers|Teravolt|DragonDance,BoltStrike,DragonClaw,Substitute|Jolly|,252,4,,,252|N|||999999|,,,,,Flying]2.71828183|EternatusEternamax|HeavyDutyBoots|Pressure|CosmicPower,Recover,MeteorBeam,DragonPulse|Timid|252,,,4,,252|N|,0,,,,||999999|,,,,,Fairy]M1|Miraidon|HeavyDutyBoots|HadronEngine|ElectroDrift,DracoMeteor,Uturn,CalmMind|Timid|,,,252,4,252|N|||999999|,Ghost,,,,Fairy]M2|Miraidon|ChoiceSpecs|HadronEngine|ElectroDrift,DracoMeteor,Overheat,Uturn|Timid|,,,252,4,252|N|||999999|,Ghost,,,,Dragon]NU|NecrozmaDuskMane|UltranecroziumZ|PrismArmor|SwordsDance,PhotonGeyser,Earthquake,StoneEdge|Jolly|,224,32,,,252|N|||999999|,,,,,Psychic](NU)|NecrozmaDawnWings|UltranecroziumZ|PrismArmor|SwordsDance,PhotonGeyser,Earthquake,Outrage|Jolly|,224,32,,,252|N|||999999|,,,,,Psychic]n-n|NecrozmaDuskMane|HeavyDutyBoots|PrismArmor|DragonDance,SunsteelStrike,Earthquake,Moonlight|Impish|252,,136,,,120|N|||999999|,,,,,Fire]nnn|NecrozmaDuskMane|LifeOrb|PrismArmor|DragonDance,SunsteelStrike,Earthquake,StoneEdge|Jolly|,252,4,,,252|N|||999999|,,,,,Steel]F1|ArceusFairy|PixiePlate|Multitype|CalmMind,Judgment,EarthPower,Recover|Timid|,,4,252,,252|N|,0,,,,||999999|,,,,,Water]F2|ArceusFairy|PixiePlate|Multitype|WillOWisp,Judgment,Recover,Taunt|Bold|248,,244,,,16|N|||999999|,,,,,Poison]snow warning|Abomasnow|Abomasite|SnowWarning|Blizzard,GigaDrain,EarthPower,AuroraVeil|Timid|,,4,252,,252|M|||999999|,,,,,Ground]darkness|Absol|Absolite|Justified|KnockOff,Pursuit,FireBlast,SuckerPunch|Jolly|,252,,,4,252|M|||999999|,,,,,Dark]fliers|Aerodactyl|Aerodactylite|RockHead|StoneEdge,Earthquake,DualWingbeat,Roost|Jolly|,252,,,4,252|F|||999999|,,,,,Rock]aggressive|Aggron|Aggronite|Sturdy|StealthRock,HeavySlam,BodyPress,Toxic|Careful|252,,4,,252,|F|||999999|,,,,,Steel]deep amp plains|Ampharos|Ampharosite|Static|Thunderbolt,DragonPulse,FocusBlast,VoltSwitch|Modest|128,,,252,,128|M|,0,,,,||999999|,,,,,Electric]someone|Audino|Audinite|Regenerator|Wish,Protect,HealBell,KnockOff|Calm|252,,4,,252,|F|||999999|,,,,,Normal]mega spooky|Banette|Banettite|Frisk|Poltergeist,Encore,DestinyBond,WillOWisp|Adamant|,252,4,,,252|F|||999999|,,,,,Ghost]mega blaziken|Blaziken|Blazikenite|SpeedBoost|SwordsDance,FlareBlitz,LowKick,StoneEdge|Adamant|,252,4,,,252|F|||999999|,,,,,Fire]volcano|Camerupt|Cameruptite|SolidRock|StealthRock,LavaPlume,EarthPower,Yawn|Calm|252,,,,168,88|M|||999999|,,,,,Grass]another one|Steelix|Steelixite|Sturdy|Curse,HeavySlam,Rest,SleepTalk|Impish|252,4,,,252,|M|||999999|,,,,,Steel]pink dialga|Diancie|Diancite|ClearBody|Moonblast,DiamondStorm,MysticalFire,StealthRock|Naive|,28,,228,,252|N|||999999|,,,,,Rock]ggg|Gallade|Galladite|Justified|SwordsDance,CloseCombat,ZenHeadbutt,TripleAxel|Jolly|,252,,,4,252|M|||999999|,,,,,Psychic]mega smogon|Garchomp|Garchompite|RoughSkin|SwordsDance,Earthquake,ScaleShot,FireFang|Jolly|,252,,,4,252|F|||999999|,,,,,Dragon]frozen|Glalie|Glalitite|InnerFocus|Spikes,DoubleEdge,Earthquake,FreezeDry|Jolly|,252,,,4,252|M|||999999|,,,,,Ice]fish|Gyarados|Gyaradosite|Intimidate|Waterfall,Crunch,Taunt,DragonDance|Jolly|,252,4,,,252|F|||999999|,,,,,Water]joe biden|Heracross|Heracronite|Swarm|SwordsDance,CloseCombat,RockBlast,PinMissile|Adamant|,252,,,4,252|F|||999999|,,,,,Bug]dark horse|Houndoom|Houndoominite|FlashFire|NastyPlot,DarkPulse,FireBlast,SludgeBomb|Timid|,,,252,4,252|F|,0,,,,||999999|,,,,,Dark]storage|Kangaskhan|Kangaskhanite|Scrappy|FakeOut,SeismicToss,ShadowClaw,BodySlam|Jolly|52,180,36,,8,232|F|||999999|,,,,,Normal]really good|Lucario|Lucarionite|Justified|SwordsDance,MeteorMash,CloseCombat,BulletPunch|Jolly|,252,,,4,252|M|||999999|,,,,,Fighting]amp plains boss|Manectric|Manectite|LightningRod|VoltSwitch,Thunderbolt,Overheat,HiddenPowerIce|Timid|,,,252,4,252|F|,0,,,,||999999|,Ice,,,,Electric]touhou|Mawile|Mawilite|Intimidate|SwordsDance,PlayRough,KnockOff,SuckerPunch|Adamant|116,252,,,,140|M|||999999|,,,,,Steel]wtf|Metagross|Metagrossite|ClearBody|MeteorMash,IcePunch,RockSlide,BulletPunch|Jolly|232,60,,,40,176|N|||999999|,,,,,Steel]blow job|Pidgeot|Pidgeotite|BigPecks|Uturn,Hurricane,HeatWave,Roost|Timid|,,,252,4,252|F|||999999|,,,,,Normal]BJ|Pinsir|Pinsirite|Moxie|SwordsDance,Return,QuickAttack,CloseCombat|Jolly|,252,,,4,252|M|||999999|,,,,,Bug]leaves|Sceptile|Sceptilite|Overgrow|LeafStorm,DragonPulse,FocusBlast,HiddenPowerFire|Timid|,,,252,4,252|F|,0,,,,||999999|,Fire,,,,Grass]scissors|Scizor|Scizorite|LightMetal|SwordsDance,BulletPunch,KnockOff,Roost|Impish|248,,112,,128,20|F|||999999|,,,,,Bug]lifeguard|Sharpedo|Sharpedonite|SpeedBoost|Crunch,PsychicFangs,CloseCombat,Protect|Adamant|,252,,,4,252|M|||999999|,,,,,Water]fastest pokemon|Slowbro|Slowbronite|Regenerator|Toxic,Scald,SlackOff,IronDefense|Bold|248,,216,,44,|F|||999999|,,,,,Water]thunderbolt|Swampert|Swampertite|Torrent|Earthquake,Waterfall,FlipTurn,Superpower|Jolly|,252,,,4,252|M|||999999|,,,,,Water]cc|CalyrexIce|ClearAmulet|AsOneGlastrier|GlacialLance,HighHorsepower,TrickRoom,Protect|Adamant|252,196,,,60,|N|||999999|,,,,,Fire]pouring rain|Castform|WateriumZ|Forecast|WeatherBall,HydroPump,IceBeam,Thunder|Timid|,,,252,4,252|F|,0,,,,||999999|,,,,,Normal]heal 4|Blissey|LeppaBerry|NaturalCure|HealBell,SoftBoiled,SeismicToss,LightScreen|Bold|252,,252,,4,|F|,0,,,,||999999|,,,,,Normal]heal 5|Blissey|LeppaBerry|NaturalCure|HealBell,SoftBoiled,SeismicToss,LightScreen|Bold|252,,252,,4,|F|,0,,,,||999999|,,,,,Normal]heal 6|Blissey|LeppaBerry|NaturalCure|HealBell,SoftBoiled,SeismicToss,LightScreen|Bold|252,,252,,4,|F|,0,,,,||999999|,,,,,Normal]heal 7|Blissey|LeppaBerry|NaturalCure|HealBell,SoftBoiled,SeismicToss,LightScreen|Bold|252,,252,,4,|F|,0,,,,||999999|,,,,,Normal]heal 8|Blissey|LeppaBerry|NaturalCure|HealBell,SoftBoiled,SeismicToss,LightScreen|Bold|252,,252,,4,|F|,0,,,,||999999|,,,,,Normal]gambling|KyuremBlack|LoadedDice|Teravolt|DragonDance,FusionBolt,IcicleSpear,ScaleShot|Jolly|,252,4,,,252|N|||999999|,,,,,Electric]cold|KyuremWhite|ChoiceScarf|Turboblaze|DracoMeteor,IceBeam,FreezeDry,FusionFlare|Timid|,,,252,4,252|N|,0,,,,||999999|,,,,,Fire]trap|ArceusDark|DreadPlate|Multitype|Whirlpool,PerishSong,Protect,Recover|Timid|252,,,4,,252|N|,0,,,,||999999|,,,,,Ghost]double kick!|Terrakion|FocusSash|Justified|DoubleKick,StealthRock,Taunt,Toxic|Jolly|252,4,,,,252|N|||999999|,,,,,Rock]mcmeghan|Gyarados|LumBerry|Intimidate|DragonDance,Waterfall,StoneEdge,Taunt|Adamant|,252,,,4,252|M|||999999|,,,,,Water]lavos|Heatran|FocusSash|FlashFire|StealthRock,Eruption,Overheat,Explosion|Quiet|200,56,,252,,|M|||999999|,,,,,Grass]fan|RotomFan|HeavyDutyBoots|Levitate|Defog,VoltSwitch,AirSlash,WillOWisp|Timid|252,,,,4,252|N|,0,,,,||999999|,,,,,Electric]frost|RotomFrost|Leftovers|Levitate|NastyPlot,Blizzard,Thunderbolt,Substitute|Timid|,,,252,4,252|N|||999999|,,,,,Ghost]heat|RotomHeat|HeavyDutyBoots|Levitate|NastyPlot,Overheat,Thunderbolt,PainSplit|Timid|248,,,8,,252|N|,0,,,,||999999|,,,,,Steel]mow|RotomMow|Leftovers|Levitate|VoltSwitch,Thunderbolt,LeafStorm,NastyPlot|Timid|,,,252,4,252|N|,0,,,,||999999|,,,,,Electric]wash|RotomWash|Leftovers|Levitate|VoltSwitch,HydroPump,PainSplit,WillOWisp|Bold|252,,244,,,12|N|||999999|,,,,,Steel]anna|Kartana|FightiniumZ|BeastBoost|SwordsDance,LeafBlade,SacredSword,KnockOff|Jolly|,252,,,4,252|N|||999999|,,,,,Grass]e1|EternatusEternamax|HeavyDutyBoots|Pressure|DynamaxCannon,Recover,Toxic,ToxicSpikes|Calm|232,,44,,188,44|N|,0,,,,||999999|,,,,,Fairy]e2|EternatusEternamax|HeavyDutyBoots|Pressure|DynamaxCannon,Flamethrower,Recover,Toxic|Timid|96,,,,236,176|N|||999999|,,,,,Fairy]e3|EternatusEternamax|LifeOrb|Pressure|SludgeBomb,DynamaxCannon,FireBlast,Recover|Timid|,,4,252,,252|N|,0,,,,||999999|,,,,,Steel]e4|EternatusEternamax|HeavyDutyBoots|Pressure|DynamaxCannon,Toxic,ToxicSpikes,Recover|Timid|204,,,,252,52|N|,0,,,,||999999|,,,,,Fairy]e5|EternatusEternamax|PowerHerb|Pressure|Agility,MeteorBeam,DynamaxCannon,FireBlast|Modest|168,,,252,,88|N|,0,,,,||999999|,,,,,Fire]e6|EternatusEternamax|ChoiceScarf|Pressure|DynamaxCannon,SludgeBomb,Flamethrower,ToxicSpikes|Modest|,,,252,4,252|N|,0,,,,||999999|,,,,,Fire]cs1|CalyrexShadow|HeavyDutyBoots|AsOneSpectrier|NastyPlot,AstralBarrage,GrassKnot,Psychic|Timid|,,4,252,,252|N|,0,,,,||999999|,,,,,Normal]cs2|CalyrexShadow|ChoiceScarf|AsOneSpectrier|AstralBarrage,GrassKnot,Psychic,Trick|Timid|,,,252,4,252|N|,0,,,,||999999|,,,,,Ghost]cs3|CalyrexShadow|FocusSash|AsOneSpectrier|AstralBarrage,Psyshock,DrainingKiss,NastyPlot|Timid|4,,,252,,252|N|,0,,,,||999999|,,,,,Fairy]cs4|CalyrexShadow|ChoiceScarf|AsOneSpectrier|AstralBarrage,Psyshock,DrainingKiss,Trick|Timid|4,,,252,,252|N|,0,,,,||999999|,,,,,Fairy]cs5|CalyrexShadow|FocusSash|AsOneSpectrier|AstralBarrage,Psyshock,NastyPlot,Protect|Timid|,,20,236,,252|N|,0,,,,||999999|,,,,,Ghost]cs6|CalyrexShadow|LifeOrb|AsOneSpectrier|AstralBarrage,Psyshock,TeraBlast,Protect|Timid|,,20,236,,252|N|,0,,,,||999999|,,,,,Fighting]z1|Zacian|RustedSword|IntrepidSword|SwordsDance,ironhead,CloseCombat,WildCharge|Jolly|,252,,,4,252|N|||999999|,,,,,Fighting]z2|Zacian|RustedSword|IntrepidSword|SwordsDance,PlayRough,WildCharge,Crunch|Jolly|,252,,,4,252|N|||999999|,,,,,Dark]z3|Zacian|RustedSword|IntrepidSword|SwordsDance,ironhead,PlayRough,TeraBlast|Jolly|4,252,,,,252|N|||999999|,,,,,Water]z4|Zacian|RustedSword|IntrepidSword|ironhead,PlayRough,SwordsDance,Protect|Adamant|204,76,28,,12,188|N|||999999|,,,,,Stellar]z5|Zacian|RustedSword|IntrepidSword|SwordsDance,PlayRough,CloseCombat,WildCharge|Jolly|,252,,,4,252|N|||999999|,,,,,Fighting]z6|Zacian|RustedSword|IntrepidSword|ironhead,WildCharge,CloseCombat,Assurance|Adamant|96,216,,,84,112|N|||999999|,,,,,Fairy]eee|Arceus|HeavyDutyBoots|Multitype|SwordsDance,ExtremeSpeed,ShadowClaw,Recover|Adamant|200,252,,,,56|N|||999999|,,,,,Normal]RLTHW|Arceus|FocusSash|Multitype|Tailwind,Reflect,LightScreen,HealingWish|Timid|252,,,,4,252|N|,0,,,,||999999|,,,,,Ghost]hickensa|ArceusGround|EarthPlate|Multitype|DragonDance,Earthquake,StoneEdge,Recover|Impish|248,56,136,,,68|N|||999999|,,,,,Fairy]black|KyuremWhite|ChoiceSpecs|Turboblaze|DracoMeteor,IceBeam,FreezeDry,FusionFlare|Modest|,,,252,4,252|N|,0,,,,||999999|,,,,,Fire]white|KyuremBlack|LoadedDice|Teravolt|DragonDance,FusionBolt,IcicleSpear,ScaleShot|Jolly|,252,4,,,252|N|||999999|,,,,,Electric]deez nuts|DeoxysAttack|LifeOrb|Pressure|PsychoBoost,ShadowBall,LowKick,RockSlide|Naive|,4,,252,,252|N|||999999|,,,,,Ghost]god|Arceus|Leftovers|Multitype|SwordsDance,ExtremeSpeed,ShadowClaw,Taunt|Adamant|204,252,,,,52|N|||999999|,,,,,Normal]my little pony|CalyrexShadow|HeavyDutyBoots|AsOneSpectrier|NastyPlot,AstralBarrage,GrassKnot,Psyshock|Timid|,,4,252,,252|N|,0,,,,||999999|,,,,,Normal]my beeg pony|CalyrexIce|WeaknessPolicy|AsOneGlastrier|TrickRoom,GlacialLance,SwordsDance,HighHorsepower|Adamant|252,252,4,,,|N|||999999|,,,,,Ground]all types|Terapagos|HeavyDutyBoots|TeraShift|TeraStarstorm,Flamethrower,IceBeam,CalmMind|Modest|,,,252,4,252|M|,15,,,,||999999|,Dark,,,,Stellar]aeternus|Eternatus|HeavyDutyBoots|Pressure|DynamaxCannon,Recover,Toxic,ToxicSpikes|Calm|232,,44,,188,44|N|,0,,,,||999999|,,,,,Fairy]moon|NecrozmaDawnWings|Leftovers|PrismArmor|TeraBlast,MoongeistBeam,Moonlight,CalmMind|Calm|252,,252,,4,|N|,0,,,,||999999|,,,,,Fairy]sun|NecrozmaDuskMane|LumBerry|PrismArmor|DragonDance,SunsteelStrike,Earthquake,PhotonGeyser|Jolly|,252,4,,,252|N|||999999|,,,,,Psychic]op|Rayquaza|LifeOrb|AirLock|DragonDance,DragonAscent,Earthquake,Vcreate|Jolly|,252,4,,,252|N|||999999|,,,,,Flying]spooks|Gengar|Gengarite|CursedBody|ShadowBall,SludgeWave,DestinyBond,Substitute|Timid|,,,252,4,252|F|,0,,,,|S|999999|,,,,,Ghost]acheron|Archaludon|AssaultVest|Stamina|ElectroShot,DracoMeteor,BodyPress,FlashCannon|Modest|248,,52,84,,124|F|,0,,,,||999999|,,,,,Fairy]fairy horse|Xerneas|PowerHerb|FairyAura|Geomancy,Moonblast,Thunder,Substitute|Modest|48,,164,252,,44|N|,0,,,,||999999|,,,,,Fairy]🥺|Cinccino|LoadedDice|Technician|TidyUp,TailSlap,BulletSeed,TripleAxel|Adamant|,252,,,4,252|F|||999999|,,,,,Normal]something|OgerponHearthflame|HearthflameMask|MoldBreaker|SwordsDance,IvyCudgel,PowerWhip,Trailblaze|Adamant|,252,,,4,252|F|||999999|,Poison,,,,Fire]weather|Tyranitar|Tyranitarite|SandStream|StealthRock,ThunderWave,StoneEdge,KnockOff|Adamant|252,252,,,4,|M|||999999|,,,,,Rock]sus|Ditto|ChoiceScarf|Imposter|Transform|Relaxed|252,4,252,,,|N|,,,,,0|S|999999|,,,,,Fairy]ape|Annihilape|Leftovers|Defiant|BulkUp,Taunt,DrainPunch,RageFist|Adamant|240,,,,252,16|M|||999999|,,,,,Water]black ground|Groudon|RedOrb|Drought|Spikes,PrecipiceBlades,WillOWisp,Roar|Impish|244,,252,,,12|N||S|999999|,,,,,Water]black water|Kyogre|BlueOrb|Drizzle|OriginPulse,IceBeam,Thunder,ThunderWave|Modest|240,,,252,,16|N|,0,,,,|S|999999|,,,,,Fairy]fire bird|Moltres|HeavyDutyBoots|FlameBody|Flamethrower,Uturn,WillOWisp,Roost|Bold|248,,164,,,96|N|||999999|,,,,,Fairy]shiny fire|MoltresGalar|SitrusBerry|Berserk|NastyPlot,Agility,FieryWrath,TeraBlast|Modest|,,,252,4,252|N|,0,,,,|S|999999|,,,,,Fairy]electric bird|Zapdos|HeavyDutyBoots|Static|Thunderbolt,Hurricane,VoltSwitch,Roost|Timid|,,,252,4,252|N|||999999|,,,,,Electric]shiny electric|ZapdosGalar|ChoiceBand|Defiant|CloseCombat,BraveBird,KnockOff,Uturn|Jolly|,252,,,4,252|N||S|999999|,,,,,Flying]ice bird|Articuno|HeavyDutyBoots|Pressure|Roost,FreezeDry,Haze,Uturn|Calm|252,,,,160,96|N|||999999|,,,,,Ground]shiny ice|ArticunoGalar|HeavyDutyBoots|Competitive|CalmMind,FreezingGlare,Hurricane,Recover|Timid|248,,124,,,136|N|,0,,,,|S|999999|,,,,,Poison]luigi|Lugia|HeavyDutyBoots|Multiscale|Recover,Whirlwind,Aeroblast,Whirlpool|Calm|252,,4,,252,|N|||999999|,,,,,Fairy]bug|ArceusBug|InsectPlate|Multitype|Judgment,EarthPower,CalmMind,Recover|Timid|248,,,8,,252|N|,0,,,,||999999|,,,,,Water]dark|ArceusDark|DreadPlate|Multitype|CalmMind,Judgment,Recover,Taunt|Timid|248,,,8,,252|N|,0,,,,||999999|,,,,,Fairy]dragon|ArceusDragon|DracoPlate|Multitype|DragonClaw,FlareBlitz,DragonDance,ExtremeSpeed|Adamant|128,252,,,,128|N|||999999|,,,,,Fire]electric|ArceusElectric|ZapPlate|Multitype|Judgment,IceBeam,CalmMind,Recover|Timid|252,,,4,,252|N|,0,,,,||999999|,,,,,Flying]fairy|ArceusFairy|PixiePlate|Multitype|Judgment,Recover,ThunderWave,StealthRock|Bold|248,,244,,,16|N|,0,,,,||999999|,,,,,Water]fighting|ArceusFighting|FistPlate|Multitype|BodyPress,CosmicPower,Recover,StoredPower|Bold|252,,132,,,124|N|,0,,,,||999999|,,,,,Poison]fire|ArceusFire|FlamePlate|Multitype|DragonDance,FlareBlitz,Earthquake,Taunt|Adamant|128,252,,,,128|N|||999999|,,,,,Fire]flying|ArceusFlying|SkyPlate|Multitype|CalmMind,Judgment,Taunt,Recover|Timid|248,,,8,,252|N|,0,,,,||999999|,,,,,Water]ghost|ArceusGhost|SpookyPlate|Multitype|DragonDance,ShadowClaw,Earthquake,Taunt|Adamant|128,252,,,,128|N|||999999|,,,,,Ghost]grass|ArceusGrass|MeadowPlate|Multitype|CalmMind,Judgment,Recover,EarthPower|Timid|252,,,4,,252|N|,0,,,,||999999|,,,,,Ground]ground|ArceusGround|EarthPlate|Multitype|CalmMind,Judgment,PowerGem,Recover|Timid|248,,136,108,,16|N|,0,,,,||999999|,,,,,Fairy]ice|ArceusIce|IciclePlate|Multitype|Judgment,Thunderbolt,CalmMind,Recover|Timid|248,,,8,,252|N|,0,,,,||999999|,,,,,Water]poison|ArceusPoison|ToxicPlate|Multitype|PoisonJab,WillOWisp,Taunt,Recover|Impish|252,,132,,,124|N|||999999|,,,,,Grass]psychic|ArceusPsychic|MindPlate|Multitype|CosmicPower,StoredPower,Recover,Taunt|Bold|252,,132,,,124|N|,0,,,,||999999|,,,,,Poison]rock|ArceusRock|StonePlate|Multitype|Judgment,CalmMind,Recover,GrassKnot|Timid|252,,,4,,252|N|,0,,,,||999999|,,,,,Grass]steel|ArceusSteel|IronPlate|Multitype|Judgment,Thunder,CalmMind,Recover|Timid|252,,4,,,252|N|,0,,,,||999999|,,,,,Water]water|ArceusWater|SplashPlate|Multitype|WillOWisp,Judgment,Recover,DragonTail|Bold|248,,244,,,16|N|||999999|,,,,,Fairy]e4|Kingambit|DreadPlate|SupremeOverlord|SwordsDance,KowtowCleave,IronHead,SuckerPunch|Adamant|124,252,,,,132|F|||999999|,,,,,Dark]d4|Kingambit|DreadPlate|SupremeOverlord|SwordsDance,KowtowCleave,IronHead,SuckerPunch|Adamant|124,252,,,,132|M|||999999|,,,,,Dark]Nf3|Kingambit|DreadPlate|SupremeOverlord|SwordsDance,KowtowCleave,IronHead,SuckerPunch|Adamant|124,252,,,,132|M|||999999|,,,,,Dark]purple 1|CalyrexShadow|ChoiceScarf|AsOneSpectrier|AstralBarrage,GrassKnot,Psychic,Trick|Timid|,,,252,4,252|N|,0,,,,||999999|,,,,,Ghost]purple 2|CalyrexShadow|HeavyDutyBoots|AsOneSpectrier|NastyPlot,AstralBarrage,GrassKnot,Psychic|Timid|,,4,252,,252|N|,0,,,,||999999|,,,,,Stellar]🅱️|Ribombee|FocusSash|ShieldDust|StickyWeb,Moonblast,StunSpore,PsychicNoise|Timid|,,,252,4,252|M|,0,,,,||999999|,,,,,Ghost]1|Cottonee|FocusSash|Infiltrator|LeechSeed,Endeavor,Protect,Substitute|Bold|,60,196,104,,148|M|,0,,0,,||1|,,,,,Grass]x|Charizard|CharizarditeX|Blaze|DragonDance,FlareBlitz,Earthquake,Roost|Jolly|,252,,,4,252|M|||999999|,,,,,Fire]y|Charizard|CharizarditeY|Blaze|WeatherBall,SolarBeam,ScorchingSands,Roost|Timid|,,4,252,,252|F|,0,,,,||999999|,,,,,Fire]bm|Blastoise|Blastoisinite|Torrent|RapidSpin,DarkPulse,AuraSphere,IceBeam|Timid|,,4,252,,252|F|||999999|,,,,,Grass]vm|Venusaur|Venusaurite|Chlorophyll|LeechSeed,Toxic,Synthesis,GrassKnot|Bold|252,,180,,76,|M|,0,,,,||999999|,,,,,Grass]eternal|Eternatus|HeavyDutyBoots|Pressure|DynamaxCannon,Recover,Toxic,ToxicSpikes|Modest|176,,40,64,184,44|N|,0,,,,||999999|,,,,,Fairy]time|Dialga|ChoiceScarf|Pressure|DracoMeteor,FireBlast,DragonPulse,Thunder|Timid|,,,252,4,252|N|,0,,,,||999999|,,,,,Dragon]time-o|DialgaOrigin|AdamantCrystal|Pressure|DracoMeteor,SteelBeam,StealthRock,DragonTail|Timid|252,,,4,,252|N|||999999|,,,,,Ghost]space|Palkia|Leftovers|Pressure|Substitute,SpacialRend,EarthPower,DragonTail|Timid|,,,252,4,252|N|,0,,,,||999999|,,,,,Ground]space-o|PalkiaOrigin|LustrousGlobe|Pressure|HydroPump,FireBlast,DracoMeteor,Substitute|Timid|,,,252,4,252|N|,0,,,,||999999|,,,,,Fairy]antimatter|Giratina|HeavyDutyBoots|Pressure|DragonTail,WillOWisp,Defog,Rest|Impish|252,,252,,4,|N|||999999|,,,,,Fairy]antimatter-o|GiratinaOrigin|GriseousCore|Levitate|Poltergeist,ShadowSneak,DragonTail,Defog|Adamant|184,188,,,136,|N|||999999|,,,,,Steel]double kick?|Smeargle|FocusSash|OwnTempo|StickyWeb,Nuzzle,Taunt,Spore|Jolly|252,4,,,,252|F||S|999999|,,,,,Normal]half-african|Darkrai|LifeOrb|BadDreams|NastyPlot,SludgeBomb,DarkPulse,IceBeam|Timid|,,,252,4,252|N|,0,,,,|S|999999|,,,,,Poison]crown sword|Zacian|RustedSword|IntrepidSword|SwordsDance,PlayRough,WildCharge,CloseCombat|Jolly|,252,,,4,252|N|||999999|,,,,,Fighting]crown shield|Zamazenta|RustedShield|DauntlessShield|BodyPress,IronDefense,Rest,Substitute|Jolly|252,,4,,,252|N|||999999|,,,,,Fighting]bulk|UrsalunaBloodmoon|Leftovers|MindsEye|CalmMind,BloodMoon,HyperVoice,EarthPower|Modest|,,4,252,,252|M|||999999|,,,,,Normal]EoS|ShayminSky|Leftovers|SereneGrace|Substitute,SeedFlare,AirSlash,LeechSeed|Timid|,,,252,4,252|N||S|999999|,,,,,Steel]xxx|Mewtwo|MewtwoniteX|Pressure|LowKick,Taunt,IceBeam,StoneEdge|Jolly|,252,4,,,252|N|||999999|,,,,,Fighting]yyy|Mewtwo|MewtwoniteY|Unnerve|Psystrike,IceBeam,FireBlast,CalmMind|Timid|,,40,216,,252|N|,0,,,,||999999|,,,,,Fire]weM|Mew|SitrusBerry|Synchronize|NastyPlot,PsychicNoise,FireBlast,DrainingKiss|Timid|,,,252,4,252|N|,0,,,,|S|999999|,,,,,Fairy]magic|Alakazam|Alakazite|MagicGuard|Psychic,FocusBlast,Recover,ShadowBall|Timid|,,4,252,,252|M|,0,,,,||999999|,,,,,Psychic]Gardevoir||Gardevoirite|Trace|WillOWisp,Psyshock,HyperVoice,FocusBlast|Timid|,,,252,4,252|M|,0,,,,||999999|,,,,,Psychic]bruh|Sableye|Sablenite|Prankster|FakeOut,FoulPlay,Recover,WillOWisp|Impish|248,,252,,8,|M||S|999999|,,,,,Dark]heal 1|Blissey|LeppaBerry|NaturalCure|HealBell,SoftBoiled,SeismicToss,LightScreen|Bold|252,,252,,4,|F|,0,,,,||999999|,,,,,Normal]heal 2|Blissey|LeppaBerry|NaturalCure|HealBell,SoftBoiled,SeismicToss,LightScreen|Bold|252,,252,,4,|F|,0,,,,||999999|,,,,,Normal]heal 3|Blissey|LeppaBerry|NaturalCure|HealBell,SoftBoiled,SeismicToss,LightScreen|Bold|252,,252,,4,|F|,0,,,,||999999|,,,,,Normal]ite|Dragonite|HeavyDutyBoots|Multiscale|DragonDance,ExtremeSpeed,Earthquake,IceSpinner|Adamant|,252,4,,,252|F|||999999|,,,,,Normal]golden|Gholdengo|AirBalloon|GoodasGold|NastyPlot,ShadowBall,MakeItRain,Recover|Timid|,,,252,4,252|N|||999999|,,,,,Steel]leaf|Serperior|Leftovers|Contrary|LeafStorm,Glare,TeraBlast,Taunt|Timid|76,,,180,,252|F|,0,,,,||999999|,,,,,Stellar]lo|Latios|Latiosite|Levitate|Psychic,Earthquake,IceBeam,Roost|Naive|,4,,252,,252|M|||999999|,,,,,Psychic]la|Latias|Latiasite|Levitate|Defog,Toxic,HealingWish,DracoMeteor|Timid|252,,76,,4,176|F|||999999|,,,,,Dragon]nothing|Deoxys|LifeOrb|Pressure|PsychoBoost,Superpower,ShadowBall,ExtremeSpeed|Naive|,4,,252,,252|N|||999999|,,,,,Psychic]attack|DeoxysAttack|LifeOrb|Pressure|PsychoBoost,ShadowBall,LowKick,RockSlide|Hasty|,4,,252,,252|N|||999999|,,,,,Ghost]defense|DeoxysDefense|HeavyDutyBoots|Pressure|Spikes,NightShade,Recover,KnockOff|Impish|248,,252,,8,|N|||999999|,,,,,Ghost]speed|DeoxysSpeed|RockyHelmet|Pressure|Spikes,Taunt,PsychoBoost,StealthRock|Timid|252,,192,,12,52|N|,0,,,,||999999|,,,,,Ghost]stealix|Steelix|Steelixite|Sturdy|StealthRock,GyroBall,Earthquake,Curse|Brave|252,208,,,48,|M|,,,,,0||999999|,,,,,Steel]salamander|Salamence|Salamencite|Intimidate|DragonDance,DoubleEdge,Roost,Facade|Adamant|44,252,,,,212|M|||999999|,,,,,Normal]LLL|Lopunny|Lopunnite|Limber|CloseCombat,Return,FakeOut,Uturn|Jolly|,252,,,4,252|M|||999999|,,,,,Normal]MMM|Medicham|Medichamite|Telepathy|FakeOut,HighJumpKick,ZenHeadbutt,IcePunch|Jolly|,252,,,4,252|M|||999999|,,,,,Fighting]up yo ass|Beedrill|Beedrillite|Swarm|Uturn,PoisonJab,DrillRun,KnockOff|Jolly|,252,,,4,252|F|||999999|,,,,,Bug]cloud|Altaria|Altarianite|NaturalCure|Defog,Earthquake,Roost,DragonDance|Careful|252,112,76,,4,64|M|||999999|,,,,,Ground]your mom|HoOh|HeavyDutyBoots|Regenerator|SacredFire,BraveBird,Earthquake,Recover|Adamant|208,252,,,4,44|N|||999999|,,,,,Ground]fuck off|ChienPao|HeavyDutyBoots|SwordofRuin|Crunch,IcicleCrash,IceShard,SacredSword|Jolly|,252,4,,,252|N|||999999|,,,,,Dark]chun-li|ChiYu|ChoiceSpecs|BeadsofRuin|Overheat,Flamethrower,FireBlast,DarkPulse|Modest|,,4,252,,252|N|||999999|,,,,,Fire]FM radio|FlutterMane|ChoiceSpecs|Protosynthesis|ShadowBall,Moonblast,Psyshock,PowerGem|Timid|,,,252,4,252|N|,0,,,,||999999|,,,,,Stellar]Fe|IronBundle|HeavyDutyBoots|QuarkDrive|FreezeDry,HydroPump,IceBeam,Taunt|Timid|,,,252,4,252|N|||999999|,,,,,Ice]trick room|Regieleki|LightClay|Transistor|Reflect,LightScreen,Explosion,RapidSpin|Timid|252,,,4,,252|N|||999999|,,,,,Dark]terrorist|MausholdFour|WideLens|Technician|PopulationBomb,TidyUp,Bite,Encore|Jolly|,252,,,4,252|N|||999999|,,,,,Normal]bice|Baxcalibur|LoadedDice|ThermalExchange|IcicleSpear,GlaiveRush,Earthquake,DragonDance|Adamant|,252,,,4,252|F|||999999|,,,,,Fairy]doggo|ChienPao|BlackGlasses|SwordofRuin|SwordsDance,IceSpinner,Crunch,IceShard|Jolly|,252,4,,,252|N|||999999|,,,,,Dark]esfera|Espathra|Leftovers|SpeedBoost|CalmMind,StoredPower,DazzlingGleam,Roost|Bold|152,,244,,,112|M|||999999|,,,,,Fairy]bad|Landorus|LifeOrb|SheerForce|EarthPower,FocusBlast,Psychic,NastyPlot|Timid|,,,252,4,252|M|,0,,,,||999999|,,,,,Ground]luna loud|Lunala|PowerHerb|ShadowShield|Agility,MoongeistBeam,FocusBlast,MeteorBeam|Timid|56,,,252,,200|N|||999999|,,,,,Ghost]heart stealer|Magearna|Leftovers|SoulHeart|IronDefense,CalmMind,DrainingKiss,StoredPower|Bold|248,,252,,8,|N|||999999|,,,,,Water]pp|Palafin|Leftovers|ZerotoHero|JetPunch,BulkUp,DrainPunch,Taunt|Careful|248,8,,,252,|M|||999999|,,,,,Fairy]white dragon|Reshiram|ChoiceSpecs|Turboblaze|BlueFlare,DracoMeteor,EarthPower,ShadowBall|Modest|252,,,252,4,|N|,0,,,,||999999|,,,,,Fire]bitch|Sneasler|ChoiceScarf|PoisonTouch|DireClaw,CloseCombat,Uturn,Switcheroo|Jolly|,252,,,4,252|F|||999999|,,,,,Fighting]sun|Solgaleo|Leftovers|FullMetalBody|SunsteelStrike,MorningSun,TrickRoom,Teleport|Careful|248,8,,,252,|N|||999999|,,,,,Water]nRS|Urshifu|BlackGlasses|UnseenFist|WickedBlow,CloseCombat,SuckerPunch,SwordsDance|Adamant|,252,4,,,252|F|||999999|,,,,,Dark]RS|UrshifuRapidStrike|ChoiceBand|UnseenFist|SurgingStrikes,CloseCombat,PoisonJab,Uturn|Adamant|,252,4,,,252|F|||999999|,,,,,Water]go back to OU|Volcarona|HeavyDutyBoots|FlameBody|QuiverDance,Flamethrower,MorningSun,WillOWisp|Timid|80,,252,,,176|M|,0,,,,||999999|,,,,,Water]zzz|Zekrom|Leftovers|Teravolt|DragonDance,BoltStrike,DragonClaw,Substitute|Jolly|,252,4,,,252|N|||999999|,,,,,Flying]2.71828183|EternatusEternamax|HeavyDutyBoots|Pressure|CosmicPower,Recover,MeteorBeam,DragonPulse|Timid|252,,,4,,252|N|,0,,,,||999999|,,,,,Fairy]M1|Miraidon|HeavyDutyBoots|HadronEngine|ElectroDrift,DracoMeteor,Uturn,CalmMind|Timid|,,,252,4,252|N|||999999|,Ghost,,,,Fairy]M2|Miraidon|ChoiceSpecs|HadronEngine|ElectroDrift,DracoMeteor,Overheat,Uturn|Timid|,,,252,4,252|N|||999999|,Ghost,,,,Dragon]NU|NecrozmaDuskMane|UltranecroziumZ|PrismArmor|SwordsDance,PhotonGeyser,Earthquake,StoneEdge|Jolly|,224,32,,,252|N|||999999|,,,,,Psychic](NU)|NecrozmaDawnWings|UltranecroziumZ|PrismArmor|SwordsDance,PhotonGeyser,Earthquake,Outrage|Jolly|,224,32,,,252|N|||999999|,,,,,Psychic]n-n|NecrozmaDuskMane|HeavyDutyBoots|PrismArmor|DragonDance,SunsteelStrike,Earthquake,Moonlight|Impish|252,,136,,,120|N|||999999|,,,,,Fire]nnn|NecrozmaDuskMane|LifeOrb|PrismArmor|DragonDance,SunsteelStrike,Earthquake,StoneEdge|Jolly|,252,4,,,252|N|||999999|,,,,,Steel]F1|ArceusFairy|PixiePlate|Multitype|CalmMind,Judgment,EarthPower,Recover|Timid|,,4,252,,252|N|,0,,,,||999999|,,,,,Water]F2|ArceusFairy|PixiePlate|Multitype|WillOWisp,Judgment,Recover,Taunt|Bold|248,,244,,,16|N|||999999|,,,,,Poison]snow warning|Abomasnow|Abomasite|SnowWarning|Blizzard,GigaDrain,EarthPower,AuroraVeil|Timid|,,4,252,,252|M|||999999|,,,,,Ground]darkness|Absol|Absolite|Justified|KnockOff,Pursuit,FireBlast,SuckerPunch|Jolly|,252,,,4,252|M|||999999|,,,,,Dark]fliers|Aerodactyl|Aerodactylite|RockHead|StoneEdge,Earthquake,DualWingbeat,Roost|Jolly|,252,,,4,252|M|||999999|,,,,,Rock]aggressive|Aggron|Aggronite|Sturdy|StealthRock,HeavySlam,BodyPress,Toxic|Careful|252,,4,,252,|M|||999999|,,,,,Steel]deep amp plains|Ampharos|Ampharosite|Static|Thunderbolt,DragonPulse,FocusBlast,VoltSwitch|Modest|128,,,252,,128|F|,0,,,,||999999|,,,,,Electric]someone|Audino|Audinite|Regenerator|Wish,Protect,HealBell,KnockOff|Calm|252,,4,,252,|M|||999999|,,,,,Normal]mega spooky|Banette|Banettite|Frisk|Poltergeist,Encore,DestinyBond,WillOWisp|Adamant|,252,4,,,252|M|||999999|,,,,,Ghost]mega blaziken|Blaziken|Blazikenite|SpeedBoost|SwordsDance,FlareBlitz,LowKick,StoneEdge|Adamant|,252,4,,,252|M|||999999|,,,,,Fire]volcano|Camerupt|Cameruptite|SolidRock|StealthRock,LavaPlume,EarthPower,Yawn|Calm|252,,,,168,88|M|||999999|,,,,,Grass]another one|Steelix|Steelixite|Sturdy|Curse,HeavySlam,Rest,SleepTalk|Impish|252,4,,,252,|F|||999999|,,,,,Steel]pink dialga|Diancie|Diancite|ClearBody|Moonblast,DiamondStorm,MysticalFire,StealthRock|Naive|,28,,228,,252|N|||999999|,,,,,Rock]ggg|Gallade|Galladite|Justified|SwordsDance,CloseCombat,ZenHeadbutt,TripleAxel|Jolly|,252,,,4,252|M|||999999|,,,,,Psychic]mega smogon|Garchomp|Garchompite|RoughSkin|SwordsDance,Earthquake,ScaleShot,FireFang|Jolly|,252,,,4,252|F|||999999|,,,,,Dragon]frozen|Glalie|Glalitite|InnerFocus|Spikes,DoubleEdge,Earthquake,FreezeDry|Jolly|,252,,,4,252|F|||999999|,,,,,Ice]fish|Gyarados|Gyaradosite|Intimidate|Waterfall,Crunch,Taunt,DragonDance|Jolly|,252,4,,,252|M|||999999|,,,,,Water]joe biden|Heracross|Heracronite|Swarm|SwordsDance,CloseCombat,RockBlast,PinMissile|Adamant|,252,,,4,252|M|||999999|,,,,,Bug]dark horse|Houndoom|Houndoominite|FlashFire|NastyPlot,DarkPulse,FireBlast,SludgeBomb|Timid|,,,252,4,252|F|,0,,,,||999999|,,,,,Dark]storage|Kangaskhan|Kangaskhanite|Scrappy|FakeOut,SeismicToss,ShadowClaw,BodySlam|Jolly|52,180,36,,8,232|F|||999999|,,,,,Normal]really good|Lucario|Lucarionite|Justified|SwordsDance,MeteorMash,CloseCombat,BulletPunch|Jolly|,252,,,4,252|M|||999999|,,,,,Fighting]amp plains boss|Manectric|Manectite|LightningRod|VoltSwitch,Thunderbolt,Overheat,HiddenPowerIce|Timid|,,,252,4,252|M|,0,,,,||999999|,Ice,,,,Electric]touhou|Mawile|Mawilite|Intimidate|SwordsDance,PlayRough,KnockOff,SuckerPunch|Adamant|116,252,,,,140|F|||999999|,,,,,Steel]wtf|Metagross|Metagrossite|ClearBody|MeteorMash,IcePunch,RockSlide,BulletPunch|Jolly|232,60,,,40,176|N|||999999|,,,,,Steel]blow job|Pidgeot|Pidgeotite|BigPecks|Uturn,Hurricane,HeatWave,Roost|Timid|,,,252,4,252|F|||999999|,,,,,Normal]BJ|Pinsir|Pinsirite|Moxie|SwordsDance,Return,QuickAttack,CloseCombat|Jolly|,252,,,4,252|F|||999999|,,,,,Bug]leaves|Sceptile|Sceptilite|Overgrow|LeafStorm,DragonPulse,FocusBlast,HiddenPowerFire|Timid|,,,252,4,252|F|,0,,,,||999999|,Fire,,,,Grass]scissors|Scizor|Scizorite|LightMetal|SwordsDance,BulletPunch,KnockOff,Roost|Impish|248,,112,,128,20|M|||999999|,,,,,Bug]lifeguard|Sharpedo|Sharpedonite|SpeedBoost|Crunch,PsychicFangs,CloseCombat,Protect|Adamant|,252,,,4,252|M|||999999|,,,,,Water]fastest pokemon|Slowbro|Slowbronite|Regenerator|Toxic,Scald,SlackOff,IronDefense|Bold|248,,216,,44,|F|||999999|,,,,,Water]thunderbolt|Swampert|Swampertite|Torrent|Earthquake,Waterfall,FlipTurn,Superpower|Jolly|,252,,,4,252|F|||999999|,,,,,Water]cc|CalyrexIce|ClearAmulet|AsOneGlastrier|GlacialLance,HighHorsepower,TrickRoom,Protect|Adamant|252,196,,,60,|N|||999999|,,,,,Fire]pouring rain|Castform|WateriumZ|Forecast|WeatherBall,HydroPump,IceBeam,Thunder|Timid|,,,252,4,252|M|,0,,,,||999999|,,,,,Normal]heal 4|Blissey|LeppaBerry|NaturalCure|HealBell,SoftBoiled,SeismicToss,LightScreen|Bold|252,,252,,4,|F|,0,,,,||999999|,,,,,Normal]heal 5|Blissey|LeppaBerry|NaturalCure|HealBell,SoftBoiled,SeismicToss,LightScreen|Bold|252,,252,,4,|F|,0,,,,||999999|,,,,,Normal]heal 6|Blissey|LeppaBerry|NaturalCure|HealBell,SoftBoiled,SeismicToss,LightScreen|Bold|252,,252,,4,|F|,0,,,,||999999|,,,,,Normal]heal 7|Blissey|LeppaBerry|NaturalCure|HealBell,SoftBoiled,SeismicToss,LightScreen|Bold|252,,252,,4,|F|,0,,,,||999999|,,,,,Normal]heal 8|Blissey|LeppaBerry|NaturalCure|HealBell,SoftBoiled,SeismicToss,LightScreen|Bold|252,,252,,4,|F|,0,,,,||999999|,,,,,Normal]gambling|KyuremBlack|LoadedDice|Teravolt|DragonDance,FusionBolt,IcicleSpear,ScaleShot|Jolly|,252,4,,,252|N|||999999|,,,,,Electric]cold|KyuremWhite|ChoiceScarf|Turboblaze|DracoMeteor,IceBeam,FreezeDry,FusionFlare|Timid|,,,252,4,252|N|,0,,,,||999999|,,,,,Fire]trap|ArceusDark|DreadPlate|Multitype|Whirlpool,PerishSong,Protect,Recover|Timid|252,,,4,,252|N|,0,,,,||999999|,,,,,Ghost]double kick!|Terrakion|FocusSash|Justified|DoubleKick,StealthRock,Taunt,Toxic|Jolly|252,4,,,,252|N|||999999|,,,,,Rock]mcmeghan|Gyarados|LumBerry|Intimidate|DragonDance,Waterfall,StoneEdge,Taunt|Adamant|,252,,,4,252|F|||999999|,,,,,Water]lavos|Heatran|FocusSash|FlashFire|StealthRock,Eruption,Overheat,Explosion|Quiet|200,56,,252,,|M|||999999|,,,,,Grass]fan|RotomFan|HeavyDutyBoots|Levitate|Defog,VoltSwitch,AirSlash,WillOWisp|Timid|252,,,,4,252|N|,0,,,,||999999|,,,,,Electric]frost|RotomFrost|Leftovers|Levitate|NastyPlot,Blizzard,Thunderbolt,Substitute|Timid|,,,252,4,252|N|||999999|,,,,,Ghost]heat|RotomHeat|HeavyDutyBoots|Levitate|NastyPlot,Overheat,Thunderbolt,PainSplit|Timid|248,,,8,,252|N|,0,,,,||999999|,,,,,Steel]mow|RotomMow|Leftovers|Levitate|VoltSwitch,Thunderbolt,LeafStorm,NastyPlot|Timid|,,,252,4,252|N|,0,,,,||999999|,,,,,Electric]wash|RotomWash|Leftovers|Levitate|VoltSwitch,HydroPump,PainSplit,WillOWisp|Bold|252,,244,,,12|N|||999999|,,,,,Steel]anna|Kartana|FightiniumZ|BeastBoost|SwordsDance,LeafBlade,SacredSword,KnockOff|Jolly|,252,,,4,252|N|||999999|,,,,,Grass]e1|EternatusEternamax|HeavyDutyBoots|Pressure|DynamaxCannon,Recover,Toxic,ToxicSpikes|Calm|232,,44,,188,44|N|,0,,,,||999999|,,,,,Fairy]e2|EternatusEternamax|HeavyDutyBoots|Pressure|DynamaxCannon,Flamethrower,Recover,Toxic|Timid|96,,,,236,176|N|||999999|,,,,,Fairy]e3|EternatusEternamax|LifeOrb|Pressure|SludgeBomb,DynamaxCannon,FireBlast,Recover|Timid|,,4,252,,252|N|,0,,,,||999999|,,,,,Steel]e4|EternatusEternamax|HeavyDutyBoots|Pressure|DynamaxCannon,Toxic,ToxicSpikes,Recover|Timid|204,,,,252,52|N|,0,,,,||999999|,,,,,Fairy]e5|EternatusEternamax|PowerHerb|Pressure|Agility,MeteorBeam,DynamaxCannon,FireBlast|Modest|168,,,252,,88|N|,0,,,,||999999|,,,,,Fire]e6|EternatusEternamax|ChoiceScarf|Pressure|DynamaxCannon,SludgeBomb,Flamethrower,ToxicSpikes|Modest|,,,252,4,252|N|,0,,,,||999999|,,,,,Fire]cs1|CalyrexShadow|HeavyDutyBoots|AsOneSpectrier|NastyPlot,AstralBarrage,GrassKnot,Psychic|Timid|,,4,252,,252|N|,0,,,,||999999|,,,,,Normal]cs2|CalyrexShadow|ChoiceScarf|AsOneSpectrier|AstralBarrage,GrassKnot,Psychic,Trick|Timid|,,,252,4,252|N|,0,,,,||999999|,,,,,Ghost]cs3|CalyrexShadow|FocusSash|AsOneSpectrier|AstralBarrage,Psyshock,DrainingKiss,NastyPlot|Timid|4,,,252,,252|N|,0,,,,||999999|,,,,,Fairy]cs4|CalyrexShadow|ChoiceScarf|AsOneSpectrier|AstralBarrage,Psyshock,DrainingKiss,Trick|Timid|4,,,252,,252|N|,0,,,,||999999|,,,,,Fairy]cs5|CalyrexShadow|FocusSash|AsOneSpectrier|AstralBarrage,Psyshock,NastyPlot,Protect|Timid|,,20,236,,252|N|,0,,,,||999999|,,,,,Ghost]cs6|CalyrexShadow|LifeOrb|AsOneSpectrier|AstralBarrage,Psyshock,TeraBlast,Protect|Timid|,,20,236,,252|N|,0,,,,||999999|,,,,,Fighting]z1|Zacian|RustedSword|IntrepidSword|SwordsDance,ironhead,CloseCombat,WildCharge|Jolly|,252,,,4,252|N|||999999|,,,,,Fighting]z2|Zacian|RustedSword|IntrepidSword|SwordsDance,PlayRough,WildCharge,Crunch|Jolly|,252,,,4,252|N|||999999|,,,,,Dark]z3|Zacian|RustedSword|IntrepidSword|SwordsDance,ironhead,PlayRough,TeraBlast|Jolly|4,252,,,,252|N|||999999|,,,,,Water]z4|Zacian|RustedSword|IntrepidSword|ironhead,PlayRough,SwordsDance,Protect|Adamant|204,76,28,,12,188|N|||999999|,,,,,Stellar]z5|Zacian|RustedSword|IntrepidSword|SwordsDance,PlayRough,CloseCombat,WildCharge|Jolly|,252,,,4,252|N|||999999|,,,,,Fighting]z6|Zacian|RustedSword|IntrepidSword|ironhead,WildCharge,CloseCombat,Assurance|Adamant|96,216,,,84,112|N|||999999|,,,,,Fairy]eee|Arceus|HeavyDutyBoots|Multitype|SwordsDance,ExtremeSpeed,ShadowClaw,Recover|Adamant|200,252,,,,56|N|||999999|,,,,,Normal]RLTHW|Arceus|FocusSash|Multitype|Tailwind,Reflect,LightScreen,HealingWish|Timid|252,,,,4,252|N|,0,,,,||999999|,,,,,Ghost]hickensa|ArceusGround|EarthPlate|Multitype|DragonDance,Earthquake,StoneEdge,Recover|Impish|248,56,136,,,68|N|||999999|,,,,,Fairy]black|KyuremWhite|ChoiceSpecs|Turboblaze|DracoMeteor,IceBeam,FreezeDry,FusionFlare|Modest|,,,252,4,252|N|,0,,,,||999999|,,,,,Fire]white|KyuremBlack|LoadedDice|Teravolt|DragonDance,FusionBolt,IcicleSpear,ScaleShot|Jolly|,252,4,,,252|N|||999999|,,,,,Electric]deez nuts|DeoxysAttack|LifeOrb|Pressure|PsychoBoost,ShadowBall,LowKick,RockSlide|Naive|,4,,252,,252|N|||999999|,,,,,Ghost]Dugtrio||ChoiceScarf|ArenaTrap|BeatUp,SleepTalk|Timid|4,,252,,,252|M|||696969|,,,,,Ground","rating":0}
>player p2 {"name":"peterkart55555","avatar":"101","team":"Calyrex|CalyrexShadow|HeavyDutyBoots|AsOneSpectrier|NastyPlot,AstralBarrage,GrassKnot,Psyshock|Timid|,,4,252,,252|N|,0,,,,||999999|,,,,,Normal]Calyrex|CalyrexShadow|HeavyDutyBoots|AsOneSpectrier|NastyPlot,AstralBarrage,GrassKnot,Psyshock|Timid|,,4,252,,252|N|,0,,,,||999999|,,,,,Normal]Calyrex|CalyrexShadow|HeavyDutyBoots|AsOneSpectrier|NastyPlot,AstralBarrage,GrassKnot,Psyshock|Timid|,,4,252,,252|N|,0,,,,||999999|,,,,,Normal]Iron Hands||AguavBerry|QuarkDrive|IronDefense,Detect|Relaxed|252,,252,,4,|N|,0,,,,||999999|,,,,,Fighting]Espathra|||Opportunist|Growl||252,,,,,|F|,0,,,,|||,,,,,Psychic","rating":0}
>p1 team 12, 2, 3, 4, 5, 6, 7, 8, 9, 10, 11, 1, 13, 14, 15, 16, 17, 18, 19, 20, 21, 22, 23, 24, 25, 26, 27, 28, 29, 30, 31, 32, 33, 34, 35, 36, 37, 38, 39, 40, 41, 42, 43, 44, 45, 46, 47, 48, 49, 50, 51, 52, 53, 54, 55, 56, 57, 58, 59, 60, 61, 62, 63, 64, 65, 66, 67, 68, 69, 70, 71, 72, 73, 74, 75, 76, 77, 78, 79, 80, 81, 82, 83, 84, 85, 86, 87, 88, 89, 90, 91, 92, 93, 94, 95, 96, 97, 98, 99, 100, 101, 102, 103, 104, 105, 106, 107, 108, 109, 110, 111, 112, 113, 114, 115, 116, 117, 118, 119, 120, 121, 122, 123, 124, 125, 126, 127, 128, 129, 130, 131, 132, 133, 134, 135, 136, 137, 138, 139, 140, 141, 142, 143, 144, 145, 146, 147, 148, 149, 150, 151, 152, 153, 154, 155, 156, 157, 158, 159, 160, 161, 162, 163, 164, 165, 166, 167, 168, 169, 170, 171, 172, 173, 174, 175, 176, 177, 178, 179, 180, 181, 182, 183, 184, 185, 186, 187, 188, 189, 190, 191, 192, 193, 194, 195, 196, 197, 198, 199, 200, 201, 202, 203, 204, 205, 206, 207, 208, 209, 210, 211, 212, 213, 214, 215, 216, 217, 218, 219, 220, 221, 222, 223, 224, 225, 226, 227, 228, 229, 230, 231, 232, 233, 234, 235, 236, 237, 238, 239, 240, 241, 242, 243, 244, 245, 246, 247, 248, 249, 250, 251, 252, 253, 254, 255, 256, 257, 258, 259, 260, 261, 262, 263, 264, 265, 266, 267, 268, 269, 270, 271, 272, 273, 274, 275, 276, 277, 278, 279, 280, 281, 282, 283, 284, 285, 286, 287, 288, 289, 290, 291, 292, 293, 294, 295, 296, 297, 298, 299, 300, 301, 302, 303, 304, 305, 306, 307, 308, 309, 310, 311, 312, 313, 314, 315, 316, 317, 318, 319, 320, 321, 322, 323, 324, 325, 326, 327, 328, 329, 330, 331, 332, 333, 334, 335, 336, 337, 338, 339, 340, 341, 342, 343, 344, 345, 346, 347, 348, 349, 350, 351, 352, 353, 354, 355, 356, 357, 358, 359, 360, 361, 362, 363, 364, 365, 366, 367, 368, 369, 370, 371, 372, 373, 374, 375, 376, 377, 378, 379, 380, 381, 382, 383, 384, 385, 386, 387, 388, 389, 390, 391, 392, 393, 394, 395, 396, 397, 398, 399, 400, 401, 402, 403, 404, 405, 406, 407, 408, 409, 410, 411, 412, 413, 414, 415, 416, 417, 418, 419, 420, 421, 422, 423, 424, 425, 426, 427, 428, 429, 430, 431, 432, 433, 434, 435, 436, 437, 438, 439, 440, 441, 442, 443, 444, 445, 446, 447, 448, 449, 450, 451, 452, 453, 454, 455, 456, 457, 458, 459, 460, 461, 462, 463, 464, 465, 466, 467, 468, 469, 470, 471, 472, 473, 474, 475, 476, 477, 478, 479, 480, 481, 482, 483, 484, 485, 486, 487, 488, 489, 490, 491, 492, 493, 494, 495, 496, 497, 498, 499, 500, 501, 502, 503, 504, 505, 506, 507, 508, 509, 510, 511, 512, 513, 514, 515, 516, 517, 518, 519, 520, 521, 522, 523, 524, 525, 526, 527, 528, 529, 530, 531, 532, 533, 534, 535, 536, 537, 538, 539, 540, 541, 542, 543, 544, 545, 546, 547, 548, 549, 550, 551, 552, 553, 554, 555, 556, 557, 558, 559, 560, 561, 562, 563, 564, 565, 566, 567, 568, 569, 570, 571, 572, 573, 574, 575, 576, 577, 578, 579, 580, 581, 582, 583, 584, 585, 586, 587, 588, 589, 590, 591, 592, 593, 594, 595, 596, 597, 598, 599, 600, 601, 602, 603, 604, 605, 606, 607, 608, 609, 610, 611, 612, 613, 614, 615, 616, 617, 618, 619, 620, 621, 622, 623, 624, 625, 626, 627, 628, 629, 630, 631, 632, 633, 634, 635, 636, 637, 638, 639, 640, 641, 642, 643, 644, 645, 646, 647, 648, 649, 650, 651, 652, 653, 654, 655, 656, 657, 658, 659, 660, 661, 662, 663, 664, 665, 666, 667, 668, 669, 670, 671, 672, 673, 674, 675, 676, 677, 678, 679, 680, 681, 682, 683, 684, 685, 686, 687, 688, 689, 690, 691, 692, 693, 694, 695, 696, 697, 698, 699, 700, 701, 702, 703, 704, 705, 706, 707, 708, 709, 710, 711, 712, 713, 714, 715, 716, 717, 718, 719, 720, 721, 722, 723, 724, 725, 726, 727, 728, 729, 730, 731, 732, 733, 734, 735, 736, 737, 738, 739, 740, 741, 742, 743, 744, 745, 746, 747, 748, 749, 750, 751, 752, 753, 754, 755, 756, 757, 758, 759, 760, 761, 762, 763, 764, 765, 766, 767, 768, 769, 770, 771, 772, 773, 774, 775, 776, 777, 778, 779, 780, 781, 782, 783, 784, 785, 786, 787, 788, 789, 790, 791, 792, 793, 794, 795, 796, 797, 798, 799, 800, 801, 802, 803, 804, 805, 806, 807, 808, 809, 810, 811, 812, 813, 814, 815, 816, 817, 818, 819, 820, 821, 822, 823, 824, 825, 826, 827, 828, 829, 830, 831, 832, 833, 834, 835, 836, 837, 838, 839, 840, 841, 842, 843, 844, 845, 846, 847, 848, 849, 850, 851, 852, 853, 854, 855, 856, 857, 858, 859, 860, 861, 862, 863, 864, 865, 866, 867, 868, 869, 870, 871, 872, 873, 874, 875, 876, 877, 878, 879, 880, 881, 882, 883, 884, 885, 886, 887, 888, 889, 890, 891, 892, 893, 894, 895, 896, 897, 898, 899, 900, 901, 902, 903, 904, 905, 906, 907, 908, 909, 910, 911, 912, 913, 914, 915, 916, 917, 918, 919, 920, 921, 922, 923, 924, 925, 926, 927, 928, 929, 930, 931, 932, 933, 934, 935, 936, 937, 938, 939, 940, 941, 942, 943, 944, 945, 946, 947, 948, 949, 950, 951, 952, 953, 954, 955, 956, 957, 958, 959, 960, 961
>p2 team 5, 2, 3, 4, 1
>p1 switch 961
>p2 move growl
>p1 move sleeptalk
>p2 move growl
>p1 move sleeptalk
>p2 move growl
>p1 move sleeptalk
>p2 move growl
>p1 move sleeptalk
>p2 move growl
>p1 move sleeptalk
>p2 move growl
>p1 switch 960
>p2 move growl
>p1 switch 960
>p2 switch 4
>p1 move sleeptalk
>p2 move irondefense
>p1 move sleeptalk
>p2 move irondefense
>p1 switch 4
>p2 move irondefense
>p1 switch 4
>p2 move irondefense
>p1 move beatup
>p2 move irondefense terastallize
  log = 
|t:|1719261085
|gametype|singles
|player|p1|peterkart4444|265|
|player|p2|peterkart55555|101|
|teamsize|p1|961
|teamsize|p2|5
|gen|9
|tier|[Gen 9] PeterKart 1000v1000 AG
|rule|HP Percentage Mod: HP is shown in percentages
|rule|Evasion Clause: Evasion abilities, items, and moves are banned
|rule|Evasion Abilities Clause: Evasion abilities are banned
|rule|Evasion Items Clause: Evasion items are banned
|rule|Evasion Moves Clause: Evasion moves are banned
|rule|Dynamax Clause: You cannot dynamax
|rule|Illusion Level Mod: Illusion disguises the Pokémon's true level
|clearpoke
|poke|p1|Arceus, L999999|
|poke|p1|Calyrex-Shadow, L999999|
|poke|p1|Calyrex-Ice, L999999|
|poke|p1|Terapagos, L999999, M|
|poke|p1|Eternatus, L999999|
|poke|p1|Necrozma-Dawn-Wings, L999999|
|poke|p1|Necrozma-Dusk-Mane, L999999|
|poke|p1|Rayquaza, L999999|
|poke|p1|Gengar, L999999, M|
|poke|p1|Archaludon, L999999, M|
|poke|p1|Xerneas-*, L999999|
|poke|p1|Cinccino, L999999, M|
|poke|p1|Ogerpon-Hearthflame, L999999, F|
|poke|p1|Tyranitar, L999999, F|
|poke|p1|Ditto, L999999|
|poke|p1|Annihilape, L999999, F|
|poke|p1|Groudon, L999999|
|poke|p1|Kyogre, L999999|
|poke|p1|Moltres, L999999|
|poke|p1|Moltres-Galar, L999999|
|poke|p1|Zapdos, L999999|
|poke|p1|Zapdos-Galar, L999999|
|poke|p1|Articuno, L999999|
|poke|p1|Articuno-Galar, L999999|
|poke|p1|Lugia, L999999|
|poke|p1|Arceus-Bug, L999999|
|poke|p1|Arceus-Dark, L999999|
|poke|p1|Arceus-Dragon, L999999|
|poke|p1|Arceus-Electric, L999999|
|poke|p1|Arceus-Fairy, L999999|
|poke|p1|Arceus-Fighting, L999999|
|poke|p1|Arceus-Fire, L999999|
|poke|p1|Arceus-Flying, L999999|
|poke|p1|Arceus-Ghost, L999999|
|poke|p1|Arceus-Grass, L999999|
|poke|p1|Arceus-Ground, L999999|
|poke|p1|Arceus-Ice, L999999|
|poke|p1|Arceus-Poison, L999999|
|poke|p1|Arceus-Psychic, L999999|
|poke|p1|Arceus-Rock, L999999|
|poke|p1|Arceus-Steel, L999999|
|poke|p1|Arceus-Water, L999999|
|poke|p1|Kingambit, L999999, F|
|poke|p1|Kingambit, L999999, F|
|poke|p1|Kingambit, L999999, M|
|poke|p1|Calyrex-Shadow, L999999|
|poke|p1|Calyrex-Shadow, L999999|
|poke|p1|Ribombee, L999999, M|
|poke|p1|Cottonee, L1, M|
|poke|p1|Charizard, L999999, M|
|poke|p1|Charizard, L999999, M|
|poke|p1|Blastoise, L999999, M|
|poke|p1|Venusaur, L999999, F|
|poke|p1|Eternatus, L999999|
|poke|p1|Dialga, L999999|
|poke|p1|Dialga-Origin, L999999|
|poke|p1|Palkia, L999999|
|poke|p1|Palkia-Origin, L999999|
|poke|p1|Giratina, L999999|
|poke|p1|Giratina-Origin, L999999|
|poke|p1|Smeargle, L999999, F|
|poke|p1|Darkrai, L999999|
|poke|p1|Zacian-*, L999999|
|poke|p1|Zamazenta-*, L999999|
|poke|p1|Ursaluna-Bloodmoon, L999999, M|
|poke|p1|Shaymin-Sky, L999999|
|poke|p1|Mewtwo, L999999|
|poke|p1|Mewtwo, L999999|
|poke|p1|Mew, L999999|
|poke|p1|Alakazam, L999999, M|
|poke|p1|Gardevoir, L999999, F|
|poke|p1|Sableye, L999999, M|
|poke|p1|Blissey, L999999, F|
|poke|p1|Blissey, L999999, F|
|poke|p1|Blissey, L999999, F|
|poke|p1|Dragonite, L999999, M|
|poke|p1|Gholdengo, L999999|
|poke|p1|Serperior, L999999, F|
|poke|p1|Latios, L999999, M|
|poke|p1|Latias, L999999, F|
|poke|p1|Deoxys, L999999|
|poke|p1|Deoxys-Attack, L999999|
|poke|p1|Deoxys-Defense, L999999|
|poke|p1|Deoxys-Speed, L999999|
|poke|p1|Steelix, L999999, M|
|poke|p1|Salamence, L999999, F|
|poke|p1|Lopunny, L999999, F|
|poke|p1|Medicham, L999999, F|
|poke|p1|Beedrill, L999999, F|
|poke|p1|Altaria, L999999, M|
|poke|p1|Ho-Oh, L999999|
|poke|p1|Chien-Pao, L999999|
|poke|p1|Chi-Yu, L999999|
|poke|p1|Flutter Mane, L999999|
|poke|p1|Iron Bundle, L999999|
|poke|p1|Regieleki, L999999|
|poke|p1|Maushold-Four, L999999|
|poke|p1|Baxcalibur, L999999, F|
|poke|p1|Chien-Pao, L999999|
|poke|p1|Espathra, L999999, F|
|poke|p1|Landorus, L999999, M|
|poke|p1|Lunala, L999999|
|poke|p1|Magearna, L999999|
|poke|p1|Palafin, L999999, F|
|poke|p1|Reshiram, L999999|
|poke|p1|Sneasler, L999999, M|
|poke|p1|Solgaleo, L999999|
|poke|p1|Urshifu-*, L999999, M|
|poke|p1|Urshifu-*, L999999, M|
|poke|p1|Volcarona, L999999, F|
|poke|p1|Zekrom, L999999|
|poke|p1|Eternatus-Eternamax, L999999|
|poke|p1|Miraidon, L999999|
|poke|p1|Miraidon, L999999|
|poke|p1|Necrozma-Dusk-Mane, L999999|
|poke|p1|Necrozma-Dawn-Wings, L999999|
|poke|p1|Necrozma-Dusk-Mane, L999999|
|poke|p1|Necrozma-Dusk-Mane, L999999|
|poke|p1|Arceus-Fairy, L999999|
|poke|p1|Arceus-Fairy, L999999|
|poke|p1|Abomasnow, L999999, M|
|poke|p1|Absol, L999999, M|
|poke|p1|Aerodactyl, L999999, M|
|poke|p1|Aggron, L999999, F|
|poke|p1|Ampharos, L999999, F|
|poke|p1|Audino, L999999, M|
|poke|p1|Banette, L999999, F|
|poke|p1|Blaziken, L999999, F|
|poke|p1|Camerupt, L999999, F|
|poke|p1|Steelix, L999999, M|
|poke|p1|Diancie, L999999|
|poke|p1|Gallade, L999999, M|
|poke|p1|Garchomp, L999999, F|
|poke|p1|Glalie, L999999, M|
|poke|p1|Gyarados, L999999, M|
|poke|p1|Heracross, L999999, F|
|poke|p1|Houndoom, L999999, F|
|poke|p1|Kangaskhan, L999999, F|
|poke|p1|Lucario, L999999, M|
|poke|p1|Manectric, L999999, F|
|poke|p1|Mawile, L999999, M|
|poke|p1|Metagross, L999999|
|poke|p1|Pidgeot, L999999, M|
|poke|p1|Pinsir, L999999, M|
|poke|p1|Sceptile, L999999, M|
|poke|p1|Scizor, L999999, M|
|poke|p1|Sharpedo, L999999, M|
|poke|p1|Slowbro, L999999, F|
|poke|p1|Swampert, L999999, M|
|poke|p1|Calyrex-Ice, L999999|
|poke|p1|Castform, L999999, M|
|poke|p1|Blissey, L999999, F|
|poke|p1|Blissey, L999999, F|
|poke|p1|Blissey, L999999, F|
|poke|p1|Blissey, L999999, F|
|poke|p1|Blissey, L999999, F|
|poke|p1|Kyurem-Black, L999999|
|poke|p1|Kyurem-White, L999999|
|poke|p1|Arceus-Dark, L999999|
|poke|p1|Terrakion, L999999|
|poke|p1|Gyarados, L999999, F|
|poke|p1|Heatran, L999999, M|
|poke|p1|Rotom-Fan, L999999|
|poke|p1|Rotom-Frost, L999999|
|poke|p1|Rotom-Heat, L999999|
|poke|p1|Rotom-Mow, L999999|
|poke|p1|Rotom-Wash, L999999|
|poke|p1|Kartana, L999999|
|poke|p1|Eternatus-Eternamax, L999999|
|poke|p1|Eternatus-Eternamax, L999999|
|poke|p1|Eternatus-Eternamax, L999999|
|poke|p1|Eternatus-Eternamax, L999999|
|poke|p1|Eternatus-Eternamax, L999999|
|poke|p1|Eternatus-Eternamax, L999999|
|poke|p1|Calyrex-Shadow, L999999|
|poke|p1|Calyrex-Shadow, L999999|
|poke|p1|Calyrex-Shadow, L999999|
|poke|p1|Calyrex-Shadow, L999999|
|poke|p1|Calyrex-Shadow, L999999|
|poke|p1|Calyrex-Shadow, L999999|
|poke|p1|Zacian-*, L999999|
|poke|p1|Zacian-*, L999999|
|poke|p1|Zacian-*, L999999|
|poke|p1|Zacian-*, L999999|
|poke|p1|Zacian-*, L999999|
|poke|p1|Zacian-*, L999999|
|poke|p1|Arceus, L999999|
|poke|p1|Arceus, L999999|
|poke|p1|Arceus-Ground, L999999|
|poke|p1|Kyurem-White, L999999|
|poke|p1|Kyurem-Black, L999999|
|poke|p1|Deoxys-Attack, L999999|
|poke|p1|Arceus, L999999|
|poke|p1|Calyrex-Shadow, L999999|
|poke|p1|Calyrex-Ice, L999999|
|poke|p1|Terapagos, L999999, M|
|poke|p1|Eternatus, L999999|
|poke|p1|Necrozma-Dawn-Wings, L999999|
|poke|p1|Necrozma-Dusk-Mane, L999999|
|poke|p1|Rayquaza, L999999|
|poke|p1|Gengar, L999999, F|
|poke|p1|Archaludon, L999999, M|
|poke|p1|Xerneas-*, L999999|
|poke|p1|Cinccino, L999999, M|
|poke|p1|Ogerpon-Hearthflame, L999999, F|
|poke|p1|Tyranitar, L999999, M|
|poke|p1|Ditto, L999999|
|poke|p1|Annihilape, L999999, M|
|poke|p1|Groudon, L999999|
|poke|p1|Kyogre, L999999|
|poke|p1|Moltres, L999999|
|poke|p1|Moltres-Galar, L999999|
|poke|p1|Zapdos, L999999|
|poke|p1|Zapdos-Galar, L999999|
|poke|p1|Articuno, L999999|
|poke|p1|Articuno-Galar, L999999|
|poke|p1|Lugia, L999999|
|poke|p1|Arceus-Bug, L999999|
|poke|p1|Arceus-Dark, L999999|
|poke|p1|Arceus-Dragon, L999999|
|poke|p1|Arceus-Electric, L999999|
|poke|p1|Arceus-Fairy, L999999|
|poke|p1|Arceus-Fighting, L999999|
|poke|p1|Arceus-Fire, L999999|
|poke|p1|Arceus-Flying, L999999|
|poke|p1|Arceus-Ghost, L999999|
|poke|p1|Arceus-Grass, L999999|
|poke|p1|Arceus-Ground, L999999|
|poke|p1|Arceus-Ice, L999999|
|poke|p1|Arceus-Poison, L999999|
|poke|p1|Arceus-Psychic, L999999|
|poke|p1|Arceus-Rock, L999999|
|poke|p1|Arceus-Steel, L999999|
|poke|p1|Arceus-Water, L999999|
|poke|p1|Kingambit, L999999, F|
|poke|p1|Kingambit, L999999, F|
|poke|p1|Kingambit, L999999, F|
|poke|p1|Calyrex-Shadow, L999999|
|poke|p1|Calyrex-Shadow, L999999|
|poke|p1|Ribombee, L999999, F|
|poke|p1|Cottonee, L1, M|
|poke|p1|Charizard, L999999, M|
|poke|p1|Charizard, L999999, F|
|poke|p1|Blastoise, L999999, F|
|poke|p1|Venusaur, L999999, M|
|poke|p1|Eternatus, L999999|
|poke|p1|Dialga, L999999|
|poke|p1|Dialga-Origin, L999999|
|poke|p1|Palkia, L999999|
|poke|p1|Palkia-Origin, L999999|
|poke|p1|Giratina, L999999|
|poke|p1|Giratina-Origin, L999999|
|poke|p1|Smeargle, L999999, F|
|poke|p1|Darkrai, L999999|
|poke|p1|Zacian-*, L999999|
|poke|p1|Zamazenta-*, L999999|
|poke|p1|Ursaluna-Bloodmoon, L999999, M|
|poke|p1|Shaymin-Sky, L999999|
|poke|p1|Mewtwo, L999999|
|poke|p1|Mewtwo, L999999|
|poke|p1|Mew, L999999|
|poke|p1|Alakazam, L999999, M|
|poke|p1|Gardevoir, L999999, M|
|poke|p1|Sableye, L999999, M|
|poke|p1|Blissey, L999999, F|
|poke|p1|Blissey, L999999, F|
|poke|p1|Blissey, L999999, F|
|poke|p1|Dragonite, L999999, F|
|poke|p1|Gholdengo, L999999|
|poke|p1|Serperior, L999999, F|
|poke|p1|Latios, L999999, M|
|poke|p1|Latias, L999999, F|
|poke|p1|Deoxys, L999999|
|poke|p1|Deoxys-Attack, L999999|
|poke|p1|Deoxys-Defense, L999999|
|poke|p1|Deoxys-Speed, L999999|
|poke|p1|Steelix, L999999, M|
|poke|p1|Salamence, L999999, F|
|poke|p1|Lopunny, L999999, M|
|poke|p1|Medicham, L999999, M|
|poke|p1|Beedrill, L999999, M|
|poke|p1|Altaria, L999999, F|
|poke|p1|Ho-Oh, L999999|
|poke|p1|Chien-Pao, L999999|
|poke|p1|Chi-Yu, L999999|
|poke|p1|Flutter Mane, L999999|
|poke|p1|Iron Bundle, L999999|
|poke|p1|Regieleki, L999999|
|poke|p1|Maushold-Four, L999999|
|poke|p1|Baxcalibur, L999999, F|
|poke|p1|Chien-Pao, L999999|
|poke|p1|Espathra, L999999, F|
|poke|p1|Landorus, L999999, M|
|poke|p1|Lunala, L999999|
|poke|p1|Magearna, L999999|
|poke|p1|Palafin, L999999, M|
|poke|p1|Reshiram, L999999|
|poke|p1|Sneasler, L999999, M|
|poke|p1|Solgaleo, L999999|
|poke|p1|Urshifu-*, L999999, F|
|poke|p1|Urshifu-*, L999999, M|
|poke|p1|Volcarona, L999999, F|
|poke|p1|Zekrom, L999999|
|poke|p1|Eternatus-Eternamax, L999999|
|poke|p1|Miraidon, L999999|
|poke|p1|Miraidon, L999999|
|poke|p1|Necrozma-Dusk-Mane, L999999|
|poke|p1|Necrozma-Dawn-Wings, L999999|
|poke|p1|Necrozma-Dusk-Mane, L999999|
|poke|p1|Necrozma-Dusk-Mane, L999999|
|poke|p1|Arceus-Fairy, L999999|
|poke|p1|Arceus-Fairy, L999999|
|poke|p1|Abomasnow, L999999, M|
|poke|p1|Absol, L999999, F|
|poke|p1|Aerodactyl, L999999, F|
|poke|p1|Aggron, L999999, F|
|poke|p1|Ampharos, L999999, M|
|poke|p1|Audino, L999999, F|
|poke|p1|Banette, L999999, M|
|poke|p1|Blaziken, L999999, F|
|poke|p1|Camerupt, L999999, M|
|poke|p1|Steelix, L999999, F|
|poke|p1|Diancie, L999999|
|poke|p1|Gallade, L999999, M|
|poke|p1|Garchomp, L999999, F|
|poke|p1|Glalie, L999999, M|
|poke|p1|Gyarados, L999999, F|
|poke|p1|Heracross, L999999, F|
|poke|p1|Houndoom, L999999, F|
|poke|p1|Kangaskhan, L999999, F|
|poke|p1|Lucario, L999999, F|
|poke|p1|Manectric, L999999, M|
|poke|p1|Mawile, L999999, M|
|poke|p1|Metagross, L999999|
|poke|p1|Pidgeot, L999999, F|
|poke|p1|Pinsir, L999999, M|
|poke|p1|Sceptile, L999999, F|
|poke|p1|Scizor, L999999, F|
|poke|p1|Sharpedo, L999999, F|
|poke|p1|Slowbro, L999999, M|
|poke|p1|Swampert, L999999, F|
|poke|p1|Calyrex-Ice, L999999|
|poke|p1|Castform, L999999, F|
|poke|p1|Blissey, L999999, F|
|poke|p1|Blissey, L999999, F|
|poke|p1|Blissey, L999999, F|
|poke|p1|Blissey, L999999, F|
|poke|p1|Blissey, L999999, F|
|poke|p1|Kyurem-Black, L999999|
|poke|p1|Kyurem-White, L999999|
|poke|p1|Arceus-Dark, L999999|
|poke|p1|Terrakion, L999999|
|poke|p1|Gyarados, L999999, F|
|poke|p1|Heatran, L999999, M|
|poke|p1|Rotom-Fan, L999999|
|poke|p1|Rotom-Frost, L999999|
|poke|p1|Rotom-Heat, L999999|
|poke|p1|Rotom-Mow, L999999|
|poke|p1|Rotom-Wash, L999999|
|poke|p1|Kartana, L999999|
|poke|p1|Eternatus-Eternamax, L999999|
|poke|p1|Eternatus-Eternamax, L999999|
|poke|p1|Eternatus-Eternamax, L999999|
|poke|p1|Eternatus-Eternamax, L999999|
|poke|p1|Eternatus-Eternamax, L999999|
|poke|p1|Eternatus-Eternamax, L999999|
|poke|p1|Calyrex-Shadow, L999999|
|poke|p1|Calyrex-Shadow, L999999|
|poke|p1|Calyrex-Shadow, L999999|
|poke|p1|Calyrex-Shadow, L999999|
|poke|p1|Calyrex-Shadow, L999999|
|poke|p1|Calyrex-Shadow, L999999|
|poke|p1|Zacian-*, L999999|
|poke|p1|Zacian-*, L999999|
|poke|p1|Zacian-*, L999999|
|poke|p1|Zacian-*, L999999|
|poke|p1|Zacian-*, L999999|
|poke|p1|Zacian-*, L999999|
|poke|p1|Arceus, L999999|
|poke|p1|Arceus, L999999|
|poke|p1|Arceus-Ground, L999999|
|poke|p1|Kyurem-White, L999999|
|poke|p1|Kyurem-Black, L999999|
|poke|p1|Deoxys-Attack, L999999|
|poke|p1|Arceus, L999999|
|poke|p1|Calyrex-Shadow, L999999|
|poke|p1|Calyrex-Ice, L999999|
|poke|p1|Terapagos, L999999, M|
|poke|p1|Eternatus, L999999|
|poke|p1|Necrozma-Dawn-Wings, L999999|
|poke|p1|Necrozma-Dusk-Mane, L999999|
|poke|p1|Rayquaza, L999999|
|poke|p1|Gengar, L999999, M|
|poke|p1|Archaludon, L999999, F|
|poke|p1|Xerneas-*, L999999|
|poke|p1|Cinccino, L999999, M|
|poke|p1|Ogerpon-Hearthflame, L999999, F|
|poke|p1|Tyranitar, L999999, F|
|poke|p1|Ditto, L999999|
|poke|p1|Annihilape, L999999, F|
|poke|p1|Groudon, L999999|
|poke|p1|Kyogre, L999999|
|poke|p1|Moltres, L999999|
|poke|p1|Moltres-Galar, L999999|
|poke|p1|Zapdos, L999999|
|poke|p1|Zapdos-Galar, L999999|
|poke|p1|Articuno, L999999|
|poke|p1|Articuno-Galar, L999999|
|poke|p1|Lugia, L999999|
|poke|p1|Arceus-Bug, L999999|
|poke|p1|Arceus-Dark, L999999|
|poke|p1|Arceus-Dragon, L999999|
|poke|p1|Arceus-Electric, L999999|
|poke|p1|Arceus-Fairy, L999999|
|poke|p1|Arceus-Fighting, L999999|
|poke|p1|Arceus-Fire, L999999|
|poke|p1|Arceus-Flying, L999999|
|poke|p1|Arceus-Ghost, L999999|
|poke|p1|Arceus-Grass, L999999|
|poke|p1|Arceus-Ground, L999999|
|poke|p1|Arceus-Ice, L999999|
|poke|p1|Arceus-Poison, L999999|
|poke|p1|Arceus-Psychic, L999999|
|poke|p1|Arceus-Rock, L999999|
|poke|p1|Arceus-Steel, L999999|
|poke|p1|Arceus-Water, L999999|
|poke|p1|Kingambit, L999999, F|
|poke|p1|Kingambit, L999999, M|
|poke|p1|Kingambit, L999999, F|
|poke|p1|Calyrex-Shadow, L999999|
|poke|p1|Calyrex-Shadow, L999999|
|poke|p1|Ribombee, L999999, M|
|poke|p1|Cottonee, L1, M|
|poke|p1|Charizard, L999999, F|
|poke|p1|Charizard, L999999, M|
|poke|p1|Blastoise, L999999, F|
|poke|p1|Venusaur, L999999, F|
|poke|p1|Eternatus, L999999|
|poke|p1|Dialga, L999999|
|poke|p1|Dialga-Origin, L999999|
|poke|p1|Palkia, L999999|
|poke|p1|Palkia-Origin, L999999|
|poke|p1|Giratina, L999999|
|poke|p1|Giratina-Origin, L999999|
|poke|p1|Smeargle, L999999, M|
|poke|p1|Darkrai, L999999|
|poke|p1|Zacian-*, L999999|
|poke|p1|Zamazenta-*, L999999|
|poke|p1|Ursaluna-Bloodmoon, L999999, M|
|poke|p1|Shaymin-Sky, L999999|
|poke|p1|Mewtwo, L999999|
|poke|p1|Mewtwo, L999999|
|poke|p1|Mew, L999999|
|poke|p1|Alakazam, L999999, F|
|poke|p1|Gardevoir, L999999, F|
|poke|p1|Sableye, L999999, M|
|poke|p1|Blissey, L999999, F|
|poke|p1|Blissey, L999999, F|
|poke|p1|Blissey, L999999, F|
|poke|p1|Dragonite, L999999, F|
|poke|p1|Gholdengo, L999999|
|poke|p1|Serperior, L999999, F|
|poke|p1|Latios, L999999, M|
|poke|p1|Latias, L999999, F|
|poke|p1|Deoxys, L999999|
|poke|p1|Deoxys-Attack, L999999|
|poke|p1|Deoxys-Defense, L999999|
|poke|p1|Deoxys-Speed, L999999|
|poke|p1|Steelix, L999999, F|
|poke|p1|Salamence, L999999, M|
|poke|p1|Lopunny, L999999, F|
|poke|p1|Medicham, L999999, M|
|poke|p1|Beedrill, L999999, M|
|poke|p1|Altaria, L999999, F|
|poke|p1|Ho-Oh, L999999|
|poke|p1|Chien-Pao, L999999|
|poke|p1|Chi-Yu, L999999|
|poke|p1|Flutter Mane, L999999|
|poke|p1|Iron Bundle, L999999|
|poke|p1|Regieleki, L999999|
|poke|p1|Maushold-Four, L999999|
|poke|p1|Baxcalibur, L999999, M|
|poke|p1|Chien-Pao, L999999|
|poke|p1|Espathra, L999999, F|
|poke|p1|Landorus, L999999, M|
|poke|p1|Lunala, L999999|
|poke|p1|Magearna, L999999|
|poke|p1|Palafin, L999999, F|
|poke|p1|Reshiram, L999999|
|poke|p1|Sneasler, L999999, F|
|poke|p1|Solgaleo, L999999|
|poke|p1|Urshifu-*, L999999, F|
|poke|p1|Urshifu-*, L999999, F|
|poke|p1|Volcarona, L999999, F|
|poke|p1|Zekrom, L999999|
|poke|p1|Eternatus-Eternamax, L999999|
|poke|p1|Miraidon, L999999|
|poke|p1|Miraidon, L999999|
|poke|p1|Necrozma-Dusk-Mane, L999999|
|poke|p1|Necrozma-Dawn-Wings, L999999|
|poke|p1|Necrozma-Dusk-Mane, L999999|
|poke|p1|Necrozma-Dusk-Mane, L999999|
|poke|p1|Arceus-Fairy, L999999|
|poke|p1|Arceus-Fairy, L999999|
|poke|p1|Abomasnow, L999999, M|
|poke|p1|Absol, L999999, M|
|poke|p1|Aerodactyl, L999999, F|
|poke|p1|Aggron, L999999, F|
|poke|p1|Ampharos, L999999, F|
|poke|p1|Audino, L999999, M|
|poke|p1|Banette, L999999, F|
|poke|p1|Blaziken, L999999, M|
|poke|p1|Camerupt, L999999, M|
|poke|p1|Steelix, L999999, F|
|poke|p1|Diancie, L999999|
|poke|p1|Gallade, L999999, M|
|poke|p1|Garchomp, L999999, F|
|poke|p1|Glalie, L999999, M|
|poke|p1|Gyarados, L999999, M|
|poke|p1|Heracross, L999999, F|
|poke|p1|Houndoom, L999999, F|
|poke|p1|Kangaskhan, L999999, F|
|poke|p1|Lucario, L999999, M|
|poke|p1|Manectric, L999999, M|
|poke|p1|Mawile, L999999, F|
|poke|p1|Metagross, L999999|
|poke|p1|Pidgeot, L999999, M|
|poke|p1|Pinsir, L999999, F|
|poke|p1|Sceptile, L999999, M|
|poke|p1|Scizor, L999999, M|
|poke|p1|Sharpedo, L999999, M|
|poke|p1|Slowbro, L999999, M|
|poke|p1|Swampert, L999999, M|
|poke|p1|Calyrex-Ice, L999999|
|poke|p1|Castform, L999999, M|
|poke|p1|Blissey, L999999, F|
|poke|p1|Blissey, L999999, F|
|poke|p1|Blissey, L999999, F|
|poke|p1|Blissey, L999999, F|
|poke|p1|Blissey, L999999, F|
|poke|p1|Kyurem-Black, L999999|
|poke|p1|Kyurem-White, L999999|
|poke|p1|Arceus-Dark, L999999|
|poke|p1|Terrakion, L999999|
|poke|p1|Gyarados, L999999, F|
|poke|p1|Heatran, L999999, M|
|poke|p1|Rotom-Fan, L999999|
|poke|p1|Rotom-Frost, L999999|
|poke|p1|Rotom-Heat, L999999|
|poke|p1|Rotom-Mow, L999999|
|poke|p1|Rotom-Wash, L999999|
|poke|p1|Kartana, L999999|
|poke|p1|Eternatus-Eternamax, L999999|
|poke|p1|Eternatus-Eternamax, L999999|
|poke|p1|Eternatus-Eternamax, L999999|
|poke|p1|Eternatus-Eternamax, L999999|
|poke|p1|Eternatus-Eternamax, L999999|
|poke|p1|Eternatus-Eternamax, L999999|
|poke|p1|Calyrex-Shadow, L999999|
|poke|p1|Calyrex-Shadow, L999999|
|poke|p1|Calyrex-Shadow, L999999|
|poke|p1|Calyrex-Shadow, L999999|
|poke|p1|Calyrex-Shadow, L999999|
|poke|p1|Calyrex-Shadow, L999999|
|poke|p1|Zacian-*, L999999|
|poke|p1|Zacian-*, L999999|
|poke|p1|Zacian-*, L999999|
|poke|p1|Zacian-*, L999999|
|poke|p1|Zacian-*, L999999|
|poke|p1|Zacian-*, L999999|
|poke|p1|Arceus, L999999|
|poke|p1|Arceus, L999999|
|poke|p1|Arceus-Ground, L999999|
|poke|p1|Kyurem-White, L999999|
|poke|p1|Kyurem-Black, L999999|
|poke|p1|Deoxys-Attack, L999999|
|poke|p1|Arceus, L999999|
|poke|p1|Calyrex-Shadow, L999999|
|poke|p1|Calyrex-Ice, L999999|
|poke|p1|Terapagos, L999999, M|
|poke|p1|Eternatus, L999999|
|poke|p1|Necrozma-Dawn-Wings, L999999|
|poke|p1|Necrozma-Dusk-Mane, L999999|
|poke|p1|Rayquaza, L999999|
|poke|p1|Gengar, L999999, F|
|poke|p1|Archaludon, L999999, M|
|poke|p1|Xerneas-*, L999999|
|poke|p1|Cinccino, L999999, F|
|poke|p1|Ogerpon-Hearthflame, L999999, F|
|poke|p1|Tyranitar, L999999, M|
|poke|p1|Ditto, L999999|
|poke|p1|Annihilape, L999999, M|
|poke|p1|Groudon, L999999|
|poke|p1|Kyogre, L999999|
|poke|p1|Moltres, L999999|
|poke|p1|Moltres-Galar, L999999|
|poke|p1|Zapdos, L999999|
|poke|p1|Zapdos-Galar, L999999|
|poke|p1|Articuno, L999999|
|poke|p1|Articuno-Galar, L999999|
|poke|p1|Lugia, L999999|
|poke|p1|Arceus-Bug, L999999|
|poke|p1|Arceus-Dark, L999999|
|poke|p1|Arceus-Dragon, L999999|
|poke|p1|Arceus-Electric, L999999|
|poke|p1|Arceus-Fairy, L999999|
|poke|p1|Arceus-Fighting, L999999|
|poke|p1|Arceus-Fire, L999999|
|poke|p1|Arceus-Flying, L999999|
|poke|p1|Arceus-Ghost, L999999|
|poke|p1|Arceus-Grass, L999999|
|poke|p1|Arceus-Ground, L999999|
|poke|p1|Arceus-Ice, L999999|
|poke|p1|Arceus-Poison, L999999|
|poke|p1|Arceus-Psychic, L999999|
|poke|p1|Arceus-Rock, L999999|
|poke|p1|Arceus-Steel, L999999|
|poke|p1|Arceus-Water, L999999|
|poke|p1|Kingambit, L999999, F|
|poke|p1|Kingambit, L999999, M|
|poke|p1|Kingambit, L999999, M|
|poke|p1|Calyrex-Shadow, L999999|
|poke|p1|Calyrex-Shadow, L999999|
|poke|p1|Ribombee, L999999, F|
|poke|p1|Cottonee, L1, F|
|poke|p1|Charizard, L999999, F|
|poke|p1|Charizard, L999999, M|
|poke|p1|Blastoise, L999999, M|
|poke|p1|Venusaur, L999999, F|
|poke|p1|Eternatus, L999999|
|poke|p1|Dialga, L999999|
|poke|p1|Dialga-Origin, L999999|
|poke|p1|Palkia, L999999|
|poke|p1|Palkia-Origin, L999999|
|poke|p1|Giratina, L999999|
|poke|p1|Giratina-Origin, L999999|
|poke|p1|Smeargle, L999999, F|
|poke|p1|Darkrai, L999999|
|poke|p1|Zacian-*, L999999|
|poke|p1|Zamazenta-*, L999999|
|poke|p1|Ursaluna-Bloodmoon, L999999, M|
|poke|p1|Shaymin-Sky, L999999|
|poke|p1|Mewtwo, L999999|
|poke|p1|Mewtwo, L999999|
|poke|p1|Mew, L999999|
|poke|p1|Alakazam, L999999, M|
|poke|p1|Gardevoir, L999999, M|
|poke|p1|Sableye, L999999, M|
|poke|p1|Blissey, L999999, F|
|poke|p1|Blissey, L999999, F|
|poke|p1|Blissey, L999999, F|
|poke|p1|Dragonite, L999999, M|
|poke|p1|Gholdengo, L999999|
|poke|p1|Serperior, L999999, F|
|poke|p1|Latios, L999999, M|
|poke|p1|Latias, L999999, F|
|poke|p1|Deoxys, L999999|
|poke|p1|Deoxys-Attack, L999999|
|poke|p1|Deoxys-Defense, L999999|
|poke|p1|Deoxys-Speed, L999999|
|poke|p1|Steelix, L999999, M|
|poke|p1|Salamence, L999999, M|
|poke|p1|Lopunny, L999999, M|
|poke|p1|Medicham, L999999, F|
|poke|p1|Beedrill, L999999, M|
|poke|p1|Altaria, L999999, M|
|poke|p1|Ho-Oh, L999999|
|poke|p1|Chien-Pao, L999999|
|poke|p1|Chi-Yu, L999999|
|poke|p1|Flutter Mane, L999999|
|poke|p1|Iron Bundle, L999999|
|poke|p1|Regieleki, L999999|
|poke|p1|Maushold-Four, L999999|
|poke|p1|Baxcalibur, L999999, F|
|poke|p1|Chien-Pao, L999999|
|poke|p1|Espathra, L999999, F|
|poke|p1|Landorus, L999999, M|
|poke|p1|Lunala, L999999|
|poke|p1|Magearna, L999999|
|poke|p1|Palafin, L999999, M|
|poke|p1|Reshiram, L999999|
|poke|p1|Sneasler, L999999, F|
|poke|p1|Solgaleo, L999999|
|poke|p1|Urshifu-*, L999999, F|
|poke|p1|Urshifu-*, L999999, F|
|poke|p1|Volcarona, L999999, F|
|poke|p1|Zekrom, L999999|
|poke|p1|Eternatus-Eternamax, L999999|
|poke|p1|Miraidon, L999999|
|poke|p1|Miraidon, L999999|
|poke|p1|Necrozma-Dusk-Mane, L999999|
|poke|p1|Necrozma-Dawn-Wings, L999999|
|poke|p1|Necrozma-Dusk-Mane, L999999|
|poke|p1|Necrozma-Dusk-Mane, L999999|
|poke|p1|Arceus-Fairy, L999999|
|poke|p1|Arceus-Fairy, L999999|
|poke|p1|Abomasnow, L999999, M|
|poke|p1|Absol, L999999, M|
|poke|p1|Aerodactyl, L999999, F|
|poke|p1|Aggron, L999999, F|
|poke|p1|Ampharos, L999999, M|
|poke|p1|Audino, L999999, F|
|poke|p1|Banette, L999999, F|
|poke|p1|Blaziken, L999999, F|
|poke|p1|Camerupt, L999999, M|
|poke|p1|Steelix, L999999, M|
|poke|p1|Diancie, L999999|
|poke|p1|Gallade, L999999, M|
|poke|p1|Garchomp, L999999, F|
|poke|p1|Glalie, L999999, M|
|poke|p1|Gyarados, L999999, F|
|poke|p1|Heracross, L999999, F|
|poke|p1|Houndoom, L999999, F|
|poke|p1|Kangaskhan, L999999, F|
|poke|p1|Lucario, L999999, M|
|poke|p1|Manectric, L999999, F|
|poke|p1|Mawile, L999999, M|
|poke|p1|Metagross, L999999|
|poke|p1|Pidgeot, L999999, F|
|poke|p1|Pinsir, L999999, M|
|poke|p1|Sceptile, L999999, F|
|poke|p1|Scizor, L999999, F|
|poke|p1|Sharpedo, L999999, M|
|poke|p1|Slowbro, L999999, F|
|poke|p1|Swampert, L999999, M|
|poke|p1|Calyrex-Ice, L999999|
|poke|p1|Castform, L999999, F|
|poke|p1|Blissey, L999999, F|
|poke|p1|Blissey, L999999, F|
|poke|p1|Blissey, L999999, F|
|poke|p1|Blissey, L999999, F|
|poke|p1|Blissey, L999999, F|
|poke|p1|Kyurem-Black, L999999|
|poke|p1|Kyurem-White, L999999|
|poke|p1|Arceus-Dark, L999999|
|poke|p1|Terrakion, L999999|
|poke|p1|Gyarados, L999999, M|
|poke|p1|Heatran, L999999, M|
|poke|p1|Rotom-Fan, L999999|
|poke|p1|Rotom-Frost, L999999|
|poke|p1|Rotom-Heat, L999999|
|poke|p1|Rotom-Mow, L999999|
|poke|p1|Rotom-Wash, L999999|
|poke|p1|Kartana, L999999|
|poke|p1|Eternatus-Eternamax, L999999|
|poke|p1|Eternatus-Eternamax, L999999|
|poke|p1|Eternatus-Eternamax, L999999|
|poke|p1|Eternatus-Eternamax, L999999|
|poke|p1|Eternatus-Eternamax, L999999|
|poke|p1|Eternatus-Eternamax, L999999|
|poke|p1|Calyrex-Shadow, L999999|
|poke|p1|Calyrex-Shadow, L999999|
|poke|p1|Calyrex-Shadow, L999999|
|poke|p1|Calyrex-Shadow, L999999|
|poke|p1|Calyrex-Shadow, L999999|
|poke|p1|Calyrex-Shadow, L999999|
|poke|p1|Zacian-*, L999999|
|poke|p1|Zacian-*, L999999|
|poke|p1|Zacian-*, L999999|
|poke|p1|Zacian-*, L999999|
|poke|p1|Zacian-*, L999999|
|poke|p1|Zacian-*, L999999|
|poke|p1|Arceus, L999999|
|poke|p1|Arceus, L999999|
|poke|p1|Arceus-Ground, L999999|
|poke|p1|Kyurem-White, L999999|
|poke|p1|Kyurem-Black, L999999|
|poke|p1|Deoxys-Attack, L999999|
|poke|p1|Arceus, L999999|
|poke|p1|Calyrex-Shadow, L999999|
|poke|p1|Calyrex-Ice, L999999|
|poke|p1|Terapagos, L999999, M|
|poke|p1|Eternatus, L999999|
|poke|p1|Necrozma-Dawn-Wings, L999999|
|poke|p1|Necrozma-Dusk-Mane, L999999|
|poke|p1|Rayquaza, L999999|
|poke|p1|Gengar, L999999, F|
|poke|p1|Archaludon, L999999, F|
|poke|p1|Xerneas-*, L999999|
|poke|p1|Cinccino, L999999, F|
|poke|p1|Ogerpon-Hearthflame, L999999, F|
|poke|p1|Tyranitar, L999999, M|
|poke|p1|Ditto, L999999|
|poke|p1|Annihilape, L999999, M|
|poke|p1|Groudon, L999999|
|poke|p1|Kyogre, L999999|
|poke|p1|Moltres, L999999|
|poke|p1|Moltres-Galar, L999999|
|poke|p1|Zapdos, L999999|
|poke|p1|Zapdos-Galar, L999999|
|poke|p1|Articuno, L999999|
|poke|p1|Articuno-Galar, L999999|
|poke|p1|Lugia, L999999|
|poke|p1|Arceus-Bug, L999999|
|poke|p1|Arceus-Dark, L999999|
|poke|p1|Arceus-Dragon, L999999|
|poke|p1|Arceus-Electric, L999999|
|poke|p1|Arceus-Fairy, L999999|
|poke|p1|Arceus-Fighting, L999999|
|poke|p1|Arceus-Fire, L999999|
|poke|p1|Arceus-Flying, L999999|
|poke|p1|Arceus-Ghost, L999999|
|poke|p1|Arceus-Grass, L999999|
|poke|p1|Arceus-Ground, L999999|
|poke|p1|Arceus-Ice, L999999|
|poke|p1|Arceus-Poison, L999999|
|poke|p1|Arceus-Psychic, L999999|
|poke|p1|Arceus-Rock, L999999|
|poke|p1|Arceus-Steel, L999999|
|poke|p1|Arceus-Water, L999999|
|poke|p1|Kingambit, L999999, F|
|poke|p1|Kingambit, L999999, M|
|poke|p1|Kingambit, L999999, M|
|poke|p1|Calyrex-Shadow, L999999|
|poke|p1|Calyrex-Shadow, L999999|
|poke|p1|Ribombee, L999999, M|
|poke|p1|Cottonee, L1, M|
|poke|p1|Charizard, L999999, M|
|poke|p1|Charizard, L999999, F|
|poke|p1|Blastoise, L999999, F|
|poke|p1|Venusaur, L999999, M|
|poke|p1|Eternatus, L999999|
|poke|p1|Dialga, L999999|
|poke|p1|Dialga-Origin, L999999|
|poke|p1|Palkia, L999999|
|poke|p1|Palkia-Origin, L999999|
|poke|p1|Giratina, L999999|
|poke|p1|Giratina-Origin, L999999|
|poke|p1|Smeargle, L999999, F|
|poke|p1|Darkrai, L999999|
|poke|p1|Zacian-*, L999999|
|poke|p1|Zamazenta-*, L999999|
|poke|p1|Ursaluna-Bloodmoon, L999999, M|
|poke|p1|Shaymin-Sky, L999999|
|poke|p1|Mewtwo, L999999|
|poke|p1|Mewtwo, L999999|
|poke|p1|Mew, L999999|
|poke|p1|Alakazam, L999999, M|
|poke|p1|Gardevoir, L999999, M|
|poke|p1|Sableye, L999999, M|
|poke|p1|Blissey, L999999, F|
|poke|p1|Blissey, L999999, F|
|poke|p1|Blissey, L999999, F|
|poke|p1|Dragonite, L999999, F|
|poke|p1|Gholdengo, L999999|
|poke|p1|Serperior, L999999, F|
|poke|p1|Latios, L999999, M|
|poke|p1|Latias, L999999, F|
|poke|p1|Deoxys, L999999|
|poke|p1|Deoxys-Attack, L999999|
|poke|p1|Deoxys-Defense, L999999|
|poke|p1|Deoxys-Speed, L999999|
|poke|p1|Steelix, L999999, M|
|poke|p1|Salamence, L999999, M|
|poke|p1|Lopunny, L999999, M|
|poke|p1|Medicham, L999999, M|
|poke|p1|Beedrill, L999999, F|
|poke|p1|Altaria, L999999, M|
|poke|p1|Ho-Oh, L999999|
|poke|p1|Chien-Pao, L999999|
|poke|p1|Chi-Yu, L999999|
|poke|p1|Flutter Mane, L999999|
|poke|p1|Iron Bundle, L999999|
|poke|p1|Regieleki, L999999|
|poke|p1|Maushold-Four, L999999|
|poke|p1|Baxcalibur, L999999, F|
|poke|p1|Chien-Pao, L999999|
|poke|p1|Espathra, L999999, M|
|poke|p1|Landorus, L999999, M|
|poke|p1|Lunala, L999999|
|poke|p1|Magearna, L999999|
|poke|p1|Palafin, L999999, M|
|poke|p1|Reshiram, L999999|
|poke|p1|Sneasler, L999999, F|
|poke|p1|Solgaleo, L999999|
|poke|p1|Urshifu-*, L999999, F|
|poke|p1|Urshifu-*, L999999, F|
|poke|p1|Volcarona, L999999, M|
|poke|p1|Zekrom, L999999|
|poke|p1|Eternatus-Eternamax, L999999|
|poke|p1|Miraidon, L999999|
|poke|p1|Miraidon, L999999|
|poke|p1|Necrozma-Dusk-Mane, L999999|
|poke|p1|Necrozma-Dawn-Wings, L999999|
|poke|p1|Necrozma-Dusk-Mane, L999999|
|poke|p1|Necrozma-Dusk-Mane, L999999|
|poke|p1|Arceus-Fairy, L999999|
|poke|p1|Arceus-Fairy, L999999|
|poke|p1|Abomasnow, L999999, M|
|poke|p1|Absol, L999999, M|
|poke|p1|Aerodactyl, L999999, M|
|poke|p1|Aggron, L999999, M|
|poke|p1|Ampharos, L999999, F|
|poke|p1|Audino, L999999, M|
|poke|p1|Banette, L999999, M|
|poke|p1|Blaziken, L999999, M|
|poke|p1|Camerupt, L999999, M|
|poke|p1|Steelix, L999999, F|
|poke|p1|Diancie, L999999|
|poke|p1|Gallade, L999999, M|
|poke|p1|Garchomp, L999999, F|
|poke|p1|Glalie, L999999, F|
|poke|p1|Gyarados, L999999, M|
|poke|p1|Heracross, L999999, M|
|poke|p1|Houndoom, L999999, F|
|poke|p1|Kangaskhan, L999999, F|
|poke|p1|Lucario, L999999, M|
|poke|p1|Manectric, L999999, M|
|poke|p1|Mawile, L999999, F|
|poke|p1|Metagross, L999999|
|poke|p1|Pidgeot, L999999, F|
|poke|p1|Pinsir, L999999, F|
|poke|p1|Sceptile, L999999, F|
|poke|p1|Scizor, L999999, M|
|poke|p1|Sharpedo, L999999, M|
|poke|p1|Slowbro, L999999, F|
|poke|p1|Swampert, L999999, F|
|poke|p1|Calyrex-Ice, L999999|
|poke|p1|Castform, L999999, M|
|poke|p1|Blissey, L999999, F|
|poke|p1|Blissey, L999999, F|
|poke|p1|Blissey, L999999, F|
|poke|p1|Blissey, L999999, F|
|poke|p1|Blissey, L999999, F|
|poke|p1|Kyurem-Black, L999999|
|poke|p1|Kyurem-White, L999999|
|poke|p1|Arceus-Dark, L999999|
|poke|p1|Terrakion, L999999|
|poke|p1|Gyarados, L999999, F|
|poke|p1|Heatran, L999999, M|
|poke|p1|Rotom-Fan, L999999|
|poke|p1|Rotom-Frost, L999999|
|poke|p1|Rotom-Heat, L999999|
|poke|p1|Rotom-Mow, L999999|
|poke|p1|Rotom-Wash, L999999|
|poke|p1|Kartana, L999999|
|poke|p1|Eternatus-Eternamax, L999999|
|poke|p1|Eternatus-Eternamax, L999999|
|poke|p1|Eternatus-Eternamax, L999999|
|poke|p1|Eternatus-Eternamax, L999999|
|poke|p1|Eternatus-Eternamax, L999999|
|poke|p1|Eternatus-Eternamax, L999999|
|poke|p1|Calyrex-Shadow, L999999|
|poke|p1|Calyrex-Shadow, L999999|
|poke|p1|Calyrex-Shadow, L999999|
|poke|p1|Calyrex-Shadow, L999999|
|poke|p1|Calyrex-Shadow, L999999|
|poke|p1|Calyrex-Shadow, L999999|
|poke|p1|Zacian-*, L999999|
|poke|p1|Zacian-*, L999999|
|poke|p1|Zacian-*, L999999|
|poke|p1|Zacian-*, L999999|
|poke|p1|Zacian-*, L999999|
|poke|p1|Zacian-*, L999999|
|poke|p1|Arceus, L999999|
|poke|p1|Arceus, L999999|
|poke|p1|Arceus-Ground, L999999|
|poke|p1|Kyurem-White, L999999|
|poke|p1|Kyurem-Black, L999999|
|poke|p1|Deoxys-Attack, L999999|
|poke|p1|Dugtrio, L696969, M|
|poke|p2|Calyrex-Shadow, L999999|
|poke|p2|Calyrex-Shadow, L999999|
|poke|p2|Calyrex-Shadow, L999999|
|poke|p2|Iron Hands, L999999|
|poke|p2|Espathra, F|
|teampreview
|
|t:|1719261102
|start
|switch|p1a: 🥺|Cinccino, L999999, M|2810007/2810007
|switch|p2a: Espathra|Espathra, F|394/394
|turn|1
|
|t:|1719261109
|switch|p1a: Dugtrio|Dugtrio, L696969, M|1407887/1407887
|move|p2a: Espathra|Growl|p1a: Dugtrio
|-unboost|p1a: Dugtrio|atk|1
|
|upkeep
|turn|2
|
|t:|1719261116
|move|p1a: Dugtrio|Sleep Talk||[still]
|-fail|p1a: Dugtrio
|move|p2a: Espathra|Growl|p1a: Dugtrio
|-unboost|p1a: Dugtrio|atk|1
|
|upkeep
|turn|3
|
|t:|1719261119
|move|p1a: Dugtrio|Sleep Talk||[still]
|-fail|p1a: Dugtrio
|move|p2a: Espathra|Growl|p1a: Dugtrio
|-unboost|p1a: Dugtrio|atk|1
|
|upkeep
|turn|4
|
|t:|1719261123
|move|p1a: Dugtrio|Sleep Talk||[still]
|-fail|p1a: Dugtrio
|move|p2a: Espathra|Growl|p1a: Dugtrio
|-unboost|p1a: Dugtrio|atk|1
|
|upkeep
|turn|5
|
|t:|1719261125
|move|p1a: Dugtrio|Sleep Talk||[still]
|-fail|p1a: Dugtrio
|move|p2a: Espathra|Growl|p1a: Dugtrio
|-unboost|p1a: Dugtrio|atk|1
|
|upkeep
|turn|6
|
|t:|1719261129
|move|p1a: Dugtrio|Sleep Talk||[still]
|-fail|p1a: Dugtrio
|move|p2a: Espathra|Growl|p1a: Dugtrio
|-unboost|p1a: Dugtrio|atk|1
|
|upkeep
|turn|7
|
|t:|1719261150
|switch|p1a: deez nuts|Deoxys-Attack, L999999|2310007/2310007
|-ability|p1a: deez nuts|Pressure
|move|p2a: Espathra|Growl|p1a: deez nuts
|-unboost|p1a: deez nuts|atk|1
|
|upkeep
|turn|8
|
|t:|1719261159
|switch|p1a: Dugtrio|Dugtrio, L696969, M|1407887/1407887
|switch|p2a: Iron Hands|Iron Hands, L999999|5020004/5020004
|
|upkeep
|turn|9
|
|t:|1719261165
|move|p1a: Dugtrio|Sleep Talk||[still]
|-fail|p1a: Dugtrio
|move|p2a: Iron Hands|Iron Defense|p2a: Iron Hands
|-boost|p2a: Iron Hands|def|2
|
|upkeep
|turn|10
|
|t:|1719261168
|move|p1a: Dugtrio|Sleep Talk||[still]
|-fail|p1a: Dugtrio
|move|p2a: Iron Hands|Iron Defense|p2a: Iron Hands
|-boost|p2a: Iron Hands|def|2
|
|upkeep
|turn|11
|
|t:|1719261173
|switch|p1a: all types|Terapagos, L999999, M|3110006/3110006
|-activate|p1a: all types|ability: Tera Shift
|detailschange|p1a: all types|Terapagos-Terastal, L999999, M
|-heal|p1a: all types|3210006/3210006|[silent]
|move|p2a: Iron Hands|Iron Defense|p2a: Iron Hands
|-boost|p2a: Iron Hands|def|2
|
|upkeep
|turn|12
|
|t:|1719261187
|switch|p1a: Dugtrio|Dugtrio, L696969, M|1407887/1407887
|move|p2a: Iron Hands|Iron Defense|p2a: Iron Hands
|-boost|p2a: Iron Hands|def|0
|
|upkeep
|turn|13
|
|t:|1719261194
|-terastallize|p2a: Iron Hands|Fighting
|move|p1a: Dugtrio|Beat Up|p2a: Iron Hands
|-resisted|p2a: Iron Hands
|-damage|p2a: Iron Hands|5015650/5020004
|-resisted|p2a: Iron Hands
|-damage|p2a: Iron Hands|5012339/5020004
|-resisted|p2a: Iron Hands
|-damage|p2a: Iron Hands|5006679/5020004
|-resisted|p2a: Iron Hands
|-damage|p2a: Iron Hands|5002698/5020004
|-resisted|p2a: Iron Hands
|-damage|p2a: Iron Hands|4999002/5020004
|-resisted|p2a: Iron Hands
|-damage|p2a: Iron Hands|4994832/5020004
|-resisted|p2a: Iron Hands
|-damage|p2a: Iron Hands|4989738/5020004
|-resisted|p2a: Iron Hands
|-damage|p2a: Iron Hands|4984525/5020004
|-resisted|p2a: Iron Hands
|-damage|p2a: Iron Hands|4981625/5020004
|-resisted|p2a: Iron Hands
|-damage|p2a: Iron Hands|4977405/5020004
|-resisted|p2a: Iron Hands
|-crit|p2a: Iron Hands
|-damage|p2a: Iron Hands|4949577/5020004
|-resisted|p2a: Iron Hands
|-damage|p2a: Iron Hands|4944995/5020004
|-resisted|p2a: Iron Hands
|-damage|p2a: Iron Hands|4940464/5020004
|-resisted|p2a: Iron Hands
|-damage|p2a: Iron Hands|4935453/5020004
|-resisted|p2a: Iron Hands
|-damage|p2a: Iron Hands|4932947/5020004
|-resisted|p2a: Iron Hands
|-damage|p2a: Iron Hands|4928872/5020004
|-resisted|p2a: Iron Hands
|-damage|p2a: Iron Hands|4923482/5020004
|-resisted|p2a: Iron Hands
|-damage|p2a: Iron Hands|4919439/5020004
|-resisted|p2a: Iron Hands
|-damage|p2a: Iron Hands|4915174/5020004
|-resisted|p2a: Iron Hands
|-damage|p2a: Iron Hands|4911401/5020004
|-resisted|p2a: Iron Hands
|-damage|p2a: Iron Hands|4907462/5020004
|-resisted|p2a: Iron Hands
|-damage|p2a: Iron Hands|4903082/5020004
|-resisted|p2a: Iron Hands
|-damage|p2a: Iron Hands|4899617/5020004
|-resisted|p2a: Iron Hands
|-damage|p2a: Iron Hands|4895844/5020004
|-resisted|p2a: Iron Hands
|-damage|p2a: Iron Hands|4892071/5020004
|-resisted|p2a: Iron Hands
|-damage|p2a: Iron Hands|4887540/5020004
|-resisted|p2a: Iron Hands
|-damage|p2a: Iron Hands|4882807/5020004
|-resisted|p2a: Iron Hands
|-damage|p2a: Iron Hands|4877772/5020004
|-resisted|p2a: Iron Hands
|-damage|p2a: Iron Hands|4872938/5020004
|-resisted|p2a: Iron Hands
|-damage|p2a: Iron Hands|4868407/5020004
|-resisted|p2a: Iron Hands
|-damage|p2a: Iron Hands|4863523/5020004
|-resisted|p2a: Iron Hands
|-damage|p2a: Iron Hands|4858992/5020004
|-resisted|p2a: Iron Hands
|-damage|p2a: Iron Hands|4853957/5020004
|-resisted|p2a: Iron Hands
|-damage|p2a: Iron Hands|4849023/5020004
|-resisted|p2a: Iron Hands
|-damage|p2a: Iron Hands|4843988/5020004
|-resisted|p2a: Iron Hands
|-damage|p2a: Iron Hands|4839457/5020004
|-resisted|p2a: Iron Hands
|-crit|p2a: Iron Hands
|-damage|p2a: Iron Hands|4811664/5020004
|-resisted|p2a: Iron Hands
|-damage|p2a: Iron Hands|4806679/5020004
|-resisted|p2a: Iron Hands
|-damage|p2a: Iron Hands|4801845/5020004
|-resisted|p2a: Iron Hands
|-damage|p2a: Iron Hands|4797213/5020004
|-resisted|p2a: Iron Hands
|-damage|p2a: Iron Hands|4792883/5020004
|-resisted|p2a: Iron Hands
|-damage|p2a: Iron Hands|4788100/5020004
|-resisted|p2a: Iron Hands
|-damage|p2a: Iron Hands|4783196/5020004
|-resisted|p2a: Iron Hands
|-damage|p2a: Iron Hands|4777918/5020004
|-resisted|p2a: Iron Hands
|-damage|p2a: Iron Hands|4772747/5020004
|-resisted|p2a: Iron Hands
|-damage|p2a: Iron Hands|4769051/5020004
|-resisted|p2a: Iron Hands
|-damage|p2a: Iron Hands|4765393/5020004
|-resisted|p2a: Iron Hands
|-damage|p2a: Iron Hands|4762461/5020004
|-resisted|p2a: Iron Hands
|-damage|p2a: Iron Hands|4760387/5020004
|-resisted|p2a: Iron Hands
|-damage|p2a: Iron Hands|4757114/5020004
|-resisted|p2a: Iron Hands
|-damage|p2a: Iron Hands|4753764/5020004
|-resisted|p2a: Iron Hands
|-damage|p2a: Iron Hands|4750414/5020004
|-resisted|p2a: Iron Hands
|-damage|p2a: Iron Hands|4746910/5020004
|-resisted|p2a: Iron Hands
|-damage|p2a: Iron Hands|4743637/5020004
|-resisted|p2a: Iron Hands
|-damage|p2a: Iron Hands|4739257/5020004
|-resisted|p2a: Iron Hands
|-damage|p2a: Iron Hands|4735037/5020004
|-resisted|p2a: Iron Hands
|-damage|p2a: Iron Hands|4730606/5020004
|-resisted|p2a: Iron Hands
|-damage|p2a: Iron Hands|4726163/5020004
|-resisted|p2a: Iron Hands
|-damage|p2a: Iron Hands|4722120/5020004
|-resisted|p2a: Iron Hands
|-damage|p2a: Iron Hands|4717236/5020004
|-resisted|p2a: Iron Hands
|-damage|p2a: Iron Hands|4715162/5020004
|-resisted|p2a: Iron Hands
|-damage|p2a: Iron Hands|4711472/5020004
|-resisted|p2a: Iron Hands
|-crit|p2a: Iron Hands
|-damage|p2a: Iron Hands|4675931/5020004
|-resisted|p2a: Iron Hands
|-damage|p2a: Iron Hands|4671047/5020004
|-resisted|p2a: Iron Hands
|-damage|p2a: Iron Hands|4667991/5020004
|-resisted|p2a: Iron Hands
|-damage|p2a: Iron Hands|4664171/5020004
|-resisted|p2a: Iron Hands
|-damage|p2a: Iron Hands|4660048/5020004
|-resisted|p2a: Iron Hands
|-damage|p2a: Iron Hands|4655736/5020004
|-resisted|p2a: Iron Hands
|-damage|p2a: Iron Hands|4651516/5020004
|-resisted|p2a: Iron Hands
|-damage|p2a: Iron Hands|4648702/5020004
|-resisted|p2a: Iron Hands
|-damage|p2a: Iron Hands|4645672/5020004
|-resisted|p2a: Iron Hands
|-damage|p2a: Iron Hands|4642509/5020004
|-resisted|p2a: Iron Hands
|-damage|p2a: Iron Hands|4640803/5020004
|-resisted|p2a: Iron Hands
|-damage|p2a: Iron Hands|4639062/5020004
|-resisted|p2a: Iron Hands
|-damage|p2a: Iron Hands|4637321/5020004
|-resisted|p2a: Iron Hands
|-damage|p2a: Iron Hands|4632150/5020004
|-resisted|p2a: Iron Hands
|-damage|p2a: Iron Hands|4629283/5020004
|-resisted|p2a: Iron Hands
|-damage|p2a: Iron Hands|4626191/5020004
|-resisted|p2a: Iron Hands
|-damage|p2a: Iron Hands|4622459/5020004
|-resisted|p2a: Iron Hands
|-damage|p2a: Iron Hands|4618647/5020004
|-resisted|p2a: Iron Hands
|-damage|p2a: Iron Hands|4613197/5020004
|-resisted|p2a: Iron Hands
|-damage|p2a: Iron Hands|4607134/5020004
|-resisted|p2a: Iron Hands
|-damage|p2a: Iron Hands|4603793/5020004
|-resisted|p2a: Iron Hands
|-damage|p2a: Iron Hands|4599812/5020004
|-resisted|p2a: Iron Hands
|-damage|p2a: Iron Hands|4596308/5020004
|-resisted|p2a: Iron Hands
|-damage|p2a: Iron Hands|4591617/5020004
|-resisted|p2a: Iron Hands
|-damage|p2a: Iron Hands|4588418/5020004
|-resisted|p2a: Iron Hands
|-damage|p2a: Iron Hands|4585356/5020004
|-resisted|p2a: Iron Hands
|-damage|p2a: Iron Hands|4581541/5020004
|-resisted|p2a: Iron Hands
|-damage|p2a: Iron Hands|4578094/5020004
|-resisted|p2a: Iron Hands
|-damage|p2a: Iron Hands|4573083/5020004
|-resisted|p2a: Iron Hands
|-damage|p2a: Iron Hands|4568098/5020004
|-resisted|p2a: Iron Hands
|-damage|p2a: Iron Hands|4564517/5020004
|-resisted|p2a: Iron Hands
|-damage|p2a: Iron Hands|4561822/5020004
|-resisted|p2a: Iron Hands
|-crit|p2a: Iron Hands
|-damage|p2a: Iron Hands|4540107/5020004
|-resisted|p2a: Iron Hands
|-damage|p2a: Iron Hands|4536109/5020004
|-resisted|p2a: Iron Hands
|-damage|p2a: Iron Hands|4532662/5020004
|-resisted|p2a: Iron Hands
|-damage|p2a: Iron Hands|4527428/5020004
|-resisted|p2a: Iron Hands
|-damage|p2a: Iron Hands|4522745/5020004
|-resisted|p2a: Iron Hands
|-damage|p2a: Iron Hands|4519683/5020004
|-resisted|p2a: Iron Hands
|-damage|p2a: Iron Hands|4515303/5020004
|-resisted|p2a: Iron Hands
|-crit|p2a: Iron Hands
|-damage|p2a: Iron Hands|4487724/5020004
|-resisted|p2a: Iron Hands
|-crit|p2a: Iron Hands
|-damage|p2a: Iron Hands|4464587/5020004
|-resisted|p2a: Iron Hands
|-damage|p2a: Iron Hands|4461388/5020004
|-resisted|p2a: Iron Hands
|-damage|p2a: Iron Hands|4456857/5020004
|-resisted|p2a: Iron Hands
|-damage|p2a: Iron Hands|4451953/5020004
|-resisted|p2a: Iron Hands
|-damage|p2a: Iron Hands|4447155/5020004
|-resisted|p2a: Iron Hands
|-damage|p2a: Iron Hands|4442357/5020004
|-resisted|p2a: Iron Hands
|-damage|p2a: Iron Hands|4437399/5020004
|-resisted|p2a: Iron Hands
|-damage|p2a: Iron Hands|4434532/5020004
|-resisted|p2a: Iron Hands
|-damage|p2a: Iron Hands|4428608/5020004
|-resisted|p2a: Iron Hands
|-damage|p2a: Iron Hands|4424343/5020004
|-resisted|p2a: Iron Hands
|-damage|p2a: Iron Hands|4420647/5020004
|-resisted|p2a: Iron Hands
|-damage|p2a: Iron Hands|4417336/5020004
|-resisted|p2a: Iron Hands
|-damage|p2a: Iron Hands|4412005/5020004
|-resisted|p2a: Iron Hands
|-damage|p2a: Iron Hands|4407503/5020004
|-resisted|p2a: Iron Hands
|-damage|p2a: Iron Hands|4402409/5020004
|-resisted|p2a: Iron Hands
|-damage|p2a: Iron Hands|4396722/5020004
|-resisted|p2a: Iron Hands
|-damage|p2a: Iron Hands|4392442/5020004
|-resisted|p2a: Iron Hands
|-damage|p2a: Iron Hands|4388112/5020004
|-resisted|p2a: Iron Hands
|-damage|p2a: Iron Hands|4384214/5020004
|-resisted|p2a: Iron Hands
|-damage|p2a: Iron Hands|4379683/5020004
|-resisted|p2a: Iron Hands
|-damage|p2a: Iron Hands|4375285/5020004
|-resisted|p2a: Iron Hands
|-damage|p2a: Iron Hands|4371115/5020004
|-resisted|p2a: Iron Hands
|-damage|p2a: Iron Hands|4367668/5020004
|-resisted|p2a: Iron Hands
|-damage|p2a: Iron Hands|4364508/5020004
|-resisted|p2a: Iron Hands
|-damage|p2a: Iron Hands|4359864/5020004
|-resisted|p2a: Iron Hands
|-damage|p2a: Iron Hands|4355232/5020004
|-resisted|p2a: Iron Hands
|-damage|p2a: Iron Hands|4351278/5020004
|-resisted|p2a: Iron Hands
|-damage|p2a: Iron Hands|4347659/5020004
|-resisted|p2a: Iron Hands
|-damage|p2a: Iron Hands|4343839/5020004
|-resisted|p2a: Iron Hands
|-damage|p2a: Iron Hands|4339308/5020004
|-resisted|p2a: Iron Hands
|-damage|p2a: Iron Hands|4334030/5020004
|-resisted|p2a: Iron Hands
|-damage|p2a: Iron Hands|4330372/5020004
|-resisted|p2a: Iron Hands
|-damage|p2a: Iron Hands|4325790/5020004
|-resisted|p2a: Iron Hands
|-damage|p2a: Iron Hands|4320906/5020004
|-resisted|p2a: Iron Hands
|-damage|p2a: Iron Hands|4317382/5020004
|-resisted|p2a: Iron Hands
|-damage|p2a: Iron Hands|4313609/5020004
|-resisted|p2a: Iron Hands
|-damage|p2a: Iron Hands|4309581/5020004
|-resisted|p2a: Iron Hands
|-crit|p2a: Iron Hands
|-damage|p2a: Iron Hands|4289110/5020004
|-resisted|p2a: Iron Hands
|-damage|p2a: Iron Hands|4285568/5020004
|-resisted|p2a: Iron Hands
|-damage|p2a: Iron Hands|4280344/5020004
|-resisted|p2a: Iron Hands
|-damage|p2a: Iron Hands|4276725/5020004
|-resisted|p2a: Iron Hands
|-crit|p2a: Iron Hands
|-damage|p2a: Iron Hands|4248328/5020004
|-resisted|p2a: Iron Hands
|-damage|p2a: Iron Hands|4244747/5020004
|-resisted|p2a: Iron Hands
|-damage|p2a: Iron Hands|4240056/5020004
|-resisted|p2a: Iron Hands
|-damage|p2a: Iron Hands|4235575/5020004
|-resisted|p2a: Iron Hands
|-damage|p2a: Iron Hands|4232092/5020004
|-resisted|p2a: Iron Hands
|-damage|p2a: Iron Hands|4227780/5020004
|-resisted|p2a: Iron Hands
|-damage|p2a: Iron Hands|4221934/5020004
|-resisted|p2a: Iron Hands
|-damage|p2a: Iron Hands|4218700/5020004
|-resisted|p2a: Iron Hands
|-damage|p2a: Iron Hands|4217012/5020004
|-resisted|p2a: Iron Hands
|-damage|p2a: Iron Hands|4215253/5020004
|-resisted|p2a: Iron Hands
|-damage|p2a: Iron Hands|4213707/5020004
|-resisted|p2a: Iron Hands
|-damage|p2a: Iron Hands|4212054/5020004
|-resisted|p2a: Iron Hands
|-damage|p2a: Iron Hands|4210384/5020004
|-resisted|p2a: Iron Hands
|-damage|p2a: Iron Hands|4204324/5020004
|-resisted|p2a: Iron Hands
|-damage|p2a: Iron Hands|4199641/5020004
|-resisted|p2a: Iron Hands
|-damage|p2a: Iron Hands|4195009/5020004
|-resisted|p2a: Iron Hands
|-damage|p2a: Iron Hands|4190276/5020004
|-resisted|p2a: Iron Hands
|-damage|p2a: Iron Hands|4185593/5020004
|-resisted|p2a: Iron Hands
|-damage|p2a: Iron Hands|4181654/5020004
|-resisted|p2a: Iron Hands
|-damage|p2a: Iron Hands|4178820/5020004
|-resisted|p2a: Iron Hands
|-damage|p2a: Iron Hands|4175888/5020004
|-resisted|p2a: Iron Hands
|-damage|p2a: Iron Hands|4173086/5020004
|-resisted|p2a: Iron Hands
|-damage|p2a: Iron Hands|4169991/5020004
|-resisted|p2a: Iron Hands
|-damage|p2a: Iron Hands|4167026/5020004
|-resisted|p2a: Iron Hands
|-damage|p2a: Iron Hands|4160759/5020004
|-resisted|p2a: Iron Hands
|-damage|p2a: Iron Hands|4156257/5020004
|-resisted|p2a: Iron Hands
|-damage|p2a: Iron Hands|4152134/5020004
|-resisted|p2a: Iron Hands
|-damage|p2a: Iron Hands|4148059/5020004
|-resisted|p2a: Iron Hands
|-damage|p2a: Iron Hands|4143794/5020004
|-resisted|p2a: Iron Hands
|-damage|p2a: Iron Hands|4139482/5020004
|-resisted|p2a: Iron Hands
|-damage|p2a: Iron Hands|4134743/5020004
|-resisted|p2a: Iron Hands
|-damage|p2a: Iron Hands|4131008/5020004
|-resisted|p2a: Iron Hands
|-damage|p2a: Iron Hands|4127312/5020004
|-resisted|p2a: Iron Hands
|-damage|p2a: Iron Hands|4123654/5020004
|-resisted|p2a: Iron Hands
|-damage|p2a: Iron Hands|4120304/5020004
|-resisted|p2a: Iron Hands
|-damage|p2a: Iron Hands|4116492/5020004
|-resisted|p2a: Iron Hands
|-damage|p2a: Iron Hands|4112641/5020004
|-resisted|p2a: Iron Hands
|-crit|p2a: Iron Hands
|-damage|p2a: Iron Hands|4077811/5020004
|-resisted|p2a: Iron Hands
|-crit|p2a: Iron Hands
|-damage|p2a: Iron Hands|4045825/5020004
|-resisted|p2a: Iron Hands
|-damage|p2a: Iron Hands|4040672/5020004
|-resisted|p2a: Iron Hands
|-damage|p2a: Iron Hands|4035341/5020004
|-resisted|p2a: Iron Hands
|-damage|p2a: Iron Hands|4029714/5020004
|-resisted|p2a: Iron Hands
|-damage|p2a: Iron Hands|4023968/5020004
|-resisted|p2a: Iron Hands
|-damage|p2a: Iron Hands|4019638/5020004
|-resisted|p2a: Iron Hands
|-damage|p2a: Iron Hands|4015207/5020004
|-resisted|p2a: Iron Hands
|-damage|p2a: Iron Hands|4010776/5020004
|-resisted|p2a: Iron Hands
|-damage|p2a: Iron Hands|4006144/5020004
|-resisted|p2a: Iron Hands
|-damage|p2a: Iron Hands|4000475/5020004
|-resisted|p2a: Iron Hands
|-damage|p2a: Iron Hands|3993867/5020004
|-resisted|p2a: Iron Hands
|-damage|p2a: Iron Hands|3989436/5020004
|-resisted|p2a: Iron Hands
|-damage|p2a: Iron Hands|3985971/5020004
|-resisted|p2a: Iron Hands
|-damage|p2a: Iron Hands|3979814/5020004
|-resisted|p2a: Iron Hands
|-damage|p2a: Iron Hands|3976686/5020004
|-resisted|p2a: Iron Hands
|-damage|p2a: Iron Hands|3973221/5020004
|-resisted|p2a: Iron Hands
|-crit|p2a: Iron Hands
|-damage|p2a: Iron Hands|3946495/5020004
|-resisted|p2a: Iron Hands
|-damage|p2a: Iron Hands|3940690/5020004
|-resisted|p2a: Iron Hands
|-damage|p2a: Iron Hands|3935418/5020004
|-resisted|p2a: Iron Hands
|-damage|p2a: Iron Hands|3932193/5020004
|-resisted|p2a: Iron Hands
|-damage|p2a: Iron Hands|3928017/5020004
|-resisted|p2a: Iron Hands
|-damage|p2a: Iron Hands|3923006/5020004
|-resisted|p2a: Iron Hands
|-damage|p2a: Iron Hands|3919233/5020004
|-resisted|p2a: Iron Hands
|-damage|p2a: Iron Hands|3914248/5020004
|-resisted|p2a: Iron Hands
|-damage|p2a: Iron Hands|3909503/5020004
|-resisted|p2a: Iron Hands
|-damage|p2a: Iron Hands|3907157/5020004
|-resisted|p2a: Iron Hands
|-crit|p2a: Iron Hands
|-damage|p2a: Iron Hands|3878725/5020004
|-resisted|p2a: Iron Hands
|-crit|p2a: Iron Hands
|-damage|p2a: Iron Hands|3846028/5020004
|-resisted|p2a: Iron Hands
|-damage|p2a: Iron Hands|3841674/5020004
|-resisted|p2a: Iron Hands
|-damage|p2a: Iron Hands|3837543/5020004
|-resisted|p2a: Iron Hands
|-crit|p2a: Iron Hands
|-damage|p2a: Iron Hands|3815135/5020004
|-resisted|p2a: Iron Hands
|-damage|p2a: Iron Hands|3811611/5020004
|-resisted|p2a: Iron Hands
|-damage|p2a: Iron Hands|3806677/5020004
|-resisted|p2a: Iron Hands
|-damage|p2a: Iron Hands|3803327/5020004
|-resisted|p2a: Iron Hands
|-damage|p2a: Iron Hands|3799977/5020004
|-resisted|p2a: Iron Hands
|-damage|p2a: Iron Hands|3796328/5020004
|-resisted|p2a: Iron Hands
|-damage|p2a: Iron Hands|3791948/5020004
|-resisted|p2a: Iron Hands
|-damage|p2a: Iron Hands|3787114/5020004
|-resisted|p2a: Iron Hands
|-damage|p2a: Iron Hands|3782583/5020004
|-resisted|p2a: Iron Hands
|-damage|p2a: Iron Hands|3777900/5020004
|-resisted|p2a: Iron Hands
|-damage|p2a: Iron Hands|3773066/5020004
|-resisted|p2a: Iron Hands
|-damage|p2a: Iron Hands|3768736/5020004
|-resisted|p2a: Iron Hands
|-damage|p2a: Iron Hands|3764003/5020004
|-resisted|p2a: Iron Hands
|-damage|p2a: Iron Hands|3759472/5020004
|-resisted|p2a: Iron Hands
|-damage|p2a: Iron Hands|3754538/5020004
|-resisted|p2a: Iron Hands
|-damage|p2a: Iron Hands|3749755/5020004
|-resisted|p2a: Iron Hands
|-damage|p2a: Iron Hands|3745425/5020004
|-resisted|p2a: Iron Hands
|-damage|p2a: Iron Hands|3740994/5020004
|-resisted|p2a: Iron Hands
|-damage|p2a: Iron Hands|3736160/5020004
|-resisted|p2a: Iron Hands
|-damage|p2a: Iron Hands|3731729/5020004
|-resisted|p2a: Iron Hands
|-damage|p2a: Iron Hands|3727349/5020004
|-resisted|p2a: Iron Hands
|-damage|p2a: Iron Hands|3722767/5020004
|-resisted|p2a: Iron Hands
|-damage|p2a: Iron Hands|3718437/5020004
|-resisted|p2a: Iron Hands
|-damage|p2a: Iron Hands|3713106/5020004
|-resisted|p2a: Iron Hands
|-damage|p2a: Iron Hands|3707828/5020004
|-resisted|p2a: Iron Hands
|-damage|p2a: Iron Hands|3702604/5020004
|-resisted|p2a: Iron Hands
|-damage|p2a: Iron Hands|3699100/5020004
|-resisted|p2a: Iron Hands
|-damage|p2a: Iron Hands|3695596/5020004
|-resisted|p2a: Iron Hands
|-damage|p2a: Iron Hands|3693078/5020004
|-resisted|p2a: Iron Hands
|-damage|p2a: Iron Hands|3691046/5020004
|-resisted|p2a: Iron Hands
|-damage|p2a: Iron Hands|3687195/5020004
|-resisted|p2a: Iron Hands
|-damage|p2a: Iron Hands|3683691/5020004
|-resisted|p2a: Iron Hands
|-damage|p2a: Iron Hands|3680418/5020004
|-resisted|p2a: Iron Hands
|-damage|p2a: Iron Hands|3677030/5020004
|-resisted|p2a: Iron Hands
|-damage|p2a: Iron Hands|3673526/5020004
|message|LINE LIMIT EXCEEDED
|message|PLEASE REPORT IN BUG THREAD
|message|Event: TryHit
|message|Parent event: 


Error: Format "[Gen 1] Modern Gen 1 Ubers" requires nonexistent mod: 'moderngen1'
    at DexFormats.load (C:\Users\peter\OneDrive\Desktop\Program Files (x69)\showdown\dist\sim\dex-formats.js:392:15)
    at ModdedDex.includeFormats (C:\Users\peter\OneDrive\Desktop\Program Files (x69)\showdown\dist\sim\dex.js:533:18)
    at ModdedDex.loadData (C:\Users\peter\OneDrive\Desktop\Program Files (x69)\showdown\dist\sim\dex.js:487:12)
    at ModdedDex.includeData (C:\Users\peter\OneDrive\Desktop\Program Files (x69)\showdown\dist\sim\dex.js:454:10)
    at Object.<anonymous> (C:\Users\peter\OneDrive\Desktop\Program Files (x69)\showdown\dist\server\team-validator-async.js:96:42)
    at Module._compile (node:internal/modules/cjs/loader:1369:14)
    at Module._extensions..js (node:internal/modules/cjs/loader:1427:10)
    at Module.load (node:internal/modules/cjs/loader:1206:32)
    at Module._load (node:internal/modules/cjs/loader:1022:12)
    at Function.executeUserEntryPoint [as runMain] (node:internal/modules/run_main:135:12)

Error: Format #341 has a duplicate ID: 'gen3uubl'
    at DexFormats.load (C:\Users\peter\OneDrive\Desktop\Program Files (x69)\showdown\dist\sim\dex-formats.js:378:15)
    at ModdedDex.includeFormats (C:\Users\peter\OneDrive\Desktop\Program Files (x69)\showdown\dist\sim\dex.js:533:18)
    at ModdedDex.loadData (C:\Users\peter\OneDrive\Desktop\Program Files (x69)\showdown\dist\sim\dex.js:487:12)
    at ModdedDex.includeData (C:\Users\peter\OneDrive\Desktop\Program Files (x69)\showdown\dist\sim\dex.js:454:10)
    at Object.<anonymous> (C:\Users\peter\OneDrive\Desktop\Program Files (x69)\showdown\dist\server\team-validator-async.js:96:42)
    at Module._compile (node:internal/modules/cjs/loader:1369:14)
    at Module._extensions..js (node:internal/modules/cjs/loader:1427:10)
    at Module.load (node:internal/modules/cjs/loader:1206:32)
    at Module._load (node:internal/modules/cjs/loader:1022:12)
    at Function.executeUserEntryPoint [as runMain] (node:internal/modules/run_main:135:12)

Error: Rule "Sleep Clause Mod" in "[Gen 1] All Mons" already exists in "Standard"
    at DexFormats.getRuleTable (C:\Users\peter\OneDrive\Desktop\Program Files (x69)\showdown\sim\dex-formats.ts:767:12)
    at DexFormats.getRuleTable (C:\Users\peter\OneDrive\Desktop\Program Files (x69)\showdown\sim\dex-formats.ts:643:24)
    at GlobalRoomState.get formatListText [as formatListText] (C:\Users\peter\OneDrive\Desktop\Program Files (x69)\showdown\server\rooms.ts:1472:34)
    at GlobalRoomState.handleConnect (C:\Users\peter\OneDrive\Desktop\Program Files (x69)\showdown\server\rooms.ts:1727:80)
    at Object.socketConnect (C:\Users\peter\OneDrive\Desktop\Program Files (x69)\showdown\server\users.ts:1668:15)
    at Object.onSpawn (C:\Users\peter\OneDrive\Desktop\Program Files (x69)\showdown\server\sockets.ts:34:11)
    at processTicksAndRejections (node:internal/process/task_queues:95:5)

Error: Rule "-CAP" in "[Gen 9] PeterKart 192v192 PH" already exists in "Hackmons Forme Legality"
    at DexFormats.getRuleTable (C:\Users\peter\OneDrive\Desktop\Program Files (x69)\showdown\sim\dex-formats.ts:706:12)
    at GlobalRoomState.get formatListText [as formatListText] (C:\Users\peter\OneDrive\Desktop\Program Files (x69)\showdown\server\rooms.ts:1472:34)
    at GlobalRoomState.handleConnect (C:\Users\peter\OneDrive\Desktop\Program Files (x69)\showdown\server\rooms.ts:1727:80)
    at Object.socketConnect (C:\Users\peter\OneDrive\Desktop\Program Files (x69)\showdown\server\users.ts:1668:15)
    at Object.onSpawn (C:\Users\peter\OneDrive\Desktop\Program Files (x69)\showdown\server\sockets.ts:34:11)
    at processTicksAndRejections (node:internal/process/task_queues:95:5)

Error: IPC channel is already disconnected
    at ChildProcess.target.disconnect (node:internal/child_process:905:26)
    at QueryProcessWrapper.destroy (C:\Users\peter\OneDrive\Desktop\Program Files (x69)\showdown\lib\process-manager.ts:203:16)
    at QueryProcessWrapper.release (C:\Users\peter\OneDrive\Desktop\Program Files (x69)\showdown\lib\process-manager.ts:189:9)
    at QueryProcessManager.releaseCrashed (C:\Users\peter\OneDrive\Desktop\Program Files (x69)\showdown\lib\process-manager.ts:455:16)
    at ChildProcess.<anonymous> (C:\Users\peter\OneDrive\Desktop\Program Files (x69)\showdown\lib\process-manager.ts:512:47)
    at ChildProcess.emit (node:events:518:28)
    at ChildProcess.emit (node:domain:488:12)
    at finish (node:internal/child_process:935:14)
    at processTicksAndRejections (node:internal/process/task_queues:77:11)

Error: IPC channel is already disconnected
    at ChildProcess.target.disconnect (node:internal/child_process:905:26)
    at StreamProcessWrapper.destroy (C:\Users\peter\OneDrive\Desktop\Program Files (x69)\showdown\lib\process-manager.ts:320:16)
    at StreamProcessWrapper.release (C:\Users\peter\OneDrive\Desktop\Program Files (x69)\showdown\lib\process-manager.ts:306:14)
    at StreamProcessManager.releaseCrashed (C:\Users\peter\OneDrive\Desktop\Program Files (x69)\showdown\lib\process-manager.ts:455:16)
    at ChildProcess.<anonymous> (C:\Users\peter\OneDrive\Desktop\Program Files (x69)\showdown\lib\process-manager.ts:512:47)
    at ChildProcess.emit (node:events:518:28)
    at ChildProcess.emit (node:domain:488:12)
    at finish (node:internal/child_process:935:14)
    at processTicksAndRejections (node:internal/process/task_queues:77:11)

Error: IPC channel is already disconnected
    at ChildProcess.target.disconnect (node:internal/child_process:905:26)
    at QueryProcessWrapper.destroy (C:\Users\peter\OneDrive\Desktop\Program Files (x69)\showdown\lib\process-manager.ts:203:16)
    at QueryProcessWrapper.release (C:\Users\peter\OneDrive\Desktop\Program Files (x69)\showdown\lib\process-manager.ts:189:9)
    at QueryProcessManager.releaseCrashed (C:\Users\peter\OneDrive\Desktop\Program Files (x69)\showdown\lib\process-manager.ts:455:16)
    at ChildProcess.<anonymous> (C:\Users\peter\OneDrive\Desktop\Program Files (x69)\showdown\lib\process-manager.ts:512:47)
    at ChildProcess.emit (node:events:518:28)
    at ChildProcess.emit (node:domain:488:12)
    at finish (node:internal/child_process:935:14)
    at processTicksAndRejections (node:internal/process/task_queues:77:11)

Error: IPC channel is already disconnected
    at ChildProcess.target.disconnect (node:internal/child_process:905:26)
    at QueryProcessWrapper.destroy (C:\Users\peter\OneDrive\Desktop\Program Files (x69)\showdown\lib\process-manager.ts:203:16)
    at QueryProcessWrapper.release (C:\Users\peter\OneDrive\Desktop\Program Files (x69)\showdown\lib\process-manager.ts:189:9)
    at QueryProcessManager.releaseCrashed (C:\Users\peter\OneDrive\Desktop\Program Files (x69)\showdown\lib\process-manager.ts:455:16)
    at ChildProcess.<anonymous> (C:\Users\peter\OneDrive\Desktop\Program Files (x69)\showdown\lib\process-manager.ts:512:47)
    at ChildProcess.emit (node:events:518:28)
    at ChildProcess.emit (node:domain:488:12)
    at finish (node:internal/child_process:935:14)
    at processTicksAndRejections (node:internal/process/task_queues:77:11)

Error: IPC channel is already disconnected
    at ChildProcess.target.disconnect (node:internal/child_process:905:26)
    at QueryProcessWrapper.destroy (C:\Users\peter\OneDrive\Desktop\Program Files (x69)\showdown\lib\process-manager.ts:203:16)
    at QueryProcessWrapper.release (C:\Users\peter\OneDrive\Desktop\Program Files (x69)\showdown\lib\process-manager.ts:189:9)
    at QueryProcessManager.releaseCrashed (C:\Users\peter\OneDrive\Desktop\Program Files (x69)\showdown\lib\process-manager.ts:455:16)
    at ChildProcess.<anonymous> (C:\Users\peter\OneDrive\Desktop\Program Files (x69)\showdown\lib\process-manager.ts:512:47)
    at ChildProcess.emit (node:events:518:28)
    at ChildProcess.emit (node:domain:488:12)
    at finish (node:internal/child_process:935:14)
    at processTicksAndRejections (node:internal/process/task_queues:77:11)

Error: IPC channel is already disconnected
    at ChildProcess.target.disconnect (node:internal/child_process:905:26)
    at QueryProcessWrapper.destroy (C:\Users\peter\OneDrive\Desktop\Program Files (x69)\showdown\lib\process-manager.ts:203:16)
    at QueryProcessWrapper.release (C:\Users\peter\OneDrive\Desktop\Program Files (x69)\showdown\lib\process-manager.ts:189:9)
    at QueryProcessManager.releaseCrashed (C:\Users\peter\OneDrive\Desktop\Program Files (x69)\showdown\lib\process-manager.ts:455:16)
    at ChildProcess.<anonymous> (C:\Users\peter\OneDrive\Desktop\Program Files (x69)\showdown\lib\process-manager.ts:512:47)
    at ChildProcess.emit (node:events:518:28)
    at ChildProcess.emit (node:domain:488:12)
    at finish (node:internal/child_process:935:14)
    at processTicksAndRejections (node:internal/process/task_queues:77:11)

TypeError: Cannot read properties of null (reading 'then')
    at RawProcessManager.releaseCrashed (C:\Users\peter\OneDrive\Desktop\Program Files (x69)\showdown\lib\process-manager.ts:455:24)
    at Worker.<anonymous> (C:\Users\peter\OneDrive\Desktop\Program Files (x69)\showdown\lib\process-manager.ts:512:47)
    at Worker.emit (node:events:518:28)
    at Worker.emit (node:domain:488:12)
    at ChildProcess.<anonymous> (node:internal/cluster/primary:209:12)
    at Object.onceWrapper (node:events:632:28)
    at ChildProcess.emit (node:events:518:28)
    at ChildProcess.emit (node:domain:488:12)
    at finish (node:internal/child_process:935:14)
    at processTicksAndRejections (node:internal/process/task_queues:77:11)

Error: IPC channel is already disconnected
    at ChildProcess.target.disconnect (node:internal/child_process:905:26)
    at QueryProcessWrapper.destroy (C:\Users\peter\OneDrive\Desktop\Program Files (x69)\showdown\lib\process-manager.ts:203:16)
    at QueryProcessWrapper.release (C:\Users\peter\OneDrive\Desktop\Program Files (x69)\showdown\lib\process-manager.ts:189:9)
    at SQLDatabaseManager.releaseCrashed (C:\Users\peter\OneDrive\Desktop\Program Files (x69)\showdown\lib\process-manager.ts:455:16)
    at ChildProcess.<anonymous> (C:\Users\peter\OneDrive\Desktop\Program Files (x69)\showdown\lib\process-manager.ts:512:47)
    at ChildProcess.emit (node:events:518:28)
    at ChildProcess.emit (node:domain:488:12)
    at finish (node:internal/child_process:935:14)
    at processTicksAndRejections (node:internal/process/task_queues:77:11)

Error: IPC channel is already disconnected
    at ChildProcess.target.disconnect (node:internal/child_process:905:26)
    at QueryProcessWrapper.destroy (C:\Users\peter\OneDrive\Desktop\Program Files (x69)\showdown\lib\process-manager.ts:203:16)
    at QueryProcessWrapper.release (C:\Users\peter\OneDrive\Desktop\Program Files (x69)\showdown\lib\process-manager.ts:189:9)
    at QueryProcessManager.releaseCrashed (C:\Users\peter\OneDrive\Desktop\Program Files (x69)\showdown\lib\process-manager.ts:455:16)
    at ChildProcess.<anonymous> (C:\Users\peter\OneDrive\Desktop\Program Files (x69)\showdown\lib\process-manager.ts:512:47)
    at ChildProcess.emit (node:events:518:28)
    at ChildProcess.emit (node:domain:488:12)
    at finish (node:internal/child_process:935:14)
    at processTicksAndRejections (node:internal/process/task_queues:77:11)

Error: IPC channel is already disconnected
    at ChildProcess.target.disconnect (node:internal/child_process:905:26)
    at QueryProcessWrapper.destroy (C:\Users\peter\OneDrive\Desktop\Program Files (x69)\showdown\lib\process-manager.ts:203:16)
    at QueryProcessWrapper.release (C:\Users\peter\OneDrive\Desktop\Program Files (x69)\showdown\lib\process-manager.ts:189:9)
    at QueryProcessManager.releaseCrashed (C:\Users\peter\OneDrive\Desktop\Program Files (x69)\showdown\lib\process-manager.ts:455:16)
    at ChildProcess.<anonymous> (C:\Users\peter\OneDrive\Desktop\Program Files (x69)\showdown\lib\process-manager.ts:512:47)
    at ChildProcess.emit (node:events:518:28)
    at ChildProcess.emit (node:domain:488:12)
    at finish (node:internal/child_process:935:14)
    at processTicksAndRejections (node:internal/process/task_queues:77:11)

Error: Process room-battle.js 14592 crashed and had to be restarted
    at StreamProcessManager.releaseCrashed (C:\Users\peter\OneDrive\Desktop\Program Files (x69)\showdown\lib\process-manager.ts:471:4)
    at ChildProcess.<anonymous> (C:\Users\peter\OneDrive\Desktop\Program Files (x69)\showdown\lib\process-manager.ts:512:47)
    at ChildProcess.emit (node:events:518:28)
    at ChildProcess.emit (node:domain:488:12)
    at finish (node:internal/child_process:935:14)
    at processTicksAndRejections (node:internal/process/task_queues:77:11)

Error: IPC channel is already disconnected
    at ChildProcess.target.disconnect (node:internal/child_process:905:26)
    at StreamProcessWrapper.destroy (C:\Users\peter\OneDrive\Desktop\Program Files (x69)\showdown\lib\process-manager.ts:320:16)
    at StreamProcessWrapper.release (C:\Users\peter\OneDrive\Desktop\Program Files (x69)\showdown\lib\process-manager.ts:306:14)
    at StreamProcessManager.releaseCrashed (C:\Users\peter\OneDrive\Desktop\Program Files (x69)\showdown\lib\process-manager.ts:455:16)
    at ChildProcess.<anonymous> (C:\Users\peter\OneDrive\Desktop\Program Files (x69)\showdown\lib\process-manager.ts:512:47)
    at ChildProcess.emit (node:events:518:28)
    at ChildProcess.emit (node:domain:488:12)
    at finish (node:internal/child_process:935:14)
    at processTicksAndRejections (node:internal/process/task_queues:77:11)

Error: Rule "pickedteamsize=24" conflicts with "pickedteamsize=Auto" from Flat Rules (Use "!! pickedteamsize=24" to override "pickedteamsize=Auto".)
    at DexFormats.getRuleTable (C:\Users\peter\OneDrive\Desktop\Program Files (x69)\showdown\sim\dex-formats.ts:755:13)
    at DexFormats.getRuleTable (C:\Users\peter\OneDrive\Desktop\Program Files (x69)\showdown\sim\dex-formats.ts:643:24)
    at GlobalRoomState.get formatListText [as formatListText] (C:\Users\peter\OneDrive\Desktop\Program Files (x69)\showdown\server\rooms.ts:1472:34)
    at GlobalRoomState.handleConnect (C:\Users\peter\OneDrive\Desktop\Program Files (x69)\showdown\server\rooms.ts:1727:80)
    at Object.socketConnect (C:\Users\peter\OneDrive\Desktop\Program Files (x69)\showdown\server\users.ts:1668:15)
    at Object.onSpawn (C:\Users\peter\OneDrive\Desktop\Program Files (x69)\showdown\server\sockets.ts:34:11)
    at processTicksAndRejections (node:internal/process/task_queues:95:5)

Error: Rule "!!maxteamsize=24" is not replacing anything (it should not have "!!")
    at DexFormats.getRuleTable (C:\Users\peter\OneDrive\Desktop\Program Files (x69)\showdown\sim\dex-formats.ts:750:14)
    at DexFormats.getRuleTable (C:\Users\peter\OneDrive\Desktop\Program Files (x69)\showdown\sim\dex-formats.ts:643:24)
    at GlobalRoomState.get formatListText [as formatListText] (C:\Users\peter\OneDrive\Desktop\Program Files (x69)\showdown\server\rooms.ts:1472:34)
    at GlobalRoomState.handleConnect (C:\Users\peter\OneDrive\Desktop\Program Files (x69)\showdown\server\rooms.ts:1727:80)
    at Object.socketConnect (C:\Users\peter\OneDrive\Desktop\Program Files (x69)\showdown\server\users.ts:1668:15)
    at Object.onSpawn (C:\Users\peter\OneDrive\Desktop\Program Files (x69)\showdown\server\sockets.ts:34:11)
    at processTicksAndRejections (node:internal/process/task_queues:95:5)

Error: Rule "+Past" in "[Gen 9] PeterKart 192v192 PH" already exists in "[Gen 9] PeterKart 192v192 PH"
    at DexFormats.getRuleTable (C:\Users\peter\OneDrive\Desktop\Program Files (x69)\showdown\sim\dex-formats.ts:706:12)
    at GlobalRoomState.get formatListText [as formatListText] (C:\Users\peter\OneDrive\Desktop\Program Files (x69)\showdown\server\rooms.ts:1472:34)
    at GlobalRoomState.handleConnect (C:\Users\peter\OneDrive\Desktop\Program Files (x69)\showdown\server\rooms.ts:1727:80)
    at Object.socketConnect (C:\Users\peter\OneDrive\Desktop\Program Files (x69)\showdown\server\users.ts:1668:15)
    at Object.onSpawn (C:\Users\peter\OneDrive\Desktop\Program Files (x69)\showdown\server\sockets.ts:34:11)
    at processTicksAndRejections (node:internal/process/task_queues:95:5)

Error: ENOENT: no such file or directory, stat 'C:\Users\peter\OneDrive\Desktop\Program Files (x69)\showdown\config\avatars\ezxmas.png'

Additional information:
  user = peterkart4444
  room = lobby
  pmTarget = undefined
  message = /personalavatar peterkart55555, ezxmas.png


Error: ENOENT: no such file or directory, stat 'C:\Users\peter\OneDrive\Desktop\Program Files (x69)\showdown\config\avatars\asfkmasd.png'

Additional information:
  user = peterkart4444
  room = lobby
  pmTarget = undefined
  message = /personalavatar peterkart55555, asfkmasd.png


Error: ENOENT: no such file or directory, stat 'C:\Users\peter\OneDrive\Desktop\Program Files (x69)\showdown\config\avatars\asfkmasd.png'

Additional information:
  user = peterkart4444
  room = lobby
  pmTarget = undefined
  message = /personalavatar peterkart55555, asfkmasd.png


Error: ENOENT: no such file or directory, stat 'C:\Users\peter\OneDrive\Desktop\Program Files (x69)\showdown\config\avatars\asfkmasd.png'

Additional information:
  user = peterkart4444
  room = lobby
  pmTarget = undefined
  message = /personalavatar peterkart55555, asfkmasd.png


Error: ENOENT: no such file or directory, stat 'C:\Users\peter\OneDrive\Desktop\Program Files (x69)\showdown\config\avatars\asfkmasd.png'

Additional information:
  user = peterkart4444
  room = lobby
  pmTarget = undefined
  message = /personalavatar peterkart55555, asfkmasd.png


Error: ENOENT: no such file or directory, stat 'C:\Users\peter\OneDrive\Desktop\Program Files (x69)\showdown\config\avatars\asfkmasd.png'

Additional information:
  user = peterkart4444
  room = lobby
  pmTarget = undefined
  message = /personalavatar peterkart55555, asfkmasd.png


Error: ENOENT: no such file or directory, stat 'C:\Users\peter\OneDrive\Desktop\Program Files (x69)\showdown\config\avatars\asfkmasd.png'

Additional information:
  user = peterkart4444
  room = lobby
  pmTarget = undefined
  message = /personalavatar peterkart55555, asfkmasd.png


Error [ERR_HTTP_HEADERS_SENT]: Cannot write headers after they are sent to the client
    at ServerResponse.writeHead (node:_http_server:345:11)
    at Server.finish (C:\Users\peter\OneDrive\Desktop\Program Files (x69)\showdown\node_modules\node-static\lib\node-static.js:117:19)
    at C:\Users\peter\OneDrive\Desktop\Program Files (x69)\showdown\node_modules\node-static\lib\node-static.js:94:18
    at C:\Users\peter\OneDrive\Desktop\Program Files (x69)\showdown\node_modules\node-static\lib\node-static.js:337:13
    at streamFile (C:\Users\peter\OneDrive\Desktop\Program Files (x69)\showdown\node_modules\node-static\lib\node-static.js:382:13)
    at ReadStream.<anonymous> (C:\Users\peter\OneDrive\Desktop\Program Files (x69)\showdown\node_modules\node-static\lib\node-static.js:375:17)
    at ReadStream.emit (node:events:518:28)
    at ReadStream.emit (node:domain:488:12)
    at emitCloseNT (node:internal/streams/destroy:147:10)
    at process.processTicksAndRejections (node:internal/process/task_queues:81:21)

Error: Rule "!Evasion Clause" did nothing because "Evasion Clause" is not in effect
    at DexFormats.getRuleTable (C:\Users\peter\OneDrive\Desktop\Program Files (x69)\showdown\sim\dex-formats.ts:698:12)
    at DexFormats.getRuleTable (C:\Users\peter\OneDrive\Desktop\Program Files (x69)\showdown\sim\dex-formats.ts:643:24)
    at GlobalRoomState.get formatListText [as formatListText] (C:\Users\peter\OneDrive\Desktop\Program Files (x69)\showdown\server\rooms.ts:1472:34)
    at GlobalRoomState.handleConnect (C:\Users\peter\OneDrive\Desktop\Program Files (x69)\showdown\server\rooms.ts:1727:80)
    at Object.socketConnect (C:\Users\peter\OneDrive\Desktop\Program Files (x69)\showdown\server\users.ts:1668:15)
    at Object.onSpawn (C:\Users\peter\OneDrive\Desktop\Program Files (x69)\showdown\server\sockets.ts:34:11)
    at processTicksAndRejections (node:internal/process/task_queues:95:5)

Error: Rule "!Evasion Clause" did nothing because "Evasion Clause" is not in effect
    at DexFormats.getRuleTable (C:\Users\peter\OneDrive\Desktop\Program Files (x69)\showdown\sim\dex-formats.ts:698:12)
    at DexFormats.getRuleTable (C:\Users\peter\OneDrive\Desktop\Program Files (x69)\showdown\sim\dex-formats.ts:643:24)
    at GlobalRoomState.get formatListText [as formatListText] (C:\Users\peter\OneDrive\Desktop\Program Files (x69)\showdown\server\rooms.ts:1472:34)
    at GlobalRoomState.handleConnect (C:\Users\peter\OneDrive\Desktop\Program Files (x69)\showdown\server\rooms.ts:1727:80)
    at Object.socketConnect (C:\Users\peter\OneDrive\Desktop\Program Files (x69)\showdown\server\users.ts:1668:15)
    at Object.onSpawn (C:\Users\peter\OneDrive\Desktop\Program Files (x69)\showdown\server\sockets.ts:34:11)
    at processTicksAndRejections (node:internal/process/task_queues:95:5)

Error: Rule "!Evasion Clause" did nothing because "Evasion Clause" is not in effect
    at DexFormats.getRuleTable (C:\Users\peter\OneDrive\Desktop\Program Files (x69)\showdown\sim\dex-formats.ts:698:12)
    at DexFormats.getRuleTable (C:\Users\peter\OneDrive\Desktop\Program Files (x69)\showdown\sim\dex-formats.ts:643:24)
    at GlobalRoomState.get formatListText [as formatListText] (C:\Users\peter\OneDrive\Desktop\Program Files (x69)\showdown\server\rooms.ts:1472:34)
    at GlobalRoomState.handleConnect (C:\Users\peter\OneDrive\Desktop\Program Files (x69)\showdown\server\rooms.ts:1727:80)
    at Object.socketConnect (C:\Users\peter\OneDrive\Desktop\Program Files (x69)\showdown\server\users.ts:1668:15)
    at Object.onSpawn (C:\Users\peter\OneDrive\Desktop\Program Files (x69)\showdown\server\sockets.ts:34:11)
    at processTicksAndRejections (node:internal/process/task_queues:95:5)

Error: Request timeout
    at ClientRequest.<anonymous> (C:\Users\peter\OneDrive\Desktop\Program Files (x69)\showdown\lib\net.ts:123:20)
    at Object.onceWrapper (node:events:632:28)
    at ClientRequest.emit (node:events:518:28)
    at ClientRequest.emit (node:domain:488:12)
    at TLSSocket.emitRequestTimeout (node:_http_client:845:9)
    at Object.onceWrapper (node:events:632:28)
    at TLSSocket.emit (node:events:530:35)
    at TLSSocket.emit (node:domain:488:12)
    at TLSSocket.Socket._onTimeout (node:net:589:8)
    at listOnTimeout (node:internal/timers:573:17)

Error: Request timeout
    at ClientRequest.<anonymous> (C:\Users\peter\OneDrive\Desktop\Program Files (x69)\showdown\lib\net.ts:123:20)
    at Object.onceWrapper (node:events:632:28)
    at ClientRequest.emit (node:events:518:28)
    at ClientRequest.emit (node:domain:488:12)
    at TLSSocket.emitRequestTimeout (node:_http_client:845:9)
    at Object.onceWrapper (node:events:632:28)
    at TLSSocket.emit (node:events:530:35)
    at TLSSocket.emit (node:domain:488:12)
    at TLSSocket.Socket._onTimeout (node:net:589:8)
    at listOnTimeout (node:internal/timers:573:17)

Error: Request timeout
    at ClientRequest.<anonymous> (C:\Users\peter\OneDrive\Desktop\Program Files (x69)\showdown\lib\net.ts:123:20)
    at Object.onceWrapper (node:events:632:28)
    at ClientRequest.emit (node:events:518:28)
    at ClientRequest.emit (node:domain:488:12)
    at TLSSocket.emitRequestTimeout (node:_http_client:845:9)
    at Object.onceWrapper (node:events:632:28)
    at TLSSocket.emit (node:events:530:35)
    at TLSSocket.emit (node:domain:488:12)
    at TLSSocket.Socket._onTimeout (node:net:589:8)
    at listOnTimeout (node:internal/timers:573:17)

Error: Request timeout
    at ClientRequest.<anonymous> (C:\Users\peter\OneDrive\Desktop\Program Files (x69)\showdown\lib\net.ts:123:20)
    at Object.onceWrapper (node:events:632:28)
    at ClientRequest.emit (node:events:518:28)
    at ClientRequest.emit (node:domain:488:12)
    at TLSSocket.emitRequestTimeout (node:_http_client:845:9)
    at Object.onceWrapper (node:events:632:28)
    at TLSSocket.emit (node:events:530:35)
    at TLSSocket.emit (node:domain:488:12)
    at TLSSocket.Socket._onTimeout (node:net:589:8)
    at listOnTimeout (node:internal/timers:573:17)

Error: Request timeout
    at ClientRequest.<anonymous> (C:\Users\peter\OneDrive\Desktop\Program Files (x69)\showdown\lib\net.ts:123:20)
    at Object.onceWrapper (node:events:632:28)
    at ClientRequest.emit (node:events:518:28)
    at ClientRequest.emit (node:domain:488:12)
    at TLSSocket.emitRequestTimeout (node:_http_client:845:9)
    at Object.onceWrapper (node:events:632:28)
    at TLSSocket.emit (node:events:530:35)
    at TLSSocket.emit (node:domain:488:12)
    at TLSSocket.Socket._onTimeout (node:net:589:8)
    at listOnTimeout (node:internal/timers:573:17)

Error: Request timeout
    at ClientRequest.<anonymous> (C:\Users\peter\OneDrive\Desktop\Program Files (x69)\showdown\lib\net.ts:123:20)
    at Object.onceWrapper (node:events:632:28)
    at ClientRequest.emit (node:events:518:28)
    at ClientRequest.emit (node:domain:488:12)
    at TLSSocket.emitRequestTimeout (node:_http_client:845:9)
    at Object.onceWrapper (node:events:632:28)
    at TLSSocket.emit (node:events:530:35)
    at TLSSocket.emit (node:domain:488:12)
    at TLSSocket.Socket._onTimeout (node:net:589:8)
    at listOnTimeout (node:internal/timers:573:17)

Error: bind EADDRINUSE 0.0.0.0:8000
    at listenOnPrimaryHandle (node:net:1969:18)
    at shared (node:internal/cluster/child:157:3)
    at Worker.<anonymous> (node:internal/cluster/child:110:7)
    at process.onInternalMessage (node:internal/cluster/utils:49:5)
    at process.emit (node:events:530:35)
    at process.emit (node:domain:488:12)
    at emit (node:internal/child_process:951:14)
    at process.processTicksAndRejections (node:internal/process/task_queues:83:21)

Error: IPC channel is already disconnected
    at ChildProcess.target.disconnect (node:internal/child_process:905:26)
    at StreamProcessWrapper.destroy (C:\Users\peter\OneDrive\Desktop\Program Files (x69)\showdown\lib\process-manager.ts:320:16)
    at StreamProcessWrapper.release (C:\Users\peter\OneDrive\Desktop\Program Files (x69)\showdown\lib\process-manager.ts:306:14)
    at StreamProcessManager.releaseCrashed (C:\Users\peter\OneDrive\Desktop\Program Files (x69)\showdown\lib\process-manager.ts:455:16)
    at ChildProcess.<anonymous> (C:\Users\peter\OneDrive\Desktop\Program Files (x69)\showdown\lib\process-manager.ts:512:47)
    at ChildProcess.emit (node:events:518:28)
    at ChildProcess.emit (node:domain:488:12)
    at finish (node:internal/child_process:935:14)
    at processTicksAndRejections (node:internal/process/task_queues:77:11)

Error: IPC channel is already disconnected
    at ChildProcess.target.disconnect (node:internal/child_process:905:26)
    at QueryProcessWrapper.destroy (C:\Users\peter\OneDrive\Desktop\Program Files (x69)\showdown\lib\process-manager.ts:203:16)
    at QueryProcessWrapper.release (C:\Users\peter\OneDrive\Desktop\Program Files (x69)\showdown\lib\process-manager.ts:189:9)
    at QueryProcessManager.releaseCrashed (C:\Users\peter\OneDrive\Desktop\Program Files (x69)\showdown\lib\process-manager.ts:455:16)
    at ChildProcess.<anonymous> (C:\Users\peter\OneDrive\Desktop\Program Files (x69)\showdown\lib\process-manager.ts:512:47)
    at ChildProcess.emit (node:events:518:28)
    at ChildProcess.emit (node:domain:488:12)
    at finish (node:internal/child_process:935:14)
    at processTicksAndRejections (node:internal/process/task_queues:77:11)

Error: IPC channel is already disconnected
    at ChildProcess.target.disconnect (node:internal/child_process:905:26)
    at QueryProcessWrapper.destroy (C:\Users\peter\OneDrive\Desktop\Program Files (x69)\showdown\lib\process-manager.ts:203:16)
    at QueryProcessWrapper.release (C:\Users\peter\OneDrive\Desktop\Program Files (x69)\showdown\lib\process-manager.ts:189:9)
    at QueryProcessManager.releaseCrashed (C:\Users\peter\OneDrive\Desktop\Program Files (x69)\showdown\lib\process-manager.ts:455:16)
    at ChildProcess.<anonymous> (C:\Users\peter\OneDrive\Desktop\Program Files (x69)\showdown\lib\process-manager.ts:512:47)
    at ChildProcess.emit (node:events:518:28)
    at ChildProcess.emit (node:domain:488:12)
    at finish (node:internal/child_process:935:14)
    at processTicksAndRejections (node:internal/process/task_queues:77:11)

TypeError: Cannot read properties of null (reading 'then')
    at RawProcessManager.releaseCrashed (C:\Users\peter\OneDrive\Desktop\Program Files (x69)\showdown\lib\process-manager.ts:455:24)
    at Worker.<anonymous> (C:\Users\peter\OneDrive\Desktop\Program Files (x69)\showdown\lib\process-manager.ts:512:47)
    at Worker.emit (node:events:518:28)
    at Worker.emit (node:domain:488:12)
    at ChildProcess.<anonymous> (node:internal/cluster/primary:209:12)
    at Object.onceWrapper (node:events:632:28)
    at ChildProcess.emit (node:events:518:28)
    at ChildProcess.emit (node:domain:488:12)
    at finish (node:internal/child_process:935:14)
    at processTicksAndRejections (node:internal/process/task_queues:77:11)

Error: IPC channel is already disconnected
    at ChildProcess.target.disconnect (node:internal/child_process:905:26)
    at QueryProcessWrapper.destroy (C:\Users\peter\OneDrive\Desktop\Program Files (x69)\showdown\lib\process-manager.ts:203:16)
    at QueryProcessWrapper.release (C:\Users\peter\OneDrive\Desktop\Program Files (x69)\showdown\lib\process-manager.ts:189:9)
    at SQLDatabaseManager.releaseCrashed (C:\Users\peter\OneDrive\Desktop\Program Files (x69)\showdown\lib\process-manager.ts:455:16)
    at ChildProcess.<anonymous> (C:\Users\peter\OneDrive\Desktop\Program Files (x69)\showdown\lib\process-manager.ts:512:47)
    at ChildProcess.emit (node:events:518:28)
    at ChildProcess.emit (node:domain:488:12)
    at finish (node:internal/child_process:935:14)
    at processTicksAndRejections (node:internal/process/task_queues:77:11)

Error: IPC channel is already disconnected
    at ChildProcess.target.disconnect (node:internal/child_process:905:26)
    at QueryProcessWrapper.destroy (C:\Users\peter\OneDrive\Desktop\Program Files (x69)\showdown\lib\process-manager.ts:203:16)
    at QueryProcessWrapper.release (C:\Users\peter\OneDrive\Desktop\Program Files (x69)\showdown\lib\process-manager.ts:189:9)
    at QueryProcessManager.releaseCrashed (C:\Users\peter\OneDrive\Desktop\Program Files (x69)\showdown\lib\process-manager.ts:455:16)
    at ChildProcess.<anonymous> (C:\Users\peter\OneDrive\Desktop\Program Files (x69)\showdown\lib\process-manager.ts:512:47)
    at ChildProcess.emit (node:events:518:28)
    at ChildProcess.emit (node:domain:488:12)
    at finish (node:internal/child_process:935:14)
    at processTicksAndRejections (node:internal/process/task_queues:77:11)

Error: IPC channel is already disconnected
    at ChildProcess.target.disconnect (node:internal/child_process:905:26)
    at QueryProcessWrapper.destroy (C:\Users\peter\OneDrive\Desktop\Program Files (x69)\showdown\lib\process-manager.ts:203:16)
    at QueryProcessWrapper.release (C:\Users\peter\OneDrive\Desktop\Program Files (x69)\showdown\lib\process-manager.ts:189:9)
    at QueryProcessManager.releaseCrashed (C:\Users\peter\OneDrive\Desktop\Program Files (x69)\showdown\lib\process-manager.ts:455:16)
    at ChildProcess.<anonymous> (C:\Users\peter\OneDrive\Desktop\Program Files (x69)\showdown\lib\process-manager.ts:512:47)
    at ChildProcess.emit (node:events:518:28)
    at ChildProcess.emit (node:domain:488:12)
    at finish (node:internal/child_process:935:14)
    at processTicksAndRejections (node:internal/process/task_queues:77:11)

Error: IPC channel is already disconnected
    at ChildProcess.target.disconnect (node:internal/child_process:905:26)
    at QueryProcessWrapper.destroy (C:\Users\peter\OneDrive\Desktop\Program Files (x69)\showdown\lib\process-manager.ts:203:16)
    at QueryProcessWrapper.release (C:\Users\peter\OneDrive\Desktop\Program Files (x69)\showdown\lib\process-manager.ts:189:9)
    at QueryProcessManager.releaseCrashed (C:\Users\peter\OneDrive\Desktop\Program Files (x69)\showdown\lib\process-manager.ts:455:16)
    at ChildProcess.<anonymous> (C:\Users\peter\OneDrive\Desktop\Program Files (x69)\showdown\lib\process-manager.ts:512:47)
    at ChildProcess.emit (node:events:518:28)
    at ChildProcess.emit (node:domain:488:12)
    at finish (node:internal/child_process:935:14)
    at processTicksAndRejections (node:internal/process/task_queues:77:11)

Error: Request timeout
    at ClientRequest.<anonymous> (C:\Users\peter\OneDrive\Desktop\Program Files (x69)\showdown\lib\net.ts:123:20)
    at Object.onceWrapper (node:events:632:28)
    at ClientRequest.emit (node:events:518:28)
    at ClientRequest.emit (node:domain:488:12)
    at TLSSocket.emitRequestTimeout (node:_http_client:845:9)
    at Object.onceWrapper (node:events:632:28)
    at TLSSocket.emit (node:events:530:35)
    at TLSSocket.emit (node:domain:488:12)
    at TLSSocket.Socket._onTimeout (node:net:589:8)
    at listOnTimeout (node:internal/timers:573:17)

Error: Request timeout
    at ClientRequest.<anonymous> (C:\Users\peter\OneDrive\Desktop\Program Files (x69)\showdown\lib\net.ts:123:20)
    at Object.onceWrapper (node:events:632:28)
    at ClientRequest.emit (node:events:518:28)
    at ClientRequest.emit (node:domain:488:12)
    at TLSSocket.emitRequestTimeout (node:_http_client:845:9)
    at Object.onceWrapper (node:events:632:28)
    at TLSSocket.emit (node:events:530:35)
    at TLSSocket.emit (node:domain:488:12)
    at TLSSocket.Socket._onTimeout (node:net:589:8)
    at listOnTimeout (node:internal/timers:573:17)

Error [ERR_HTTP_HEADERS_SENT]: Cannot write headers after they are sent to the client
    at ServerResponse.writeHead (node:_http_server:345:11)
    at Server.finish (C:\Users\peter\OneDrive\Desktop\Program Files (x69)\showdown\node_modules\node-static\lib\node-static.js:117:19)
    at C:\Users\peter\OneDrive\Desktop\Program Files (x69)\showdown\node_modules\node-static\lib\node-static.js:94:18
    at C:\Users\peter\OneDrive\Desktop\Program Files (x69)\showdown\node_modules\node-static\lib\node-static.js:337:13
    at streamFile (C:\Users\peter\OneDrive\Desktop\Program Files (x69)\showdown\node_modules\node-static\lib\node-static.js:382:13)
    at ReadStream.<anonymous> (C:\Users\peter\OneDrive\Desktop\Program Files (x69)\showdown\node_modules\node-static\lib\node-static.js:375:17)
    at ReadStream.emit (node:events:518:28)
    at ReadStream.emit (node:domain:488:12)
    at emitCloseNT (node:internal/streams/destroy:147:10)
    at process.processTicksAndRejections (node:internal/process/task_queues:81:21)

Error: getaddrinfo ENOTFOUND pokemonshowdown.com
    at GetAddrInfoReqWrap.onlookupall [as oncomplete] (node:dns:118:26)

Error: getaddrinfo ENOTFOUND pokemonshowdown.com
    at GetAddrInfoReqWrap.onlookupall [as oncomplete] (node:dns:118:26)

Error: getaddrinfo ENOTFOUND pokemonshowdown.com
    at GetAddrInfoReqWrap.onlookupall [as oncomplete] (node:dns:118:26)

Error: getaddrinfo ENOTFOUND pokemonshowdown.com
    at GetAddrInfoReqWrap.onlookupall [as oncomplete] (node:dns:118:26)

Error: getaddrinfo ENOTFOUND pokemonshowdown.com
    at GetAddrInfoReqWrap.onlookupall [as oncomplete] (node:dns:118:26)

Error: getaddrinfo ENOTFOUND pokemonshowdown.com
    at GetAddrInfoReqWrap.onlookupall [as oncomplete] (node:dns:118:26)

Error: write EPROTO 7C420000:error:0A00010B:SSL routines:ssl3_get_record:wrong version number:c:\ws\deps\openssl\openssl\ssl\record\ssl3_record.c:355:

    at WriteWrap.onWriteComplete [as oncomplete] (node:internal/stream_base_commons:94:16)

Error: write EPROTO 7C420000:error:0A00010B:SSL routines:ssl3_get_record:wrong version number:c:\ws\deps\openssl\openssl\ssl\record\ssl3_record.c:355:

    at WriteWrap.onWriteComplete [as oncomplete] (node:internal/stream_base_commons:94:16)

Error: write EPROTO 7C420000:error:0A00010B:SSL routines:ssl3_get_record:wrong version number:c:\ws\deps\openssl\openssl\ssl\record\ssl3_record.c:355:

    at WriteWrap.onWriteComplete [as oncomplete] (node:internal/stream_base_commons:94:16)

Error: write EPROTO 7C420000:error:0A00010B:SSL routines:ssl3_get_record:wrong version number:c:\ws\deps\openssl\openssl\ssl\record\ssl3_record.c:355:

    at WriteWrap.onWriteComplete [as oncomplete] (node:internal/stream_base_commons:94:16)

Error: write EPROTO 7C420000:error:0A00010B:SSL routines:ssl3_get_record:wrong version number:c:\ws\deps\openssl\openssl\ssl\record\ssl3_record.c:355:

    at WriteWrap.onWriteComplete [as oncomplete] (node:internal/stream_base_commons:94:16)

Error: write EPROTO 7C420000:error:0A00010B:SSL routines:ssl3_get_record:wrong version number:c:\ws\deps\openssl\openssl\ssl\record\ssl3_record.c:355:

    at WriteWrap.onWriteComplete [as oncomplete] (node:internal/stream_base_commons:94:16)

TypeError: Cannot read properties of null (reading 'then')
    at RawProcessManager.releaseCrashed (C:\Users\peter\OneDrive\Desktop\Program Files (x69)\showdown\lib\process-manager.ts:455:24)
    at Worker.<anonymous> (C:\Users\peter\OneDrive\Desktop\Program Files (x69)\showdown\lib\process-manager.ts:512:47)
    at Worker.emit (node:events:518:28)
    at Worker.emit (node:domain:488:12)
    at ChildProcess.<anonymous> (node:internal/cluster/primary:209:12)
    at Object.onceWrapper (node:events:632:28)
    at ChildProcess.emit (node:events:518:28)
    at ChildProcess.emit (node:domain:488:12)
    at finish (node:internal/child_process:935:14)
    at processTicksAndRejections (node:internal/process/task_queues:77:11)

Error: IPC channel is already disconnected
    at ChildProcess.target.disconnect (node:internal/child_process:905:26)
    at QueryProcessWrapper.destroy (C:\Users\peter\OneDrive\Desktop\Program Files (x69)\showdown\lib\process-manager.ts:203:16)
    at QueryProcessWrapper.release (C:\Users\peter\OneDrive\Desktop\Program Files (x69)\showdown\lib\process-manager.ts:189:9)
    at QueryProcessManager.releaseCrashed (C:\Users\peter\OneDrive\Desktop\Program Files (x69)\showdown\lib\process-manager.ts:455:16)
    at ChildProcess.<anonymous> (C:\Users\peter\OneDrive\Desktop\Program Files (x69)\showdown\lib\process-manager.ts:512:47)
    at ChildProcess.emit (node:events:518:28)
    at ChildProcess.emit (node:domain:488:12)
    at finish (node:internal/child_process:935:14)
    at processTicksAndRejections (node:internal/process/task_queues:77:11)

Error: IPC channel is already disconnected
    at ChildProcess.target.disconnect (node:internal/child_process:905:26)
    at StreamProcessWrapper.destroy (C:\Users\peter\OneDrive\Desktop\Program Files (x69)\showdown\lib\process-manager.ts:320:16)
    at StreamProcessWrapper.release (C:\Users\peter\OneDrive\Desktop\Program Files (x69)\showdown\lib\process-manager.ts:306:14)
    at StreamProcessManager.releaseCrashed (C:\Users\peter\OneDrive\Desktop\Program Files (x69)\showdown\lib\process-manager.ts:455:16)
    at ChildProcess.<anonymous> (C:\Users\peter\OneDrive\Desktop\Program Files (x69)\showdown\lib\process-manager.ts:512:47)
    at ChildProcess.emit (node:events:518:28)
    at ChildProcess.emit (node:domain:488:12)
    at finish (node:internal/child_process:935:14)
    at processTicksAndRejections (node:internal/process/task_queues:77:11)

Error: IPC channel is already disconnected
    at ChildProcess.target.disconnect (node:internal/child_process:905:26)
    at QueryProcessWrapper.destroy (C:\Users\peter\OneDrive\Desktop\Program Files (x69)\showdown\lib\process-manager.ts:203:16)
    at QueryProcessWrapper.release (C:\Users\peter\OneDrive\Desktop\Program Files (x69)\showdown\lib\process-manager.ts:189:9)
    at SQLDatabaseManager.releaseCrashed (C:\Users\peter\OneDrive\Desktop\Program Files (x69)\showdown\lib\process-manager.ts:455:16)
    at ChildProcess.<anonymous> (C:\Users\peter\OneDrive\Desktop\Program Files (x69)\showdown\lib\process-manager.ts:512:47)
    at ChildProcess.emit (node:events:518:28)
    at ChildProcess.emit (node:domain:488:12)
    at finish (node:internal/child_process:935:14)
    at processTicksAndRejections (node:internal/process/task_queues:77:11)

Error: IPC channel is already disconnected
    at ChildProcess.target.disconnect (node:internal/child_process:905:26)
    at QueryProcessWrapper.destroy (C:\Users\peter\OneDrive\Desktop\Program Files (x69)\showdown\lib\process-manager.ts:203:16)
    at QueryProcessWrapper.release (C:\Users\peter\OneDrive\Desktop\Program Files (x69)\showdown\lib\process-manager.ts:189:9)
    at QueryProcessManager.releaseCrashed (C:\Users\peter\OneDrive\Desktop\Program Files (x69)\showdown\lib\process-manager.ts:455:16)
    at ChildProcess.<anonymous> (C:\Users\peter\OneDrive\Desktop\Program Files (x69)\showdown\lib\process-manager.ts:512:47)
    at ChildProcess.emit (node:events:518:28)
    at ChildProcess.emit (node:domain:488:12)
    at finish (node:internal/child_process:935:14)
    at processTicksAndRejections (node:internal/process/task_queues:77:11)

Error: IPC channel is already disconnected
    at ChildProcess.target.disconnect (node:internal/child_process:905:26)
    at StreamProcessWrapper.destroy (C:\Users\peter\OneDrive\Desktop\Program Files (x69)\showdown\lib\process-manager.ts:320:16)
    at StreamProcessWrapper.release (C:\Users\peter\OneDrive\Desktop\Program Files (x69)\showdown\lib\process-manager.ts:306:14)
    at StreamProcessManager.releaseCrashed (C:\Users\peter\OneDrive\Desktop\Program Files (x69)\showdown\lib\process-manager.ts:455:16)
    at ChildProcess.<anonymous> (C:\Users\peter\OneDrive\Desktop\Program Files (x69)\showdown\lib\process-manager.ts:512:47)
    at ChildProcess.emit (node:events:518:28)
    at ChildProcess.emit (node:domain:488:12)
    at finish (node:internal/child_process:935:14)
    at processTicksAndRejections (node:internal/process/task_queues:77:11)
